###############################################################################
#
# IAR ELF Linker V8.40.1.212/W32 for ARM                  19/Oct/2020  00:54:55
# Copyright 2007-2019 IAR Systems AB.
#
#    Output file  =  B:\ducda\Documents\IAR\F407\DMA_ADC\Debug\Exe\project0.out
#    Map file     =
#        B:\ducda\Documents\IAR\F407\DMA_ADC\Debug\List\project0.map
#    Command line =
#        -f C:\Users\ducda\AppData\Local\Temp\EW2DAA.tmp
#        (B:\ducda\Documents\IAR\F407\DMA_ADC\Debug\Obj\Delay.o
#        B:\ducda\Documents\IAR\F407\DMA_ADC\Debug\Obj\main.o
#        B:\ducda\Documents\IAR\F407\DMA_ADC\Debug\Obj\misc.o
#        B:\ducda\Documents\IAR\F407\DMA_ADC\Debug\Obj\startup_stm32f4xx.o
#        B:\ducda\Documents\IAR\F407\DMA_ADC\Debug\Obj\stm32f4xx_adc.o
#        B:\ducda\Documents\IAR\F407\DMA_ADC\Debug\Obj\stm32f4xx_can.o
#        B:\ducda\Documents\IAR\F407\DMA_ADC\Debug\Obj\stm32f4xx_crc.o
#        B:\ducda\Documents\IAR\F407\DMA_ADC\Debug\Obj\stm32f4xx_cryp.o
#        B:\ducda\Documents\IAR\F407\DMA_ADC\Debug\Obj\stm32f4xx_cryp_aes.o
#        B:\ducda\Documents\IAR\F407\DMA_ADC\Debug\Obj\stm32f4xx_cryp_des.o
#        B:\ducda\Documents\IAR\F407\DMA_ADC\Debug\Obj\stm32f4xx_cryp_tdes.o
#        B:\ducda\Documents\IAR\F407\DMA_ADC\Debug\Obj\stm32f4xx_dac.o
#        B:\ducda\Documents\IAR\F407\DMA_ADC\Debug\Obj\stm32f4xx_dbgmcu.o
#        B:\ducda\Documents\IAR\F407\DMA_ADC\Debug\Obj\stm32f4xx_dcmi.o
#        B:\ducda\Documents\IAR\F407\DMA_ADC\Debug\Obj\stm32f4xx_dma.o
#        B:\ducda\Documents\IAR\F407\DMA_ADC\Debug\Obj\stm32f4xx_exti.o
#        B:\ducda\Documents\IAR\F407\DMA_ADC\Debug\Obj\stm32f4xx_flash.o
#        B:\ducda\Documents\IAR\F407\DMA_ADC\Debug\Obj\stm32f4xx_fsmc.o
#        B:\ducda\Documents\IAR\F407\DMA_ADC\Debug\Obj\stm32f4xx_gpio.o
#        B:\ducda\Documents\IAR\F407\DMA_ADC\Debug\Obj\stm32f4xx_hash.o
#        B:\ducda\Documents\IAR\F407\DMA_ADC\Debug\Obj\stm32f4xx_hash_md5.o
#        B:\ducda\Documents\IAR\F407\DMA_ADC\Debug\Obj\stm32f4xx_hash_sha1.o
#        B:\ducda\Documents\IAR\F407\DMA_ADC\Debug\Obj\stm32f4xx_i2c.o
#        B:\ducda\Documents\IAR\F407\DMA_ADC\Debug\Obj\stm32f4xx_iwdg.o
#        B:\ducda\Documents\IAR\F407\DMA_ADC\Debug\Obj\stm32f4xx_pwr.o
#        B:\ducda\Documents\IAR\F407\DMA_ADC\Debug\Obj\stm32f4xx_rcc.o
#        B:\ducda\Documents\IAR\F407\DMA_ADC\Debug\Obj\stm32f4xx_rng.o
#        B:\ducda\Documents\IAR\F407\DMA_ADC\Debug\Obj\stm32f4xx_rtc.o
#        B:\ducda\Documents\IAR\F407\DMA_ADC\Debug\Obj\stm32f4xx_sdio.o
#        B:\ducda\Documents\IAR\F407\DMA_ADC\Debug\Obj\stm32f4xx_spi.o
#        B:\ducda\Documents\IAR\F407\DMA_ADC\Debug\Obj\stm32f4xx_syscfg.o
#        B:\ducda\Documents\IAR\F407\DMA_ADC\Debug\Obj\stm32f4xx_tim.o
#        B:\ducda\Documents\IAR\F407\DMA_ADC\Debug\Obj\stm32f4xx_usart.o
#        B:\ducda\Documents\IAR\F407\DMA_ADC\Debug\Obj\stm32f4xx_wwdg.o
#        B:\ducda\Documents\IAR\F407\DMA_ADC\Debug\Obj\system_stm32f4xx.o
#        --no_out_extension -o
#        B:\ducda\Documents\IAR\F407\DMA_ADC\Debug\Exe\project0.out --map
#        B:\ducda\Documents\IAR\F407\DMA_ADC\Debug\List\project0.map --config
#        "B:\Program Files (x86)\IAR Systems\Embedded Workbench
#        8.3\arm\config\linker\ST\stm32f407xE.icf" --semihosting --entry
#        __iar_program_start --vfe --text_out locale)
#
###############################################################################

*******************************************************************************
*** RUNTIME MODEL ATTRIBUTES
***

CppFlavor       = *
__SystemLibrary = DLib
__dlib_version  = 6


*******************************************************************************
*** HEAP SELECTION
***

The basic heap was selected because no calls to memory allocation
functions were found in the application outside of system library
functions, and there are calls to deallocation functions in the
application.


*******************************************************************************
*** PLACEMENT SUMMARY
***

"A0":  place at address 0x800'0000 { ro section .intvec };
"P1":  place in [from 0x800'0000 to 0x807'ffff] { ro };
define block CSTACK with size = 8K, alignment = 8 { };
define block HEAP with size = 8K, alignment = 8 { };
"P4":  place in [from 0x2000'0000 to 0x2001'bfff] |
                [from 0x2001'c000 to 0x2001'ffff] {
          rw, block CSTACK, block HEAP };
initialize by copy { rw };

No sections matched the following patterns:

  ro section application_specific_ro  in "P2"
  section .backup_sram                in "P5"
  section .ccram                      in "P3"


  Section            Kind         Address    Size  Object
  -------            ----         -------    ----  ------
"A0":                                       0x188
  .intvec            ro code   0x800'0000   0x188  startup_stm32f4xx.o [1]
                             - 0x800'0188   0x188

"P1":                                       0xc6c
  .text              ro code   0x800'0188   0x1c8  stm32f4xx_adc.o [1]
  .text              ro code   0x800'0350    0x60  stm32f4xx_rcc.o [1]
  .text              ro code   0x800'03b0   0x1b0  main.o [1]
  .text              ro code   0x800'0560   0x124  system_stm32f4xx.o [1]
  .text              ro code   0x800'0684    0xca  stm32f4xx_gpio.o [1]
  .text              ro code   0x800'074e    0x2e  copy_init3.o [4]
  .text              ro code   0x800'077c    0x28  printf.o [2]
  .text              ro code   0x800'07a4    0xa4  Delay.o [1]
  .text              ro code   0x800'0848    0x74  stm32f4xx_dma.o [1]
  .text              ro code   0x800'08bc   0x134  xprintftiny.o [2]
  .text              ro code   0x800'09f0    0x36  strlen.o [4]
  .text              ro code   0x800'0a28    0x7c  iarttio.o [5]
  .text              ro code   0x800'0aa4    0x3c  XShttio.o [2]
  .text              ro code   0x800'0ae0    0x28  data_init.o [4]
  .text              ro code   0x800'0b08    0x22  fpinit_M.o [3]
  .text              ro code   0x800'0b2a    0x22  iarwrite.o [5]
  .iar.init_table    const     0x800'0b4c    0x14  - Linker created -
  .text              ro code   0x800'0b60    0x20  putchar.o [2]
  .text              ro code   0x800'0b80    0x10  write.o [5]
  .text              ro code   0x800'0b90    0x1e  dwrite.o [5]
  .text              ro code   0x800'0bae    0x20  iarwstd.o [5]
  .text              ro code   0x800'0bd0    0x1e  cmain.o [4]
  .text              ro code   0x800'0bee     0x4  low_level_init.o [2]
  .text              ro code   0x800'0bf2     0x4  exit.o [2]
  .text              ro code   0x800'0bf8     0xa  cexit.o [4]
  .text              ro code   0x800'0c04    0x14  exit.o [5]
  .text              ro code   0x800'0c18    0x16  xprout.o [2]
  .rodata            const     0x800'0c30    0x10  main.o [1]
  .rodata            const     0x800'0c40    0x10  main.o [1]
  .text              ro code   0x800'0c50    0x10  startup_stm32f4xx.o [1]
  .text              ro code   0x800'0c60     0xc  cstartup_M.o [4]
  .text              ro code   0x800'0c6c     0x4  startup_stm32f4xx.o [1]
  .text              ro code   0x800'0c70     0x4  startup_stm32f4xx.o [1]
  .text              ro code   0x800'0c74     0x4  startup_stm32f4xx.o [1]
  .text              ro code   0x800'0c78     0x4  startup_stm32f4xx.o [1]
  .text              ro code   0x800'0c7c     0x4  startup_stm32f4xx.o [1]
  .text              ro code   0x800'0c80     0x4  startup_stm32f4xx.o [1]
  .text              ro code   0x800'0c84     0x4  startup_stm32f4xx.o [1]
  .text              ro code   0x800'0c88     0x4  startup_stm32f4xx.o [1]
  .text              ro code   0x800'0c8c     0x4  startup_stm32f4xx.o [1]
  .text              ro code   0x800'0c90     0x4  startup_stm32f4xx.o [1]
  .text              ro code   0x800'0c94     0x4  startup_stm32f4xx.o [1]
  .text              ro code   0x800'0c98     0x4  startup_stm32f4xx.o [1]
  .text              ro code   0x800'0c9c     0x4  startup_stm32f4xx.o [1]
  .text              ro code   0x800'0ca0     0x4  startup_stm32f4xx.o [1]
  .text              ro code   0x800'0ca4     0x4  startup_stm32f4xx.o [1]
  .text              ro code   0x800'0ca8     0x4  startup_stm32f4xx.o [1]
  .text              ro code   0x800'0cac     0x4  startup_stm32f4xx.o [1]
  .text              ro code   0x800'0cb0     0x4  startup_stm32f4xx.o [1]
  .text              ro code   0x800'0cb4     0x4  startup_stm32f4xx.o [1]
  .text              ro code   0x800'0cb8     0x4  startup_stm32f4xx.o [1]
  .text              ro code   0x800'0cbc     0x4  startup_stm32f4xx.o [1]
  .text              ro code   0x800'0cc0     0x4  startup_stm32f4xx.o [1]
  .text              ro code   0x800'0cc4     0x4  startup_stm32f4xx.o [1]
  .text              ro code   0x800'0cc8     0x4  startup_stm32f4xx.o [1]
  .text              ro code   0x800'0ccc     0x4  startup_stm32f4xx.o [1]
  .text              ro code   0x800'0cd0     0x4  startup_stm32f4xx.o [1]
  .text              ro code   0x800'0cd4     0x4  startup_stm32f4xx.o [1]
  .text              ro code   0x800'0cd8     0x4  startup_stm32f4xx.o [1]
  .text              ro code   0x800'0cdc     0x4  startup_stm32f4xx.o [1]
  .text              ro code   0x800'0ce0     0x4  startup_stm32f4xx.o [1]
  .text              ro code   0x800'0ce4     0x4  startup_stm32f4xx.o [1]
  .text              ro code   0x800'0ce8     0x4  startup_stm32f4xx.o [1]
  .text              ro code   0x800'0cec     0x4  startup_stm32f4xx.o [1]
  .text              ro code   0x800'0cf0     0x4  startup_stm32f4xx.o [1]
  .text              ro code   0x800'0cf4     0x4  startup_stm32f4xx.o [1]
  .text              ro code   0x800'0cf8     0x4  startup_stm32f4xx.o [1]
  .text              ro code   0x800'0cfc     0x4  startup_stm32f4xx.o [1]
  .text              ro code   0x800'0d00     0x4  startup_stm32f4xx.o [1]
  .text              ro code   0x800'0d04     0x4  startup_stm32f4xx.o [1]
  .text              ro code   0x800'0d08     0x4  startup_stm32f4xx.o [1]
  .text              ro code   0x800'0d0c     0x4  startup_stm32f4xx.o [1]
  .text              ro code   0x800'0d10     0x4  startup_stm32f4xx.o [1]
  .text              ro code   0x800'0d14     0x4  startup_stm32f4xx.o [1]
  .text              ro code   0x800'0d18     0x4  startup_stm32f4xx.o [1]
  .text              ro code   0x800'0d1c     0x4  startup_stm32f4xx.o [1]
  .text              ro code   0x800'0d20     0x4  startup_stm32f4xx.o [1]
  .text              ro code   0x800'0d24     0x4  startup_stm32f4xx.o [1]
  .text              ro code   0x800'0d28     0x4  startup_stm32f4xx.o [1]
  .text              ro code   0x800'0d2c     0x4  startup_stm32f4xx.o [1]
  .text              ro code   0x800'0d30     0x4  startup_stm32f4xx.o [1]
  .text              ro code   0x800'0d34     0x4  startup_stm32f4xx.o [1]
  .text              ro code   0x800'0d38     0x4  startup_stm32f4xx.o [1]
  .text              ro code   0x800'0d3c     0x4  startup_stm32f4xx.o [1]
  .text              ro code   0x800'0d40     0x4  startup_stm32f4xx.o [1]
  .text              ro code   0x800'0d44     0x4  startup_stm32f4xx.o [1]
  .text              ro code   0x800'0d48     0x4  startup_stm32f4xx.o [1]
  .text              ro code   0x800'0d4c     0x4  startup_stm32f4xx.o [1]
  .text              ro code   0x800'0d50     0x4  startup_stm32f4xx.o [1]
  .text              ro code   0x800'0d54     0x4  startup_stm32f4xx.o [1]
  .text              ro code   0x800'0d58     0x4  startup_stm32f4xx.o [1]
  .text              ro code   0x800'0d5c     0x4  startup_stm32f4xx.o [1]
  .text              ro code   0x800'0d60     0x4  startup_stm32f4xx.o [1]
  .text              ro code   0x800'0d64     0x4  startup_stm32f4xx.o [1]
  .text              ro code   0x800'0d68     0x4  startup_stm32f4xx.o [1]
  .text              ro code   0x800'0d6c     0x4  startup_stm32f4xx.o [1]
  .text              ro code   0x800'0d70     0x4  startup_stm32f4xx.o [1]
  .text              ro code   0x800'0d74     0x4  startup_stm32f4xx.o [1]
  .text              ro code   0x800'0d78     0x4  startup_stm32f4xx.o [1]
  .text              ro code   0x800'0d7c     0x4  startup_stm32f4xx.o [1]
  .text              ro code   0x800'0d80     0x4  startup_stm32f4xx.o [1]
  .text              ro code   0x800'0d84     0x4  startup_stm32f4xx.o [1]
  .text              ro code   0x800'0d88     0x4  startup_stm32f4xx.o [1]
  .text              ro code   0x800'0d8c     0x4  startup_stm32f4xx.o [1]
  .text              ro code   0x800'0d90     0x4  startup_stm32f4xx.o [1]
  .text              ro code   0x800'0d94     0x4  startup_stm32f4xx.o [1]
  .text              ro code   0x800'0d98     0x4  startup_stm32f4xx.o [1]
  .text              ro code   0x800'0d9c     0x4  startup_stm32f4xx.o [1]
  .text              ro code   0x800'0da0     0x4  startup_stm32f4xx.o [1]
  .text              ro code   0x800'0da4     0x4  startup_stm32f4xx.o [1]
  .text              ro code   0x800'0da8     0x4  startup_stm32f4xx.o [1]
  .text              ro code   0x800'0dac     0x4  startup_stm32f4xx.o [1]
  .text              ro code   0x800'0db0     0x4  startup_stm32f4xx.o [1]
  .text              ro code   0x800'0db4     0x4  startup_stm32f4xx.o [1]
  .text              ro code   0x800'0db8     0x4  startup_stm32f4xx.o [1]
  .text              ro code   0x800'0dbc     0x4  startup_stm32f4xx.o [1]
  .text              ro code   0x800'0dc0     0x4  startup_stm32f4xx.o [1]
  .text              ro code   0x800'0dc4     0x4  startup_stm32f4xx.o [1]
  .text              ro code   0x800'0dc8     0x4  startup_stm32f4xx.o [1]
  .text              ro code   0x800'0dcc     0x4  startup_stm32f4xx.o [1]
  .text              ro code   0x800'0dd0     0x4  startup_stm32f4xx.o [1]
  .rodata            const     0x800'0dd4     0x0  copy_init3.o [4]
  Initializer bytes  const     0x800'0dd4    0x20  <for P4 s0>
                             - 0x800'0df4   0xc6c

"P4", part 1 of 2:                           0x20
  P4 s0                       0x2000'0000    0x20  <Init block>
    .data            inited   0x2000'0000     0x8  XShttio.o [2]
    .data            inited   0x2000'0008     0x4  system_stm32f4xx.o [1]
    .bss             inited   0x2000'000c     0x4  Delay.o [1]
    .bss             inited   0x2000'0010     0x4  main.o [1]
    .bss             inited   0x2000'0014     0x4  main.o [1]
    .bss             inited   0x2000'0018     0x4  main.o [1]
    .bss             inited   0x2000'001c     0x1  XShttio.o [2]
                            - 0x2000'0020    0x20

"P4", part 2 of 2:                         0x2000
  CSTACK                      0x2000'0020  0x2000  <Block>
    CSTACK           uninit   0x2000'0020  0x2000  <Block tail>
                            - 0x2000'2020  0x2000

Unused ranges:

         From           To      Size
         ----           --      ----
   0x800'0df4   0x807'ffff  0x7'f20c
  0x2000'2020  0x2001'bfff  0x1'9fe0
  0x2001'c000  0x2001'ffff    0x4000


*******************************************************************************
*** INIT TABLE
***

          Address      Size
          -------      ----
Copy (__iar_copy_init3)
    1 source range, total size 0x20 (110% of destination):
           0x800'0dd4  0x20
    1 destination range, total size 0x1d:
          0x2000'0000  0x1d



*******************************************************************************
*** MODULE SUMMARY
***

    Module               ro code  ro data  rw data
    ------               -------  -------  -------
command line/config:
    ----------------------------------------------
    Total:

B:\ducda\Documents\IAR\F407\DMA_ADC\Debug\Obj: [1]
    Delay.o                  164        4        4
    main.o                   432       44       12
    startup_stm32f4xx.o      768
    stm32f4xx_adc.o          456
    stm32f4xx_dma.o          116
    stm32f4xx_gpio.o         202
    stm32f4xx_rcc.o           96
    system_stm32f4xx.o       292        4        4
    ----------------------------------------------
    Total:                 2'526       52       20

dl7M_tln.a: [2]
    XShttio.o                 60        9        9
    exit.o                     4
    low_level_init.o           4
    printf.o                  40
    putchar.o                 32
    xprintftiny.o            308
    xprout.o                  22
    ----------------------------------------------
    Total:                   470        9        9

m7M_tls.a: [3]
    fpinit_M.o                34
    ----------------------------------------------
    Total:                    34

rt7M_tl.a: [4]
    cexit.o                   10
    cmain.o                   30
    copy_init3.o              46
    cstartup_M.o              12
    data_init.o               40
    strlen.o                  54
    ----------------------------------------------
    Total:                   192

shb_l.a: [5]
    dwrite.o                  30
    exit.o                    20
    iarttio.o                124
    iarwrite.o                34
    iarwstd.o                 32
    write.o                   16
    ----------------------------------------------
    Total:                   256

    Gaps                       8        2
    Linker created                     23    8'192
--------------------------------------------------
    Grand Total:           3'486       86    8'221


*******************************************************************************
*** ENTRY LIST
***

Entry                       Address   Size  Type      Object
-----                       -------   ----  ----      ------
.iar.init_table$$Base    0x800'0b4c          --   Gb  - Linker created -
.iar.init_table$$Limit   0x800'0b60          --   Gb  - Linker created -
?main                    0x800'0bd1         Code  Gb  cmain.o [4]
ADCComvertedValue       0x2000'0010    0x4  Data  Gb  main.o [1]
ADC_Cmd                  0x800'020d   0x1a  Code  Gb  stm32f4xx_adc.o [1]
ADC_CommonInit           0x800'01eb   0x22  Code  Gb  stm32f4xx_adc.o [1]
ADC_Config               0x800'0433  0x104  Code  Gb  main.o [1]
ADC_DMACmd               0x800'030b   0x1a  Code  Gb  stm32f4xx_adc.o [1]
ADC_DMARequestAfterLastTransferCmd
                         0x800'0325   0x1a  Code  Gb  stm32f4xx_adc.o [1]
ADC_DeInit               0x800'0189   0x18  Code  Gb  stm32f4xx_adc.o [1]
ADC_GetConversionValue   0x800'0305    0x6  Code  Gb  stm32f4xx_adc.o [1]
ADC_Init                 0x800'01a1   0x4a  Code  Gb  stm32f4xx_adc.o [1]
ADC_RegularChannelConfig
                         0x800'0227   0xd4  Code  Gb  stm32f4xx_adc.o [1]
ADC_SoftwareStartConv    0x800'02fb    0xa  Code  Gb  stm32f4xx_adc.o [1]
Analog                  0x2000'0018    0x4  Data  Gb  main.o [1]
CSTACK$$Base            0x2000'0020          --   Gb  - Linker created -
CSTACK$$Limit           0x2000'2020          --   Gb  - Linker created -
DMA_Cmd                  0x800'089d   0x1a  Code  Gb  stm32f4xx_dma.o [1]
DMA_Init                 0x800'0849   0x54  Code  Gb  stm32f4xx_dma.o [1]
Delay                    0x800'07f7   0x26  Code  Gb  Delay.o [1]
GPIO_Init                0x800'0685   0xa8  Code  Gb  stm32f4xx_gpio.o [1]
GPIO_Setup               0x800'0409   0x2a  Code  Gb  main.o [1]
GPIO_StructInit          0x800'072d   0x18  Code  Gb  stm32f4xx_gpio.o [1]
GPIO_ToggleBits          0x800'0745    0xa  Code  Gb  stm32f4xx_gpio.o [1]
RCC_AHB1PeriphClockCmd   0x800'0351   0x1c  Code  Gb  stm32f4xx_rcc.o [1]
RCC_APB2PeriphClockCmd   0x800'036d   0x1c  Code  Gb  stm32f4xx_rcc.o [1]
RCC_APB2PeriphResetCmd   0x800'0389   0x1c  Code  Gb  stm32f4xx_rcc.o [1]
Region$$Table$$Base      0x800'0b4c          --   Gb  - Linker created -
Region$$Table$$Limit     0x800'0b60          --   Gb  - Linker created -
SetSysClock              0x800'05a7   0xaa  Code  Lc  system_stm32f4xx.o [1]
SysTick_Config           0x800'07c9   0x2e  Code  Lc  Delay.o [1]
SysTick_Handler          0x800'081d   0x10  Code  Gb  Delay.o [1]
SystemCoreClock         0x2000'0008    0x4  Data  Gb  system_stm32f4xx.o [1]
SystemInit               0x800'0561   0x46  Code  Gb  system_stm32f4xx.o [1]
TimingDelay             0x2000'000c    0x4  Data  Lc  Delay.o [1]
Voltage                 0x2000'0014    0x4  Data  Gb  main.o [1]
_PrintfTiny              0x800'08d5  0x11c  Code  Gb  xprintftiny.o [2]
_Prout                   0x800'0c19   0x16  Code  Gb  xprout.o [2]
__NVIC_SetPriority       0x800'07a5   0x24  Code  Lc  Delay.o [1]
__cmain                  0x800'0bd1         Code  Gb  cmain.o [4]
__dwrite                 0x800'0b91   0x1e  Code  Gb  dwrite.o [5]
__exit                   0x800'0c05   0x14  Code  Gb  exit.o [5]
__iar_close_ttio         0x800'0a29   0x2c  Code  Gb  iarttio.o [5]
__iar_copy_init3         0x800'074f   0x2e  Code  Gb  copy_init3.o [4]
__iar_data_init3         0x800'0ae1   0x28  Code  Gb  data_init.o [4]
__iar_get_ttio           0x800'0a55   0x4c  Code  Gb  iarttio.o [5]
__iar_init_vfp           0x800'0b09         Code  Gb  fpinit_M.o [3]
__iar_lookup_ttioh       0x800'0ad3    0x4  Code  Gb  XShttio.o [2]
__iar_program_start      0x800'0c61         Code  Gb  cstartup_M.o [4]
__iar_sh_stdout          0x800'0baf   0x20  Code  Gb  iarwstd.o [5]
__iar_sh_write           0x800'0b2b   0x22  Code  Gb  iarwrite.o [5]
__iar_ttio_guard_lock    0x800'0aa5   0x1e  Code  Gb  XShttio.o [2]
__iar_ttio_guard_unlock
                         0x800'0ac3   0x10  Code  Gb  XShttio.o [2]
__iar_ttio_handles      0x2000'0000    0x8  Data  Lc  XShttio.o [2]
__low_level_init         0x800'0bef    0x4  Code  Gb  low_level_init.o [2]
__vector_table           0x800'0000         Data  Gb  startup_stm32f4xx.o [1]
__write                  0x800'0b81   0x10  Code  Gb  write.o [5]
_call_main               0x800'0bdd         Code  Gb  cmain.o [4]
_exit                    0x800'0bf9         Code  Gb  cexit.o [4]
_main                    0x800'0beb         Code  Gb  cmain.o [4]
exit                     0x800'0bf3    0x4  Code  Gb  exit.o [2]
main                     0x800'03b1   0x58  Code  Gb  main.o [1]
out                      0x800'08bd   0x18  Code  Lc  xprintftiny.o [2]
printf                   0x800'077d   0x28  Code  Gb  printf.o [2]
putchar                  0x800'0b61   0x20  Code  Gb  putchar.o [2]
strlen                   0x800'09f1         Code  Gb  strlen.o [4]
ttio_guard              0x2000'001c    0x1  Data  Lc  XShttio.o [2]


[1] = B:\ducda\Documents\IAR\F407\DMA_ADC\Debug\Obj
[2] = dl7M_tln.a
[3] = m7M_tls.a
[4] = rt7M_tl.a
[5] = shb_l.a

  3'486 bytes of readonly  code memory
     86 bytes of readonly  data memory
  8'221 bytes of readwrite data memory

Errors: none
Warnings: none
