###############################################################################
#
# IAR ELF Linker V8.40.1.212/W32 for ARM                  04/Feb/2021  20:49:35
# Copyright 2007-2019 IAR Systems AB.
#
#    Output file  =
#        B:\ducda\Documents\IAR\F407\Interrupt_External\Debug\Exe\project0.out
#    Map file     =
#        B:\ducda\Documents\IAR\F407\Interrupt_External\Debug\List\project0.map
#    Command line =
#        -f C:\Users\ducda\AppData\Local\Temp\EWF100.tmp
#        (B:\ducda\Documents\IAR\F407\Interrupt_External\Debug\Obj\Delay.o
#        B:\ducda\Documents\IAR\F407\Interrupt_External\Debug\Obj\main.o
#        B:\ducda\Documents\IAR\F407\Interrupt_External\Debug\Obj\misc.o
#        B:\ducda\Documents\IAR\F407\Interrupt_External\Debug\Obj\startup_stm32f4xx.o
#        B:\ducda\Documents\IAR\F407\Interrupt_External\Debug\Obj\stm32f4xx_adc.o
#        B:\ducda\Documents\IAR\F407\Interrupt_External\Debug\Obj\stm32f4xx_can.o
#        B:\ducda\Documents\IAR\F407\Interrupt_External\Debug\Obj\stm32f4xx_crc.o
#        B:\ducda\Documents\IAR\F407\Interrupt_External\Debug\Obj\stm32f4xx_cryp.o
#        B:\ducda\Documents\IAR\F407\Interrupt_External\Debug\Obj\stm32f4xx_cryp_aes.o
#        B:\ducda\Documents\IAR\F407\Interrupt_External\Debug\Obj\stm32f4xx_cryp_des.o
#        B:\ducda\Documents\IAR\F407\Interrupt_External\Debug\Obj\stm32f4xx_cryp_tdes.o
#        B:\ducda\Documents\IAR\F407\Interrupt_External\Debug\Obj\stm32f4xx_dac.o
#        B:\ducda\Documents\IAR\F407\Interrupt_External\Debug\Obj\stm32f4xx_dbgmcu.o
#        B:\ducda\Documents\IAR\F407\Interrupt_External\Debug\Obj\stm32f4xx_dcmi.o
#        B:\ducda\Documents\IAR\F407\Interrupt_External\Debug\Obj\stm32f4xx_dma.o
#        B:\ducda\Documents\IAR\F407\Interrupt_External\Debug\Obj\stm32f4xx_exti.o
#        B:\ducda\Documents\IAR\F407\Interrupt_External\Debug\Obj\stm32f4xx_flash.o
#        B:\ducda\Documents\IAR\F407\Interrupt_External\Debug\Obj\stm32f4xx_fsmc.o
#        B:\ducda\Documents\IAR\F407\Interrupt_External\Debug\Obj\stm32f4xx_gpio.o
#        B:\ducda\Documents\IAR\F407\Interrupt_External\Debug\Obj\stm32f4xx_hash.o
#        B:\ducda\Documents\IAR\F407\Interrupt_External\Debug\Obj\stm32f4xx_hash_md5.o
#        B:\ducda\Documents\IAR\F407\Interrupt_External\Debug\Obj\stm32f4xx_hash_sha1.o
#        B:\ducda\Documents\IAR\F407\Interrupt_External\Debug\Obj\stm32f4xx_i2c.o
#        B:\ducda\Documents\IAR\F407\Interrupt_External\Debug\Obj\stm32f4xx_iwdg.o
#        B:\ducda\Documents\IAR\F407\Interrupt_External\Debug\Obj\stm32f4xx_pwr.o
#        B:\ducda\Documents\IAR\F407\Interrupt_External\Debug\Obj\stm32f4xx_rcc.o
#        B:\ducda\Documents\IAR\F407\Interrupt_External\Debug\Obj\stm32f4xx_rng.o
#        B:\ducda\Documents\IAR\F407\Interrupt_External\Debug\Obj\stm32f4xx_rtc.o
#        B:\ducda\Documents\IAR\F407\Interrupt_External\Debug\Obj\stm32f4xx_sdio.o
#        B:\ducda\Documents\IAR\F407\Interrupt_External\Debug\Obj\stm32f4xx_spi.o
#        B:\ducda\Documents\IAR\F407\Interrupt_External\Debug\Obj\stm32f4xx_syscfg.o
#        B:\ducda\Documents\IAR\F407\Interrupt_External\Debug\Obj\stm32f4xx_tim.o
#        B:\ducda\Documents\IAR\F407\Interrupt_External\Debug\Obj\stm32f4xx_usart.o
#        B:\ducda\Documents\IAR\F407\Interrupt_External\Debug\Obj\stm32f4xx_wwdg.o
#        B:\ducda\Documents\IAR\F407\Interrupt_External\Debug\Obj\system_stm32f4xx.o
#        --no_out_extension -o
#        B:\ducda\Documents\IAR\F407\Interrupt_External\Debug\Exe\project0.out
#        --map
#        B:\ducda\Documents\IAR\F407\Interrupt_External\Debug\List\project0.map
#        --config "B:\Program Files (x86)\IAR Systems\Embedded Workbench
#        8.3\arm\config\linker\ST\stm32f407xE.icf" --semihosting --entry
#        __iar_program_start --vfe --text_out locale)
#
###############################################################################

*******************************************************************************
*** RUNTIME MODEL ATTRIBUTES
***

CppFlavor       = *
__SystemLibrary = DLib
__dlib_version  = 6


*******************************************************************************
*** HEAP SELECTION
***

The basic heap was selected because no calls to memory allocation
functions were found in the application outside of system library
functions, and there are calls to deallocation functions in the
application.


*******************************************************************************
*** PLACEMENT SUMMARY
***

"A0":  place at address 0x800'0000 { ro section .intvec };
"P1":  place in [from 0x800'0000 to 0x807'ffff] { ro };
define block CSTACK with size = 8K, alignment = 8 { };
define block HEAP with size = 8K, alignment = 8 { };
"P4":  place in [from 0x2000'0000 to 0x2001'bfff] |
                [from 0x2001'c000 to 0x2001'ffff] {
          rw, block CSTACK, block HEAP };
initialize by copy { rw };

No sections matched the following patterns:

  ro section application_specific_ro  in "P2"
  section .backup_sram                in "P5"
  section .ccram                      in "P3"


  Section            Kind         Address    Size  Object
  -------            ----         -------    ----  ------
"A0":                                       0x188
  .intvec            ro code   0x800'0000   0x188  startup_stm32f4xx.o [1]
                             - 0x800'0188   0x188

"P1":                                       0x764
  .text              ro code   0x800'0188   0x154  main.o [1]
  .text              ro code   0x800'02dc   0x124  system_stm32f4xx.o [1]
  .text              ro code   0x800'0400    0xc0  stm32f4xx_exti.o [1]
  .text              ro code   0x800'04c0    0x40  stm32f4xx_rcc.o [1]
  .text              ro code   0x800'0500    0xb0  stm32f4xx_gpio.o [1]
  .text              ro code   0x800'05b0    0x54  stm32f4xx_syscfg.o [1]
  .text              ro code   0x800'0604    0x74  misc.o [1]
  .text              ro code   0x800'0678    0x2e  copy_init3.o [4]
  .text              ro code   0x800'06a8    0x28  data_init.o [4]
  .text              ro code   0x800'06d0    0x22  fpinit_M.o [3]
  .iar.init_table    const     0x800'06f4    0x14  - Linker created -
  .text              ro code   0x800'0708    0x1e  cmain.o [4]
  .text              ro code   0x800'0726     0x4  low_level_init.o [2]
  .text              ro code   0x800'072a     0x4  exit.o [2]
  .text              ro code   0x800'0730     0xa  cexit.o [4]
  .text              ro code   0x800'073c    0x14  exit.o [5]
  .text              ro code   0x800'0750    0x14  Delay.o [1]
  .text              ro code   0x800'0764    0x10  startup_stm32f4xx.o [1]
  .text              ro code   0x800'0774     0xc  cstartup_M.o [4]
  .text              ro code   0x800'0780     0x4  startup_stm32f4xx.o [1]
  .text              ro code   0x800'0784     0x4  startup_stm32f4xx.o [1]
  .text              ro code   0x800'0788     0x4  startup_stm32f4xx.o [1]
  .text              ro code   0x800'078c     0x4  startup_stm32f4xx.o [1]
  .text              ro code   0x800'0790     0x4  startup_stm32f4xx.o [1]
  .text              ro code   0x800'0794     0x4  startup_stm32f4xx.o [1]
  .text              ro code   0x800'0798     0x4  startup_stm32f4xx.o [1]
  .text              ro code   0x800'079c     0x4  startup_stm32f4xx.o [1]
  .text              ro code   0x800'07a0     0x4  startup_stm32f4xx.o [1]
  .text              ro code   0x800'07a4     0x4  startup_stm32f4xx.o [1]
  .text              ro code   0x800'07a8     0x4  startup_stm32f4xx.o [1]
  .text              ro code   0x800'07ac     0x4  startup_stm32f4xx.o [1]
  .text              ro code   0x800'07b0     0x4  startup_stm32f4xx.o [1]
  .text              ro code   0x800'07b4     0x4  startup_stm32f4xx.o [1]
  .text              ro code   0x800'07b8     0x4  startup_stm32f4xx.o [1]
  .text              ro code   0x800'07bc     0x4  startup_stm32f4xx.o [1]
  .text              ro code   0x800'07c0     0x4  startup_stm32f4xx.o [1]
  .text              ro code   0x800'07c4     0x4  startup_stm32f4xx.o [1]
  .text              ro code   0x800'07c8     0x4  startup_stm32f4xx.o [1]
  .text              ro code   0x800'07cc     0x4  startup_stm32f4xx.o [1]
  .text              ro code   0x800'07d0     0x4  startup_stm32f4xx.o [1]
  .text              ro code   0x800'07d4     0x4  startup_stm32f4xx.o [1]
  .text              ro code   0x800'07d8     0x4  startup_stm32f4xx.o [1]
  .text              ro code   0x800'07dc     0x4  startup_stm32f4xx.o [1]
  .text              ro code   0x800'07e0     0x4  startup_stm32f4xx.o [1]
  .text              ro code   0x800'07e4     0x4  startup_stm32f4xx.o [1]
  .text              ro code   0x800'07e8     0x4  startup_stm32f4xx.o [1]
  .text              ro code   0x800'07ec     0x4  startup_stm32f4xx.o [1]
  .text              ro code   0x800'07f0     0x4  startup_stm32f4xx.o [1]
  .text              ro code   0x800'07f4     0x4  startup_stm32f4xx.o [1]
  .text              ro code   0x800'07f8     0x4  startup_stm32f4xx.o [1]
  .text              ro code   0x800'07fc     0x4  startup_stm32f4xx.o [1]
  .text              ro code   0x800'0800     0x4  startup_stm32f4xx.o [1]
  .text              ro code   0x800'0804     0x4  startup_stm32f4xx.o [1]
  .text              ro code   0x800'0808     0x4  startup_stm32f4xx.o [1]
  .text              ro code   0x800'080c     0x4  startup_stm32f4xx.o [1]
  .text              ro code   0x800'0810     0x4  startup_stm32f4xx.o [1]
  .text              ro code   0x800'0814     0x4  startup_stm32f4xx.o [1]
  .text              ro code   0x800'0818     0x4  startup_stm32f4xx.o [1]
  .text              ro code   0x800'081c     0x4  startup_stm32f4xx.o [1]
  .text              ro code   0x800'0820     0x4  startup_stm32f4xx.o [1]
  .text              ro code   0x800'0824     0x4  startup_stm32f4xx.o [1]
  .text              ro code   0x800'0828     0x4  startup_stm32f4xx.o [1]
  .text              ro code   0x800'082c     0x4  startup_stm32f4xx.o [1]
  .text              ro code   0x800'0830     0x4  startup_stm32f4xx.o [1]
  .text              ro code   0x800'0834     0x4  startup_stm32f4xx.o [1]
  .text              ro code   0x800'0838     0x4  startup_stm32f4xx.o [1]
  .text              ro code   0x800'083c     0x4  startup_stm32f4xx.o [1]
  .text              ro code   0x800'0840     0x4  startup_stm32f4xx.o [1]
  .text              ro code   0x800'0844     0x4  startup_stm32f4xx.o [1]
  .text              ro code   0x800'0848     0x4  startup_stm32f4xx.o [1]
  .text              ro code   0x800'084c     0x4  startup_stm32f4xx.o [1]
  .text              ro code   0x800'0850     0x4  startup_stm32f4xx.o [1]
  .text              ro code   0x800'0854     0x4  startup_stm32f4xx.o [1]
  .text              ro code   0x800'0858     0x4  startup_stm32f4xx.o [1]
  .text              ro code   0x800'085c     0x4  startup_stm32f4xx.o [1]
  .text              ro code   0x800'0860     0x4  startup_stm32f4xx.o [1]
  .text              ro code   0x800'0864     0x4  startup_stm32f4xx.o [1]
  .text              ro code   0x800'0868     0x4  startup_stm32f4xx.o [1]
  .text              ro code   0x800'086c     0x4  startup_stm32f4xx.o [1]
  .text              ro code   0x800'0870     0x4  startup_stm32f4xx.o [1]
  .text              ro code   0x800'0874     0x4  startup_stm32f4xx.o [1]
  .text              ro code   0x800'0878     0x4  startup_stm32f4xx.o [1]
  .text              ro code   0x800'087c     0x4  startup_stm32f4xx.o [1]
  .text              ro code   0x800'0880     0x4  startup_stm32f4xx.o [1]
  .text              ro code   0x800'0884     0x4  startup_stm32f4xx.o [1]
  .text              ro code   0x800'0888     0x4  startup_stm32f4xx.o [1]
  .text              ro code   0x800'088c     0x4  startup_stm32f4xx.o [1]
  .text              ro code   0x800'0890     0x4  startup_stm32f4xx.o [1]
  .text              ro code   0x800'0894     0x4  startup_stm32f4xx.o [1]
  .text              ro code   0x800'0898     0x4  startup_stm32f4xx.o [1]
  .text              ro code   0x800'089c     0x4  startup_stm32f4xx.o [1]
  .text              ro code   0x800'08a0     0x4  startup_stm32f4xx.o [1]
  .text              ro code   0x800'08a4     0x4  startup_stm32f4xx.o [1]
  .text              ro code   0x800'08a8     0x4  startup_stm32f4xx.o [1]
  .text              ro code   0x800'08ac     0x4  startup_stm32f4xx.o [1]
  .text              ro code   0x800'08b0     0x4  startup_stm32f4xx.o [1]
  .text              ro code   0x800'08b4     0x4  startup_stm32f4xx.o [1]
  .text              ro code   0x800'08b8     0x4  startup_stm32f4xx.o [1]
  .text              ro code   0x800'08bc     0x4  startup_stm32f4xx.o [1]
  .text              ro code   0x800'08c0     0x4  startup_stm32f4xx.o [1]
  .text              ro code   0x800'08c4     0x4  startup_stm32f4xx.o [1]
  .text              ro code   0x800'08c8     0x4  startup_stm32f4xx.o [1]
  .text              ro code   0x800'08cc     0x4  startup_stm32f4xx.o [1]
  .text              ro code   0x800'08d0     0x4  startup_stm32f4xx.o [1]
  .text              ro code   0x800'08d4     0x4  startup_stm32f4xx.o [1]
  .text              ro code   0x800'08d8     0x4  startup_stm32f4xx.o [1]
  .text              ro code   0x800'08dc     0x4  startup_stm32f4xx.o [1]
  .text              ro code   0x800'08e0     0x4  startup_stm32f4xx.o [1]
  .rodata            const     0x800'08e4     0x0  copy_init3.o [4]
  Initializer bytes  const     0x800'08e4     0x8  <for P4 s0>
                             - 0x800'08ec   0x764

"P4", part 1 of 2:                            0x8
  P4 s0                       0x2000'0000     0x8  <Init block>
    .data            inited   0x2000'0000     0x4  main.o [1]
    .bss             inited   0x2000'0004     0x4  Delay.o [1]
                            - 0x2000'0008     0x8

"P4", part 2 of 2:                         0x2000
  CSTACK                      0x2000'0008  0x2000  <Block>
    CSTACK           uninit   0x2000'0008  0x2000  <Block tail>
                            - 0x2000'2008  0x2000

Unused ranges:

         From           To      Size
         ----           --      ----
   0x800'08ec   0x807'ffff  0x7'f714
  0x2000'2008  0x2001'bfff  0x1'9ff8
  0x2001'c000  0x2001'ffff    0x4000


*******************************************************************************
*** INIT TABLE
***

          Address      Size
          -------      ----
Copy (__iar_copy_init3)
    1 source range, total size 0x8:
           0x800'08e4   0x8
    1 destination range, total size 0x8:
          0x2000'0000   0x8



*******************************************************************************
*** MODULE SUMMARY
***

    Module               ro code  ro data  rw data
    ------               -------  -------  -------
command line/config:
    ----------------------------------------------
    Total:

B:\ducda\Documents\IAR\F407\Interrupt_External\Debug\Obj: [1]
    Delay.o                   20        4        4
    main.o                   340        4        4
    misc.o                   116
    startup_stm32f4xx.o      764
    stm32f4xx_exti.o         192
    stm32f4xx_gpio.o         176
    stm32f4xx_rcc.o           64
    stm32f4xx_syscfg.o        84
    system_stm32f4xx.o       292
    ----------------------------------------------
    Total:                 2'048        8        8

dl7M_tln.a: [2]
    exit.o                     4
    low_level_init.o           4
    ----------------------------------------------
    Total:                     8

m7M_tls.a: [3]
    fpinit_M.o                34
    ----------------------------------------------
    Total:                    34

rt7M_tl.a: [4]
    cexit.o                   10
    cmain.o                   30
    copy_init3.o              46
    cstartup_M.o              12
    data_init.o               40
    ----------------------------------------------
    Total:                   138

shb_l.a: [5]
    exit.o                    20
    ----------------------------------------------
    Total:                    20

    Gaps                       6        2
    Linker created                     20    8'192
--------------------------------------------------
    Grand Total:           2'254       30    8'200


*******************************************************************************
*** ENTRY LIST
***

Entry                       Address  Size  Type      Object
-----                       -------  ----  ----      ------
.iar.init_table$$Base    0x800'06f4         --   Gb  - Linker created -
.iar.init_table$$Limit   0x800'0708         --   Gb  - Linker created -
?main                    0x800'0709        Code  Gb  cmain.o [4]
CSTACK$$Base            0x2000'0008         --   Gb  - Linker created -
CSTACK$$Limit           0x2000'2008         --   Gb  - Linker created -
EXTI4_IRQHandler         0x800'0245  0x84  Code  Gb  main.o [1]
EXTILine4_Config         0x800'01d9  0x6c  Code  Gb  main.o [1]
EXTI_ClearITPendingBit   0x800'04a3   0x6  Code  Gb  stm32f4xx_exti.o [1]
EXTI_GenerateSWInterrupt
                         0x800'0479   0xa  Code  Gb  stm32f4xx_exti.o [1]
EXTI_GetITStatus         0x800'0483  0x20  Code  Gb  stm32f4xx_exti.o [1]
EXTI_Init                0x800'0401  0x78  Code  Gb  stm32f4xx_exti.o [1]
GPIO_Init                0x800'0501  0xa8  Code  Gb  stm32f4xx_gpio.o [1]
GPIO_ResetBits           0x800'05ad   0x4  Code  Gb  stm32f4xx_gpio.o [1]
GPIO_SetBits             0x800'05a9   0x4  Code  Gb  stm32f4xx_gpio.o [1]
LEDInit                  0x800'019f  0x3a  Code  Gb  main.o [1]
NVIC_Init                0x800'0605  0x62  Code  Gb  misc.o [1]
RCC_AHB1PeriphClockCmd   0x800'04c1  0x1c  Code  Gb  stm32f4xx_rcc.o [1]
RCC_APB2PeriphClockCmd   0x800'04dd  0x1c  Code  Gb  stm32f4xx_rcc.o [1]
Region$$Table$$Base      0x800'06f4         --   Gb  - Linker created -
Region$$Table$$Limit     0x800'0708         --   Gb  - Linker created -
SYSCFG_EXTILineConfig    0x800'05b1  0x50  Code  Gb  stm32f4xx_syscfg.o [1]
SetSysClock              0x800'0323  0xaa  Code  Lc  system_stm32f4xx.o [1]
SysTick_Handler          0x800'0751  0x10  Code  Gb  Delay.o [1]
SystemInit               0x800'02dd  0x46  Code  Gb  system_stm32f4xx.o [1]
TimingDelay             0x2000'0004   0x4  Data  Lc  Delay.o [1]
__cmain                  0x800'0709        Code  Gb  cmain.o [4]
__exit                   0x800'073d  0x14  Code  Gb  exit.o [5]
__iar_copy_init3         0x800'0679  0x2e  Code  Gb  copy_init3.o [4]
__iar_data_init3         0x800'06a9  0x28  Code  Gb  data_init.o [4]
__iar_init_vfp           0x800'06d1        Code  Gb  fpinit_M.o [3]
__iar_program_start      0x800'0775        Code  Gb  cstartup_M.o [4]
__low_level_init         0x800'0727   0x4  Code  Gb  low_level_init.o [2]
__vector_table           0x800'0000        Data  Gb  startup_stm32f4xx.o [1]
_call_main               0x800'0715        Code  Gb  cmain.o [4]
_exit                    0x800'0731        Code  Gb  cexit.o [4]
_main                    0x800'0723        Code  Gb  cmain.o [4]
count                   0x2000'0000   0x4  Data  Gb  main.o [1]
exit                     0x800'072b   0x4  Code  Gb  exit.o [2]
main                     0x800'0189  0x16  Code  Gb  main.o [1]


[1] = B:\ducda\Documents\IAR\F407\Interrupt_External\Debug\Obj
[2] = dl7M_tln.a
[3] = m7M_tls.a
[4] = rt7M_tl.a
[5] = shb_l.a

  2'254 bytes of readonly  code memory
     30 bytes of readonly  data memory
  8'200 bytes of readwrite data memory

Errors: none
Warnings: none
