###############################################################################
#
# IAR ELF Linker V8.40.1.212/W32 for ARM                  17/Oct/2020  11:44:56
# Copyright 2007-2019 IAR Systems AB.
#
#    Output file  =
#        B:\ducda\Documents\IAR\F407\Flash memory_\Debug\Exe\project0.out
#    Map file     =
#        B:\ducda\Documents\IAR\F407\Flash memory_\Debug\List\project0.map
#    Command line =
#        -f C:\Users\ducda\AppData\Local\Temp\EW8BA3.tmp
#        ("B:\ducda\Documents\IAR\F407\Flash memory_\Debug\Obj\Delay.o"
#        "B:\ducda\Documents\IAR\F407\Flash memory_\Debug\Obj\Flash.o"
#        "B:\ducda\Documents\IAR\F407\Flash memory_\Debug\Obj\main.o"
#        "B:\ducda\Documents\IAR\F407\Flash memory_\Debug\Obj\misc.o"
#        "B:\ducda\Documents\IAR\F407\Flash
#        memory_\Debug\Obj\startup_stm32f4xx.o"
#        "B:\ducda\Documents\IAR\F407\Flash memory_\Debug\Obj\stm32f4xx_adc.o"
#        "B:\ducda\Documents\IAR\F407\Flash memory_\Debug\Obj\stm32f4xx_can.o"
#        "B:\ducda\Documents\IAR\F407\Flash memory_\Debug\Obj\stm32f4xx_crc.o"
#        "B:\ducda\Documents\IAR\F407\Flash memory_\Debug\Obj\stm32f4xx_cryp.o"
#        "B:\ducda\Documents\IAR\F407\Flash
#        memory_\Debug\Obj\stm32f4xx_cryp_aes.o"
#        "B:\ducda\Documents\IAR\F407\Flash
#        memory_\Debug\Obj\stm32f4xx_cryp_des.o"
#        "B:\ducda\Documents\IAR\F407\Flash
#        memory_\Debug\Obj\stm32f4xx_cryp_tdes.o"
#        "B:\ducda\Documents\IAR\F407\Flash memory_\Debug\Obj\stm32f4xx_dac.o"
#        "B:\ducda\Documents\IAR\F407\Flash
#        memory_\Debug\Obj\stm32f4xx_dbgmcu.o"
#        "B:\ducda\Documents\IAR\F407\Flash memory_\Debug\Obj\stm32f4xx_dcmi.o"
#        "B:\ducda\Documents\IAR\F407\Flash memory_\Debug\Obj\stm32f4xx_dma.o"
#        "B:\ducda\Documents\IAR\F407\Flash memory_\Debug\Obj\stm32f4xx_exti.o"
#        "B:\ducda\Documents\IAR\F407\Flash
#        memory_\Debug\Obj\stm32f4xx_flash.o"
#        "B:\ducda\Documents\IAR\F407\Flash memory_\Debug\Obj\stm32f4xx_fsmc.o"
#        "B:\ducda\Documents\IAR\F407\Flash memory_\Debug\Obj\stm32f4xx_gpio.o"
#        "B:\ducda\Documents\IAR\F407\Flash memory_\Debug\Obj\stm32f4xx_hash.o"
#        "B:\ducda\Documents\IAR\F407\Flash
#        memory_\Debug\Obj\stm32f4xx_hash_md5.o"
#        "B:\ducda\Documents\IAR\F407\Flash
#        memory_\Debug\Obj\stm32f4xx_hash_sha1.o"
#        "B:\ducda\Documents\IAR\F407\Flash memory_\Debug\Obj\stm32f4xx_i2c.o"
#        "B:\ducda\Documents\IAR\F407\Flash memory_\Debug\Obj\stm32f4xx_iwdg.o"
#        "B:\ducda\Documents\IAR\F407\Flash memory_\Debug\Obj\stm32f4xx_pwr.o"
#        "B:\ducda\Documents\IAR\F407\Flash memory_\Debug\Obj\stm32f4xx_rcc.o"
#        "B:\ducda\Documents\IAR\F407\Flash memory_\Debug\Obj\stm32f4xx_rng.o"
#        "B:\ducda\Documents\IAR\F407\Flash memory_\Debug\Obj\stm32f4xx_rtc.o"
#        "B:\ducda\Documents\IAR\F407\Flash memory_\Debug\Obj\stm32f4xx_sdio.o"
#        "B:\ducda\Documents\IAR\F407\Flash memory_\Debug\Obj\stm32f4xx_spi.o"
#        "B:\ducda\Documents\IAR\F407\Flash
#        memory_\Debug\Obj\stm32f4xx_syscfg.o"
#        "B:\ducda\Documents\IAR\F407\Flash memory_\Debug\Obj\stm32f4xx_tim.o"
#        "B:\ducda\Documents\IAR\F407\Flash
#        memory_\Debug\Obj\stm32f4xx_usart.o"
#        "B:\ducda\Documents\IAR\F407\Flash memory_\Debug\Obj\stm32f4xx_wwdg.o"
#        "B:\ducda\Documents\IAR\F407\Flash
#        memory_\Debug\Obj\system_stm32f4xx.o" --no_out_extension -o
#        "B:\ducda\Documents\IAR\F407\Flash memory_\Debug\Exe\project0.out"
#        --map "B:\ducda\Documents\IAR\F407\Flash
#        memory_\Debug\List\project0.map" --config "B:\Program Files (x86)\IAR
#        Systems\Embedded Workbench 8.3\arm\config\linker\ST\stm32f407xE.icf"
#        --semihosting --entry __iar_program_start --vfe --text_out locale)
#
###############################################################################

*******************************************************************************
*** RUNTIME MODEL ATTRIBUTES
***

CppFlavor       = *
__SystemLibrary = DLib
__dlib_version  = 6


*******************************************************************************
*** HEAP SELECTION
***

The basic heap was selected because no calls to memory allocation
functions were found in the application outside of system library
functions, and there are calls to deallocation functions in the
application.


*******************************************************************************
*** PLACEMENT SUMMARY
***

"A0":  place at address 0x800'0000 { ro section .intvec };
"P1":  place in [from 0x800'0000 to 0x807'ffff] { ro };
define block CSTACK with size = 8K, alignment = 8 { };
define block HEAP with size = 8K, alignment = 8 { };
"P4":  place in [from 0x2000'0000 to 0x2001'bfff] |
                [from 0x2001'c000 to 0x2001'ffff] {
          rw, block CSTACK, block HEAP };
initialize by copy { rw };

No sections matched the following patterns:

  ro section application_specific_ro  in "P2"
  section .backup_sram                in "P5"
  section .ccram                      in "P3"


  Section            Kind         Address    Size  Object
  -------            ----         -------    ----  ------
"A0":                                       0x188
  .intvec            ro code   0x800'0000   0x188  startup_stm32f4xx.o [1]
                             - 0x800'0188   0x188

"P1":                                       0xabc
  .text              ro code   0x800'0188   0x164  stm32f4xx_flash.o [1]
  .text              ro code   0x800'02ec   0x160  main.o [1]
  .text              ro code   0x800'044c   0x124  system_stm32f4xx.o [1]
  .text              ro code   0x800'0570    0xc8  Flash.o [1]
  .text              ro code   0x800'0638    0x28  printf.o [2]
  .text              ro code   0x800'0660   0x134  xprintftiny.o [2]
  .text              ro code   0x800'0794    0x36  strlen.o [4]
  .text              ro code   0x800'07ca    0x2e  copy_init3.o [4]
  .text              ro code   0x800'07f8    0x7c  iarttio.o [5]
  .text              ro code   0x800'0874    0x3c  XShttio.o [2]
  .text              ro code   0x800'08b0    0x28  data_init.o [4]
  .text              ro code   0x800'08d8    0x22  fpinit_M.o [3]
  .text              ro code   0x800'08fa    0x22  iarwrite.o [5]
  .iar.init_table    const     0x800'091c    0x14  - Linker created -
  .text              ro code   0x800'0930    0x20  putchar.o [2]
  .text              ro code   0x800'0950    0x10  write.o [5]
  .text              ro code   0x800'0960    0x1e  dwrite.o [5]
  .text              ro code   0x800'097e    0x20  iarwstd.o [5]
  .text              ro code   0x800'09a0    0x1e  cmain.o [4]
  .text              ro code   0x800'09be     0x4  low_level_init.o [2]
  .text              ro code   0x800'09c2     0x4  exit.o [2]
  .text              ro code   0x800'09c8     0xa  cexit.o [4]
  .text              ro code   0x800'09d4    0x14  exit.o [5]
  .text              ro code   0x800'09e8    0x16  xprout.o [2]
  .rodata            const     0x800'0a00    0x14  main.o [1]
  .text              ro code   0x800'0a14    0x14  Delay.o [1]
  .rodata            const     0x800'0a28    0x10  main.o [1]
  .rodata            const     0x800'0a38    0x10  main.o [1]
  .rodata            const     0x800'0a48    0x10  main.o [1]
  .rodata            const     0x800'0a58    0x10  main.o [1]
  .rodata            const     0x800'0a68    0x10  main.o [1]
  .rodata            const     0x800'0a78    0x10  main.o [1]
  .rodata            const     0x800'0a88    0x10  main.o [1]
  .text              ro code   0x800'0a98    0x10  startup_stm32f4xx.o [1]
  .text              ro code   0x800'0aa8     0xc  cstartup_M.o [4]
  .text              ro code   0x800'0ab4     0x4  startup_stm32f4xx.o [1]
  .text              ro code   0x800'0ab8     0x4  startup_stm32f4xx.o [1]
  .text              ro code   0x800'0abc     0x4  startup_stm32f4xx.o [1]
  .text              ro code   0x800'0ac0     0x4  startup_stm32f4xx.o [1]
  .text              ro code   0x800'0ac4     0x4  startup_stm32f4xx.o [1]
  .text              ro code   0x800'0ac8     0x4  startup_stm32f4xx.o [1]
  .text              ro code   0x800'0acc     0x4  startup_stm32f4xx.o [1]
  .text              ro code   0x800'0ad0     0x4  startup_stm32f4xx.o [1]
  .text              ro code   0x800'0ad4     0x4  startup_stm32f4xx.o [1]
  .text              ro code   0x800'0ad8     0x4  startup_stm32f4xx.o [1]
  .text              ro code   0x800'0adc     0x4  startup_stm32f4xx.o [1]
  .text              ro code   0x800'0ae0     0x4  startup_stm32f4xx.o [1]
  .text              ro code   0x800'0ae4     0x4  startup_stm32f4xx.o [1]
  .text              ro code   0x800'0ae8     0x4  startup_stm32f4xx.o [1]
  .text              ro code   0x800'0aec     0x4  startup_stm32f4xx.o [1]
  .text              ro code   0x800'0af0     0x4  startup_stm32f4xx.o [1]
  .text              ro code   0x800'0af4     0x4  startup_stm32f4xx.o [1]
  .text              ro code   0x800'0af8     0x4  startup_stm32f4xx.o [1]
  .text              ro code   0x800'0afc     0x4  startup_stm32f4xx.o [1]
  .text              ro code   0x800'0b00     0x4  startup_stm32f4xx.o [1]
  .text              ro code   0x800'0b04     0x4  startup_stm32f4xx.o [1]
  .text              ro code   0x800'0b08     0x4  startup_stm32f4xx.o [1]
  .text              ro code   0x800'0b0c     0x4  startup_stm32f4xx.o [1]
  .text              ro code   0x800'0b10     0x4  startup_stm32f4xx.o [1]
  .text              ro code   0x800'0b14     0x4  startup_stm32f4xx.o [1]
  .text              ro code   0x800'0b18     0x4  startup_stm32f4xx.o [1]
  .text              ro code   0x800'0b1c     0x4  startup_stm32f4xx.o [1]
  .text              ro code   0x800'0b20     0x4  startup_stm32f4xx.o [1]
  .text              ro code   0x800'0b24     0x4  startup_stm32f4xx.o [1]
  .text              ro code   0x800'0b28     0x4  startup_stm32f4xx.o [1]
  .text              ro code   0x800'0b2c     0x4  startup_stm32f4xx.o [1]
  .text              ro code   0x800'0b30     0x4  startup_stm32f4xx.o [1]
  .text              ro code   0x800'0b34     0x4  startup_stm32f4xx.o [1]
  .text              ro code   0x800'0b38     0x4  startup_stm32f4xx.o [1]
  .text              ro code   0x800'0b3c     0x4  startup_stm32f4xx.o [1]
  .text              ro code   0x800'0b40     0x4  startup_stm32f4xx.o [1]
  .text              ro code   0x800'0b44     0x4  startup_stm32f4xx.o [1]
  .text              ro code   0x800'0b48     0x4  startup_stm32f4xx.o [1]
  .text              ro code   0x800'0b4c     0x4  startup_stm32f4xx.o [1]
  .text              ro code   0x800'0b50     0x4  startup_stm32f4xx.o [1]
  .text              ro code   0x800'0b54     0x4  startup_stm32f4xx.o [1]
  .text              ro code   0x800'0b58     0x4  startup_stm32f4xx.o [1]
  .text              ro code   0x800'0b5c     0x4  startup_stm32f4xx.o [1]
  .text              ro code   0x800'0b60     0x4  startup_stm32f4xx.o [1]
  .text              ro code   0x800'0b64     0x4  startup_stm32f4xx.o [1]
  .text              ro code   0x800'0b68     0x4  startup_stm32f4xx.o [1]
  .text              ro code   0x800'0b6c     0x4  startup_stm32f4xx.o [1]
  .text              ro code   0x800'0b70     0x4  startup_stm32f4xx.o [1]
  .text              ro code   0x800'0b74     0x4  startup_stm32f4xx.o [1]
  .text              ro code   0x800'0b78     0x4  startup_stm32f4xx.o [1]
  .text              ro code   0x800'0b7c     0x4  startup_stm32f4xx.o [1]
  .text              ro code   0x800'0b80     0x4  startup_stm32f4xx.o [1]
  .text              ro code   0x800'0b84     0x4  startup_stm32f4xx.o [1]
  .text              ro code   0x800'0b88     0x4  startup_stm32f4xx.o [1]
  .text              ro code   0x800'0b8c     0x4  startup_stm32f4xx.o [1]
  .text              ro code   0x800'0b90     0x4  startup_stm32f4xx.o [1]
  .text              ro code   0x800'0b94     0x4  startup_stm32f4xx.o [1]
  .text              ro code   0x800'0b98     0x4  startup_stm32f4xx.o [1]
  .text              ro code   0x800'0b9c     0x4  startup_stm32f4xx.o [1]
  .text              ro code   0x800'0ba0     0x4  startup_stm32f4xx.o [1]
  .text              ro code   0x800'0ba4     0x4  startup_stm32f4xx.o [1]
  .text              ro code   0x800'0ba8     0x4  startup_stm32f4xx.o [1]
  .text              ro code   0x800'0bac     0x4  startup_stm32f4xx.o [1]
  .text              ro code   0x800'0bb0     0x4  startup_stm32f4xx.o [1]
  .text              ro code   0x800'0bb4     0x4  startup_stm32f4xx.o [1]
  .text              ro code   0x800'0bb8     0x4  startup_stm32f4xx.o [1]
  .text              ro code   0x800'0bbc     0x4  startup_stm32f4xx.o [1]
  .text              ro code   0x800'0bc0     0x4  startup_stm32f4xx.o [1]
  .text              ro code   0x800'0bc4     0x4  startup_stm32f4xx.o [1]
  .text              ro code   0x800'0bc8     0x4  startup_stm32f4xx.o [1]
  .text              ro code   0x800'0bcc     0x4  startup_stm32f4xx.o [1]
  .text              ro code   0x800'0bd0     0x4  startup_stm32f4xx.o [1]
  .text              ro code   0x800'0bd4     0x4  startup_stm32f4xx.o [1]
  .text              ro code   0x800'0bd8     0x4  startup_stm32f4xx.o [1]
  .text              ro code   0x800'0bdc     0x4  startup_stm32f4xx.o [1]
  .text              ro code   0x800'0be0     0x4  startup_stm32f4xx.o [1]
  .text              ro code   0x800'0be4     0x4  startup_stm32f4xx.o [1]
  .text              ro code   0x800'0be8     0x4  startup_stm32f4xx.o [1]
  .text              ro code   0x800'0bec     0x4  startup_stm32f4xx.o [1]
  .text              ro code   0x800'0bf0     0x4  startup_stm32f4xx.o [1]
  .text              ro code   0x800'0bf4     0x4  startup_stm32f4xx.o [1]
  .text              ro code   0x800'0bf8     0x4  startup_stm32f4xx.o [1]
  .text              ro code   0x800'0bfc     0x4  startup_stm32f4xx.o [1]
  .text              ro code   0x800'0c00     0x4  startup_stm32f4xx.o [1]
  .text              ro code   0x800'0c04     0x4  startup_stm32f4xx.o [1]
  .text              ro code   0x800'0c08     0x4  startup_stm32f4xx.o [1]
  .text              ro code   0x800'0c0c     0x4  startup_stm32f4xx.o [1]
  .text              ro code   0x800'0c10     0x4  startup_stm32f4xx.o [1]
  .text              ro code   0x800'0c14     0x4  startup_stm32f4xx.o [1]
  .text              ro code   0x800'0c18     0x4  startup_stm32f4xx.o [1]
  .rodata            const     0x800'0c1c     0x0  copy_init3.o [4]
  Initializer bytes  const     0x800'0c1c    0x28  <for P4 s0>
                             - 0x800'0c44   0xabc

"P4", part 1 of 2:                           0x28
  P4 s0                       0x2000'0000    0x28  <Init block>
    .data            inited   0x2000'0000     0x8  XShttio.o [2]
    .bss             inited   0x2000'0008     0x4  Delay.o [1]
    .bss             inited   0x2000'000c     0x4  main.o [1]
    .bss             inited   0x2000'0010     0x4  main.o [1]
    .bss             inited   0x2000'0014     0x4  main.o [1]
    .bss             inited   0x2000'0018     0x4  main.o [1]
    .bss             inited   0x2000'001c     0x4  main.o [1]
    .bss             inited   0x2000'0020     0x4  main.o [1]
    .bss             inited   0x2000'0024     0x1  XShttio.o [2]
                            - 0x2000'0028    0x28

"P4", part 2 of 2:                         0x2000
  CSTACK                      0x2000'0028  0x2000  <Block>
    CSTACK           uninit   0x2000'0028  0x2000  <Block tail>
                            - 0x2000'2028  0x2000

Unused ranges:

         From           To      Size
         ----           --      ----
   0x800'0c44   0x807'ffff  0x7'f3bc
  0x2000'2028  0x2001'bfff  0x1'9fd8
  0x2001'c000  0x2001'ffff    0x4000


*******************************************************************************
*** INIT TABLE
***

          Address      Size
          -------      ----
Copy (__iar_copy_init3)
    1 source range, total size 0x28 (108% of destination):
           0x800'0c1c  0x28
    1 destination range, total size 0x25:
          0x2000'0000  0x25



*******************************************************************************
*** MODULE SUMMARY
***

    Module               ro code  ro data  rw data
    ------               -------  -------  -------
command line/config:
    ----------------------------------------------
    Total:

B:\ducda\Documents\IAR\F407\Flash memory_\Debug\Obj: [1]
    Delay.o                   20        4        4
    Flash.o                  200
    main.o                   352      156       24
    startup_stm32f4xx.o      768
    stm32f4xx_flash.o        356
    system_stm32f4xx.o       292
    ----------------------------------------------
    Total:                 1'988      160       28

dl7M_tln.a: [2]
    XShttio.o                 60        9        9
    exit.o                     4
    low_level_init.o           4
    printf.o                  40
    putchar.o                 32
    xprintftiny.o            308
    xprout.o                  22
    ----------------------------------------------
    Total:                   470        9        9

m7M_tls.a: [3]
    fpinit_M.o                34
    ----------------------------------------------
    Total:                    34

rt7M_tl.a: [4]
    cexit.o                   10
    cmain.o                   30
    copy_init3.o              46
    cstartup_M.o              12
    data_init.o               40
    strlen.o                  54
    ----------------------------------------------
    Total:                   192

shb_l.a: [5]
    dwrite.o                  30
    exit.o                    20
    iarttio.o                124
    iarwrite.o                34
    iarwstd.o                 32
    write.o                   16
    ----------------------------------------------
    Total:                   256

    Gaps                       6        2
    Linker created                     23    8'192
--------------------------------------------------
    Grand Total:           2'946      194    8'229


*******************************************************************************
*** ENTRY LIST
***

Entry                       Address   Size  Type      Object
-----                       -------   ----  ----      ------
.iar.init_table$$Base    0x800'091c          --   Gb  - Linker created -
.iar.init_table$$Limit   0x800'0930          --   Gb  - Linker created -
?main                    0x800'09a1         Code  Gb  cmain.o [4]
Address                 0x2000'0014    0x4  Data  Gb  main.o [1]
CSTACK$$Base            0x2000'0028          --   Gb  - Linker created -
CSTACK$$Limit           0x2000'2028          --   Gb  - Linker created -
CheckSector              0x800'03af   0x3e  Code  Gb  main.o [1]
DeleteSector             0x800'036d   0x42  Code  Gb  main.o [1]
EndSector               0x2000'0010    0x4  Data  Gb  main.o [1]
FLASH_ClearFlag          0x800'0273    0x6  Code  Gb  stm32f4xx_flash.o [1]
FLASH_EraseSector        0x800'01b3   0x80  Code  Gb  stm32f4xx_flash.o [1]
FLASH_GetStatus          0x800'0279   0x34  Code  Gb  stm32f4xx_flash.o [1]
FLASH_Lock               0x800'01a5    0xe  Code  Gb  stm32f4xx_flash.o [1]
FLASH_ProgramWord        0x800'0233   0x40  Code  Gb  stm32f4xx_flash.o [1]
FLASH_Unlock             0x800'0189   0x1c  Code  Gb  stm32f4xx_flash.o [1]
FLASH_WaitForLastOperation
                         0x800'02c5   0x28  Code  Gb  stm32f4xx_flash.o [1]
GetSector                0x800'0571   0xc8  Code  Gb  Flash.o [1]
MemoryProgramStatus     0x2000'0020    0x4  Data  Gb  main.o [1]
Region$$Table$$Base      0x800'091c          --   Gb  - Linker created -
Region$$Table$$Limit     0x800'0930          --   Gb  - Linker created -
SetSysClock              0x800'0493   0xaa  Code  Lc  system_stm32f4xx.o [1]
StartSector             0x2000'000c    0x4  Data  Gb  main.o [1]
SysTick_Handler          0x800'0a15   0x10  Code  Gb  Delay.o [1]
SystemInit               0x800'044d   0x46  Code  Gb  system_stm32f4xx.o [1]
TimingDelay             0x2000'0008    0x4  Data  Lc  Delay.o [1]
WriteData                0x800'03ed    0xc  Code  Gb  main.o [1]
_PrintfTiny              0x800'0679  0x11c  Code  Gb  xprintftiny.o [2]
_Prout                   0x800'09e9   0x16  Code  Gb  xprout.o [2]
__cmain                  0x800'09a1         Code  Gb  cmain.o [4]
__dwrite                 0x800'0961   0x1e  Code  Gb  dwrite.o [5]
__exit                   0x800'09d5   0x14  Code  Gb  exit.o [5]
__iar_close_ttio         0x800'07f9   0x2c  Code  Gb  iarttio.o [5]
__iar_copy_init3         0x800'07cb   0x2e  Code  Gb  copy_init3.o [4]
__iar_data_init3         0x800'08b1   0x28  Code  Gb  data_init.o [4]
__iar_get_ttio           0x800'0825   0x4c  Code  Gb  iarttio.o [5]
__iar_init_vfp           0x800'08d9         Code  Gb  fpinit_M.o [3]
__iar_lookup_ttioh       0x800'08a3    0x4  Code  Gb  XShttio.o [2]
__iar_program_start      0x800'0aa9         Code  Gb  cstartup_M.o [4]
__iar_sh_stdout          0x800'097f   0x20  Code  Gb  iarwstd.o [5]
__iar_sh_write           0x800'08fb   0x22  Code  Gb  iarwrite.o [5]
__iar_ttio_guard_lock    0x800'0875   0x1e  Code  Gb  XShttio.o [2]
__iar_ttio_guard_unlock
                         0x800'0893   0x10  Code  Gb  XShttio.o [2]
__iar_ttio_handles      0x2000'0000    0x8  Data  Lc  XShttio.o [2]
__low_level_init         0x800'09bf    0x4  Code  Gb  low_level_init.o [2]
__vector_table           0x800'0000         Data  Gb  startup_stm32f4xx.o [1]
__write                  0x800'0951   0x10  Code  Gb  write.o [5]
_call_main               0x800'09ad         Code  Gb  cmain.o [4]
_exit                    0x800'09c9         Code  Gb  cexit.o [4]
_main                    0x800'09bb         Code  Gb  cmain.o [4]
data32                  0x2000'001c    0x4  Data  Gb  main.o [1]
exit                     0x800'09c3    0x4  Code  Gb  exit.o [2]
i                       0x2000'0018    0x4  Data  Gb  main.o [1]
main                     0x800'02ed   0x80  Code  Gb  main.o [1]
out                      0x800'0661   0x18  Code  Lc  xprintftiny.o [2]
printf                   0x800'0639   0x28  Code  Gb  printf.o [2]
putchar                  0x800'0931   0x20  Code  Gb  putchar.o [2]
strlen                   0x800'0795         Code  Gb  strlen.o [4]
ttio_guard              0x2000'0024    0x1  Data  Lc  XShttio.o [2]


[1] = B:\ducda\Documents\IAR\F407\Flash memory_\Debug\Obj
[2] = dl7M_tln.a
[3] = m7M_tls.a
[4] = rt7M_tl.a
[5] = shb_l.a

  2'946 bytes of readonly  code memory
    194 bytes of readonly  data memory
  8'229 bytes of readwrite data memory

Errors: none
Warnings: none
