###############################################################################
#
# IAR ELF Linker V8.40.1.212/W32 for ARM                  14/Oct/2020  22:36:23
# Copyright 2007-2019 IAR Systems AB.
#
#    Output file  =
#        B:\ducda\Documents\IAR\F407\PWM Change\Debug\Exe\project0.out
#    Map file     =
#        B:\ducda\Documents\IAR\F407\PWM Change\Debug\List\project0.map
#    Command line =
#        -f C:\Users\ducda\AppData\Local\Temp\EWE514.tmp
#        ("B:\ducda\Documents\IAR\F407\PWM Change\Debug\Obj\Delay.o"
#        "B:\ducda\Documents\IAR\F407\PWM Change\Debug\Obj\main.o"
#        "B:\ducda\Documents\IAR\F407\PWM Change\Debug\Obj\misc.o"
#        "B:\ducda\Documents\IAR\F407\PWM Change\Debug\Obj\startup_stm32f4xx.o"
#        "B:\ducda\Documents\IAR\F407\PWM Change\Debug\Obj\stm32f4xx_adc.o"
#        "B:\ducda\Documents\IAR\F407\PWM Change\Debug\Obj\stm32f4xx_can.o"
#        "B:\ducda\Documents\IAR\F407\PWM Change\Debug\Obj\stm32f4xx_crc.o"
#        "B:\ducda\Documents\IAR\F407\PWM Change\Debug\Obj\stm32f4xx_cryp.o"
#        "B:\ducda\Documents\IAR\F407\PWM
#        Change\Debug\Obj\stm32f4xx_cryp_aes.o"
#        "B:\ducda\Documents\IAR\F407\PWM
#        Change\Debug\Obj\stm32f4xx_cryp_des.o"
#        "B:\ducda\Documents\IAR\F407\PWM
#        Change\Debug\Obj\stm32f4xx_cryp_tdes.o"
#        "B:\ducda\Documents\IAR\F407\PWM Change\Debug\Obj\stm32f4xx_dac.o"
#        "B:\ducda\Documents\IAR\F407\PWM Change\Debug\Obj\stm32f4xx_dbgmcu.o"
#        "B:\ducda\Documents\IAR\F407\PWM Change\Debug\Obj\stm32f4xx_dcmi.o"
#        "B:\ducda\Documents\IAR\F407\PWM Change\Debug\Obj\stm32f4xx_dma.o"
#        "B:\ducda\Documents\IAR\F407\PWM Change\Debug\Obj\stm32f4xx_exti.o"
#        "B:\ducda\Documents\IAR\F407\PWM Change\Debug\Obj\stm32f4xx_flash.o"
#        "B:\ducda\Documents\IAR\F407\PWM Change\Debug\Obj\stm32f4xx_fsmc.o"
#        "B:\ducda\Documents\IAR\F407\PWM Change\Debug\Obj\stm32f4xx_gpio.o"
#        "B:\ducda\Documents\IAR\F407\PWM Change\Debug\Obj\stm32f4xx_hash.o"
#        "B:\ducda\Documents\IAR\F407\PWM
#        Change\Debug\Obj\stm32f4xx_hash_md5.o"
#        "B:\ducda\Documents\IAR\F407\PWM
#        Change\Debug\Obj\stm32f4xx_hash_sha1.o"
#        "B:\ducda\Documents\IAR\F407\PWM Change\Debug\Obj\stm32f4xx_i2c.o"
#        "B:\ducda\Documents\IAR\F407\PWM Change\Debug\Obj\stm32f4xx_iwdg.o"
#        "B:\ducda\Documents\IAR\F407\PWM Change\Debug\Obj\stm32f4xx_pwr.o"
#        "B:\ducda\Documents\IAR\F407\PWM Change\Debug\Obj\stm32f4xx_rcc.o"
#        "B:\ducda\Documents\IAR\F407\PWM Change\Debug\Obj\stm32f4xx_rng.o"
#        "B:\ducda\Documents\IAR\F407\PWM Change\Debug\Obj\stm32f4xx_rtc.o"
#        "B:\ducda\Documents\IAR\F407\PWM Change\Debug\Obj\stm32f4xx_sdio.o"
#        "B:\ducda\Documents\IAR\F407\PWM Change\Debug\Obj\stm32f4xx_spi.o"
#        "B:\ducda\Documents\IAR\F407\PWM Change\Debug\Obj\stm32f4xx_syscfg.o"
#        "B:\ducda\Documents\IAR\F407\PWM Change\Debug\Obj\stm32f4xx_tim.o"
#        "B:\ducda\Documents\IAR\F407\PWM Change\Debug\Obj\stm32f4xx_usart.o"
#        "B:\ducda\Documents\IAR\F407\PWM Change\Debug\Obj\stm32f4xx_wwdg.o"
#        "B:\ducda\Documents\IAR\F407\PWM Change\Debug\Obj\system_stm32f4xx.o"
#        --no_out_extension -o "B:\ducda\Documents\IAR\F407\PWM
#        Change\Debug\Exe\project0.out" --map "B:\ducda\Documents\IAR\F407\PWM
#        Change\Debug\List\project0.map" --config "B:\Program Files (x86)\IAR
#        Systems\Embedded Workbench 8.3\arm\config\linker\ST\stm32f407xE.icf"
#        --semihosting --entry __iar_program_start --vfe --text_out locale)
#
###############################################################################

*******************************************************************************
*** RUNTIME MODEL ATTRIBUTES
***

CppFlavor       = *
__SystemLibrary = DLib
__dlib_version  = 6


*******************************************************************************
*** HEAP SELECTION
***

The basic heap was selected because no calls to memory allocation
functions were found in the application outside of system library
functions, and there are calls to deallocation functions in the
application.


*******************************************************************************
*** PLACEMENT SUMMARY
***

"A0":  place at address 0x800'0000 { ro section .intvec };
"P1":  place in [from 0x800'0000 to 0x807'ffff] { ro };
define block CSTACK with size = 8K, alignment = 8 { };
define block HEAP with size = 8K, alignment = 8 { };
"P4":  place in [from 0x2000'0000 to 0x2001'bfff] |
                [from 0x2001'c000 to 0x2001'ffff] {
          rw, block CSTACK, block HEAP };
initialize by copy { rw };

No sections matched the following patterns:

  ro section application_specific_ro  in "P2"
  section .backup_sram                in "P5"
  section .ccram                      in "P3"


  Section            Kind         Address    Size  Object
  -------            ----         -------    ----  ------
"A0":                                       0x188
  .intvec            ro code   0x800'0000   0x188  startup_stm32f4xx.o [1]
                             - 0x800'0188   0x188

"P1":                                       0xaf8
  .text              ro code   0x800'0188   0x1a6  stm32f4xx_tim.o [1]
  .text              ro code   0x800'032e    0x2e  copy_init3.o [4]
  .text              ro code   0x800'035c   0x168  main.o [1]
  .text              ro code   0x800'04c4   0x124  system_stm32f4xx.o [1]
  .text              ro code   0x800'05e8    0x40  stm32f4xx_rcc.o [1]
  .text              ro code   0x800'0628    0xfc  stm32f4xx_gpio.o [1]
  .text              ro code   0x800'0724    0x28  printf.o [2]
  .text              ro code   0x800'074c   0x134  xprintftiny.o [2]
  .text              ro code   0x800'0880    0x36  strlen.o [4]
  .text              ro code   0x800'08b8    0x7c  iarttio.o [5]
  .text              ro code   0x800'0934    0x3c  XShttio.o [2]
  .text              ro code   0x800'0970    0x28  data_init.o [4]
  .text              ro code   0x800'0998    0x22  fpinit_M.o [3]
  .text              ro code   0x800'09ba    0x22  iarwrite.o [5]
  .iar.init_table    const     0x800'09dc    0x14  - Linker created -
  .text              ro code   0x800'09f0    0x20  putchar.o [2]
  .text              ro code   0x800'0a10    0x10  write.o [5]
  .text              ro code   0x800'0a20    0x1e  dwrite.o [5]
  .text              ro code   0x800'0a3e    0x20  iarwstd.o [5]
  .text              ro code   0x800'0a60    0x1e  cmain.o [4]
  .text              ro code   0x800'0a7e     0x4  low_level_init.o [2]
  .text              ro code   0x800'0a82     0x4  exit.o [2]
  .text              ro code   0x800'0a88     0xa  cexit.o [4]
  .text              ro code   0x800'0a94    0x14  exit.o [5]
  .text              ro code   0x800'0aa8    0x16  xprout.o [2]
  .rodata            const     0x800'0ac0    0x14  main.o [1]
  .text              ro code   0x800'0ad4    0x14  Delay.o [1]
  .text              ro code   0x800'0ae8    0x10  startup_stm32f4xx.o [1]
  .text              ro code   0x800'0af8     0xc  cstartup_M.o [4]
  .text              ro code   0x800'0b04     0x4  startup_stm32f4xx.o [1]
  .text              ro code   0x800'0b08     0x4  startup_stm32f4xx.o [1]
  .text              ro code   0x800'0b0c     0x4  startup_stm32f4xx.o [1]
  .text              ro code   0x800'0b10     0x4  startup_stm32f4xx.o [1]
  .text              ro code   0x800'0b14     0x4  startup_stm32f4xx.o [1]
  .text              ro code   0x800'0b18     0x4  startup_stm32f4xx.o [1]
  .text              ro code   0x800'0b1c     0x4  startup_stm32f4xx.o [1]
  .text              ro code   0x800'0b20     0x4  startup_stm32f4xx.o [1]
  .text              ro code   0x800'0b24     0x4  startup_stm32f4xx.o [1]
  .text              ro code   0x800'0b28     0x4  startup_stm32f4xx.o [1]
  .text              ro code   0x800'0b2c     0x4  startup_stm32f4xx.o [1]
  .text              ro code   0x800'0b30     0x4  startup_stm32f4xx.o [1]
  .text              ro code   0x800'0b34     0x4  startup_stm32f4xx.o [1]
  .text              ro code   0x800'0b38     0x4  startup_stm32f4xx.o [1]
  .text              ro code   0x800'0b3c     0x4  startup_stm32f4xx.o [1]
  .text              ro code   0x800'0b40     0x4  startup_stm32f4xx.o [1]
  .text              ro code   0x800'0b44     0x4  startup_stm32f4xx.o [1]
  .text              ro code   0x800'0b48     0x4  startup_stm32f4xx.o [1]
  .text              ro code   0x800'0b4c     0x4  startup_stm32f4xx.o [1]
  .text              ro code   0x800'0b50     0x4  startup_stm32f4xx.o [1]
  .text              ro code   0x800'0b54     0x4  startup_stm32f4xx.o [1]
  .text              ro code   0x800'0b58     0x4  startup_stm32f4xx.o [1]
  .text              ro code   0x800'0b5c     0x4  startup_stm32f4xx.o [1]
  .text              ro code   0x800'0b60     0x4  startup_stm32f4xx.o [1]
  .text              ro code   0x800'0b64     0x4  startup_stm32f4xx.o [1]
  .text              ro code   0x800'0b68     0x4  startup_stm32f4xx.o [1]
  .text              ro code   0x800'0b6c     0x4  startup_stm32f4xx.o [1]
  .text              ro code   0x800'0b70     0x4  startup_stm32f4xx.o [1]
  .text              ro code   0x800'0b74     0x4  startup_stm32f4xx.o [1]
  .text              ro code   0x800'0b78     0x4  startup_stm32f4xx.o [1]
  .text              ro code   0x800'0b7c     0x4  startup_stm32f4xx.o [1]
  .text              ro code   0x800'0b80     0x4  startup_stm32f4xx.o [1]
  .text              ro code   0x800'0b84     0x4  startup_stm32f4xx.o [1]
  .text              ro code   0x800'0b88     0x4  startup_stm32f4xx.o [1]
  .text              ro code   0x800'0b8c     0x4  startup_stm32f4xx.o [1]
  .text              ro code   0x800'0b90     0x4  startup_stm32f4xx.o [1]
  .text              ro code   0x800'0b94     0x4  startup_stm32f4xx.o [1]
  .text              ro code   0x800'0b98     0x4  startup_stm32f4xx.o [1]
  .text              ro code   0x800'0b9c     0x4  startup_stm32f4xx.o [1]
  .text              ro code   0x800'0ba0     0x4  startup_stm32f4xx.o [1]
  .text              ro code   0x800'0ba4     0x4  startup_stm32f4xx.o [1]
  .text              ro code   0x800'0ba8     0x4  startup_stm32f4xx.o [1]
  .text              ro code   0x800'0bac     0x4  startup_stm32f4xx.o [1]
  .text              ro code   0x800'0bb0     0x4  startup_stm32f4xx.o [1]
  .text              ro code   0x800'0bb4     0x4  startup_stm32f4xx.o [1]
  .text              ro code   0x800'0bb8     0x4  startup_stm32f4xx.o [1]
  .text              ro code   0x800'0bbc     0x4  startup_stm32f4xx.o [1]
  .text              ro code   0x800'0bc0     0x4  startup_stm32f4xx.o [1]
  .text              ro code   0x800'0bc4     0x4  startup_stm32f4xx.o [1]
  .text              ro code   0x800'0bc8     0x4  startup_stm32f4xx.o [1]
  .text              ro code   0x800'0bcc     0x4  startup_stm32f4xx.o [1]
  .text              ro code   0x800'0bd0     0x4  startup_stm32f4xx.o [1]
  .text              ro code   0x800'0bd4     0x4  startup_stm32f4xx.o [1]
  .text              ro code   0x800'0bd8     0x4  startup_stm32f4xx.o [1]
  .text              ro code   0x800'0bdc     0x4  startup_stm32f4xx.o [1]
  .text              ro code   0x800'0be0     0x4  startup_stm32f4xx.o [1]
  .text              ro code   0x800'0be4     0x4  startup_stm32f4xx.o [1]
  .text              ro code   0x800'0be8     0x4  startup_stm32f4xx.o [1]
  .text              ro code   0x800'0bec     0x4  startup_stm32f4xx.o [1]
  .text              ro code   0x800'0bf0     0x4  startup_stm32f4xx.o [1]
  .text              ro code   0x800'0bf4     0x4  startup_stm32f4xx.o [1]
  .text              ro code   0x800'0bf8     0x4  startup_stm32f4xx.o [1]
  .text              ro code   0x800'0bfc     0x4  startup_stm32f4xx.o [1]
  .text              ro code   0x800'0c00     0x4  startup_stm32f4xx.o [1]
  .text              ro code   0x800'0c04     0x4  startup_stm32f4xx.o [1]
  .text              ro code   0x800'0c08     0x4  startup_stm32f4xx.o [1]
  .text              ro code   0x800'0c0c     0x4  startup_stm32f4xx.o [1]
  .text              ro code   0x800'0c10     0x4  startup_stm32f4xx.o [1]
  .text              ro code   0x800'0c14     0x4  startup_stm32f4xx.o [1]
  .text              ro code   0x800'0c18     0x4  startup_stm32f4xx.o [1]
  .text              ro code   0x800'0c1c     0x4  startup_stm32f4xx.o [1]
  .text              ro code   0x800'0c20     0x4  startup_stm32f4xx.o [1]
  .text              ro code   0x800'0c24     0x4  startup_stm32f4xx.o [1]
  .text              ro code   0x800'0c28     0x4  startup_stm32f4xx.o [1]
  .text              ro code   0x800'0c2c     0x4  startup_stm32f4xx.o [1]
  .text              ro code   0x800'0c30     0x4  startup_stm32f4xx.o [1]
  .text              ro code   0x800'0c34     0x4  startup_stm32f4xx.o [1]
  .text              ro code   0x800'0c38     0x4  startup_stm32f4xx.o [1]
  .text              ro code   0x800'0c3c     0x4  startup_stm32f4xx.o [1]
  .text              ro code   0x800'0c40     0x4  startup_stm32f4xx.o [1]
  .text              ro code   0x800'0c44     0x4  startup_stm32f4xx.o [1]
  .text              ro code   0x800'0c48     0x4  startup_stm32f4xx.o [1]
  .text              ro code   0x800'0c4c     0x4  startup_stm32f4xx.o [1]
  .text              ro code   0x800'0c50     0x4  startup_stm32f4xx.o [1]
  .text              ro code   0x800'0c54     0x4  startup_stm32f4xx.o [1]
  .text              ro code   0x800'0c58     0x4  startup_stm32f4xx.o [1]
  .text              ro code   0x800'0c5c     0x4  startup_stm32f4xx.o [1]
  .text              ro code   0x800'0c60     0x4  startup_stm32f4xx.o [1]
  .text              ro code   0x800'0c64     0x4  startup_stm32f4xx.o [1]
  .text              ro code   0x800'0c68     0x4  startup_stm32f4xx.o [1]
  .rodata            const     0x800'0c6c     0x0  copy_init3.o [4]
  Initializer bytes  const     0x800'0c6c    0x14  <for P4 s0>
                             - 0x800'0c80   0xaf8

"P4", part 1 of 2:                           0x14
  P4 s0                       0x2000'0000    0x14  <Init block>
    .data            inited   0x2000'0000     0x8  XShttio.o [2]
    .data            inited   0x2000'0008     0x4  system_stm32f4xx.o [1]
    .bss             inited   0x2000'000c     0x4  Delay.o [1]
    .bss             inited   0x2000'0010     0x1  XShttio.o [2]
                            - 0x2000'0014    0x14

"P4", part 2 of 2:                         0x2000
  CSTACK                      0x2000'0018  0x2000  <Block>
    CSTACK           uninit   0x2000'0018  0x2000  <Block tail>
                            - 0x2000'2018  0x2000

Unused ranges:

         From           To      Size
         ----           --      ----
   0x800'0c80   0x807'ffff  0x7'f380
  0x2000'0014  0x2000'0017       0x4
  0x2000'2018  0x2001'bfff  0x1'9fe8
  0x2001'c000  0x2001'ffff    0x4000


*******************************************************************************
*** INIT TABLE
***

          Address      Size
          -------      ----
Copy (__iar_copy_init3)
    1 source range, total size 0x14 (117% of destination):
           0x800'0c6c  0x14
    1 destination range, total size 0x11:
          0x2000'0000  0x11



*******************************************************************************
*** MODULE SUMMARY
***

    Module               ro code  ro data  rw data
    ------               -------  -------  -------
command line/config:
    ----------------------------------------------
    Total:

B:\ducda\Documents\IAR\F407\PWM Change\Debug\Obj: [1]
    Delay.o                   20        4        4
    main.o                   360       20
    startup_stm32f4xx.o      768
    stm32f4xx_gpio.o         252
    stm32f4xx_rcc.o           64
    stm32f4xx_tim.o          422
    system_stm32f4xx.o       292        4        4
    ----------------------------------------------
    Total:                 2'178       28        8

dl7M_tln.a: [2]
    XShttio.o                 60        9        9
    exit.o                     4
    low_level_init.o           4
    printf.o                  40
    putchar.o                 32
    xprintftiny.o            308
    xprout.o                  22
    ----------------------------------------------
    Total:                   470        9        9

m7M_tls.a: [3]
    fpinit_M.o                34
    ----------------------------------------------
    Total:                    34

rt7M_tl.a: [4]
    cexit.o                   10
    cmain.o                   30
    copy_init3.o              46
    cstartup_M.o              12
    data_init.o               40
    strlen.o                  54
    ----------------------------------------------
    Total:                   192

shb_l.a: [5]
    dwrite.o                  30
    exit.o                    20
    iarttio.o                124
    iarwrite.o                34
    iarwstd.o                 32
    write.o                   16
    ----------------------------------------------
    Total:                   256

    Gaps                       8        2
    Linker created                     23    8'192
--------------------------------------------------
    Grand Total:           3'138       62    8'209


*******************************************************************************
*** ENTRY LIST
***

Entry                       Address   Size  Type      Object
-----                       -------   ----  ----      ------
.iar.init_table$$Base    0x800'09dc          --   Gb  - Linker created -
.iar.init_table$$Limit   0x800'09f0          --   Gb  - Linker created -
?main                    0x800'0a61         Code  Gb  cmain.o [4]
CSTACK$$Base            0x2000'0018          --   Gb  - Linker created -
CSTACK$$Limit           0x2000'2018          --   Gb  - Linker created -
GPIO_Init                0x800'0629   0xa8  Code  Gb  stm32f4xx_gpio.o [1]
GPIO_PinAFConfig         0x800'06d1   0x54  Code  Gb  stm32f4xx_gpio.o [1]
GPIOinit                 0x800'03d5   0x46  Code  Gb  main.o [1]
RCC_AHB1PeriphClockCmd   0x800'05e9   0x1c  Code  Gb  stm32f4xx_rcc.o [1]
RCC_APB1PeriphClockCmd   0x800'0605   0x1c  Code  Gb  stm32f4xx_rcc.o [1]
Region$$Table$$Base      0x800'09dc          --   Gb  - Linker created -
Region$$Table$$Limit     0x800'09f0          --   Gb  - Linker created -
SetSysClock              0x800'050b   0xaa  Code  Lc  system_stm32f4xx.o [1]
SysTick_Handler          0x800'0ad5   0x10  Code  Gb  Delay.o [1]
SystemCoreClock         0x2000'0008    0x4  Data  Gb  system_stm32f4xx.o [1]
SystemInit               0x800'04c5   0x46  Code  Gb  system_stm32f4xx.o [1]
TIM_OC1Init              0x800'01f3   0x78  Code  Gb  stm32f4xx_tim.o [1]
TIM_OC1PreloadConfig     0x800'030d   0x10  Code  Gb  stm32f4xx_tim.o [1]
TIM_OC2Init              0x800'026b   0x86  Code  Gb  stm32f4xx_tim.o [1]
TIM_OC2PreloadConfig     0x800'031d   0x12  Code  Gb  stm32f4xx_tim.o [1]
TIM_TimeBaseInit         0x800'0189   0x6a  Code  Gb  stm32f4xx_tim.o [1]
TimerInit                0x800'041b   0x86  Code  Gb  main.o [1]
TimingDelay             0x2000'000c    0x4  Data  Lc  Delay.o [1]
_PrintfTiny              0x800'0765  0x11c  Code  Gb  xprintftiny.o [2]
_Prout                   0x800'0aa9   0x16  Code  Gb  xprout.o [2]
__cmain                  0x800'0a61         Code  Gb  cmain.o [4]
__dwrite                 0x800'0a21   0x1e  Code  Gb  dwrite.o [5]
__exit                   0x800'0a95   0x14  Code  Gb  exit.o [5]
__iar_close_ttio         0x800'08b9   0x2c  Code  Gb  iarttio.o [5]
__iar_copy_init3         0x800'032f   0x2e  Code  Gb  copy_init3.o [4]
__iar_data_init3         0x800'0971   0x28  Code  Gb  data_init.o [4]
__iar_get_ttio           0x800'08e5   0x4c  Code  Gb  iarttio.o [5]
__iar_init_vfp           0x800'0999         Code  Gb  fpinit_M.o [3]
__iar_lookup_ttioh       0x800'0963    0x4  Code  Gb  XShttio.o [2]
__iar_program_start      0x800'0af9         Code  Gb  cstartup_M.o [4]
__iar_sh_stdout          0x800'0a3f   0x20  Code  Gb  iarwstd.o [5]
__iar_sh_write           0x800'09bb   0x22  Code  Gb  iarwrite.o [5]
__iar_ttio_guard_lock    0x800'0935   0x1e  Code  Gb  XShttio.o [2]
__iar_ttio_guard_unlock
                         0x800'0953   0x10  Code  Gb  XShttio.o [2]
__iar_ttio_handles      0x2000'0000    0x8  Data  Lc  XShttio.o [2]
__low_level_init         0x800'0a7f    0x4  Code  Gb  low_level_init.o [2]
__vector_table           0x800'0000         Data  Gb  startup_stm32f4xx.o [1]
__write                  0x800'0a11   0x10  Code  Gb  write.o [5]
_call_main               0x800'0a6d         Code  Gb  cmain.o [4]
_exit                    0x800'0a89         Code  Gb  cexit.o [4]
_main                    0x800'0a7b         Code  Gb  cmain.o [4]
exit                     0x800'0a83    0x4  Code  Gb  exit.o [2]
main                     0x800'035d   0x78  Code  Gb  main.o [1]
out                      0x800'074d   0x18  Code  Lc  xprintftiny.o [2]
printf                   0x800'0725   0x28  Code  Gb  printf.o [2]
putchar                  0x800'09f1   0x20  Code  Gb  putchar.o [2]
strlen                   0x800'0881         Code  Gb  strlen.o [4]
ttio_guard              0x2000'0010    0x1  Data  Lc  XShttio.o [2]


[1] = B:\ducda\Documents\IAR\F407\PWM Change\Debug\Obj
[2] = dl7M_tln.a
[3] = m7M_tls.a
[4] = rt7M_tl.a
[5] = shb_l.a

  3'138 bytes of readonly  code memory
     62 bytes of readonly  data memory
  8'209 bytes of readwrite data memory

Errors: none
Warnings: none
