###############################################################################
#
# IAR ELF Linker V8.40.1.212/W32 for ARM                  20/Mar/2021  02:38:47
# Copyright 2007-2019 IAR Systems AB.
#
#    Output file  =  B:\ducda\Documents\IAR\F407\UART\Debug\Exe\project0.out
#    Map file     =  B:\ducda\Documents\IAR\F407\UART\Debug\List\project0.map
#    Command line =
#        -f C:\Users\ducda\AppData\Local\Temp\EWB860.tmp
#        (B:\ducda\Documents\IAR\F407\UART\Debug\Obj\Delay.o
#        B:\ducda\Documents\IAR\F407\UART\Debug\Obj\main.o
#        B:\ducda\Documents\IAR\F407\UART\Debug\Obj\misc.o
#        B:\ducda\Documents\IAR\F407\UART\Debug\Obj\startup_stm32f4xx.o
#        B:\ducda\Documents\IAR\F407\UART\Debug\Obj\stm32f4xx_adc.o
#        B:\ducda\Documents\IAR\F407\UART\Debug\Obj\stm32f4xx_can.o
#        B:\ducda\Documents\IAR\F407\UART\Debug\Obj\stm32f4xx_crc.o
#        B:\ducda\Documents\IAR\F407\UART\Debug\Obj\stm32f4xx_cryp.o
#        B:\ducda\Documents\IAR\F407\UART\Debug\Obj\stm32f4xx_cryp_aes.o
#        B:\ducda\Documents\IAR\F407\UART\Debug\Obj\stm32f4xx_cryp_des.o
#        B:\ducda\Documents\IAR\F407\UART\Debug\Obj\stm32f4xx_cryp_tdes.o
#        B:\ducda\Documents\IAR\F407\UART\Debug\Obj\stm32f4xx_dac.o
#        B:\ducda\Documents\IAR\F407\UART\Debug\Obj\stm32f4xx_dbgmcu.o
#        B:\ducda\Documents\IAR\F407\UART\Debug\Obj\stm32f4xx_dcmi.o
#        B:\ducda\Documents\IAR\F407\UART\Debug\Obj\stm32f4xx_dma.o
#        B:\ducda\Documents\IAR\F407\UART\Debug\Obj\stm32f4xx_exti.o
#        B:\ducda\Documents\IAR\F407\UART\Debug\Obj\stm32f4xx_flash.o
#        B:\ducda\Documents\IAR\F407\UART\Debug\Obj\stm32f4xx_fsmc.o
#        B:\ducda\Documents\IAR\F407\UART\Debug\Obj\stm32f4xx_gpio.o
#        B:\ducda\Documents\IAR\F407\UART\Debug\Obj\stm32f4xx_hash.o
#        B:\ducda\Documents\IAR\F407\UART\Debug\Obj\stm32f4xx_hash_md5.o
#        B:\ducda\Documents\IAR\F407\UART\Debug\Obj\stm32f4xx_hash_sha1.o
#        B:\ducda\Documents\IAR\F407\UART\Debug\Obj\stm32f4xx_i2c.o
#        B:\ducda\Documents\IAR\F407\UART\Debug\Obj\stm32f4xx_iwdg.o
#        B:\ducda\Documents\IAR\F407\UART\Debug\Obj\stm32f4xx_pwr.o
#        B:\ducda\Documents\IAR\F407\UART\Debug\Obj\stm32f4xx_rcc.o
#        B:\ducda\Documents\IAR\F407\UART\Debug\Obj\stm32f4xx_rng.o
#        B:\ducda\Documents\IAR\F407\UART\Debug\Obj\stm32f4xx_rtc.o
#        B:\ducda\Documents\IAR\F407\UART\Debug\Obj\stm32f4xx_sdio.o
#        B:\ducda\Documents\IAR\F407\UART\Debug\Obj\stm32f4xx_spi.o
#        B:\ducda\Documents\IAR\F407\UART\Debug\Obj\stm32f4xx_syscfg.o
#        B:\ducda\Documents\IAR\F407\UART\Debug\Obj\stm32f4xx_tim.o
#        B:\ducda\Documents\IAR\F407\UART\Debug\Obj\stm32f4xx_usart.o
#        B:\ducda\Documents\IAR\F407\UART\Debug\Obj\stm32f4xx_wwdg.o
#        B:\ducda\Documents\IAR\F407\UART\Debug\Obj\system_stm32f4xx.o
#        --no_out_extension -o
#        B:\ducda\Documents\IAR\F407\UART\Debug\Exe\project0.out --map
#        B:\ducda\Documents\IAR\F407\UART\Debug\List\project0.map --config
#        "B:\Program Files (x86)\IAR Systems\Embedded Workbench
#        8.3\arm\config\linker\ST\stm32f407xE.icf" --semihosting --entry
#        __iar_program_start --vfe --text_out locale)
#
###############################################################################

*******************************************************************************
*** RUNTIME MODEL ATTRIBUTES
***

CppFlavor       = *
__SystemLibrary = DLib
__dlib_version  = 6


*******************************************************************************
*** HEAP SELECTION
***

The basic heap was selected because no calls to memory allocation
functions were found in the application outside of system library
functions, and there are calls to deallocation functions in the
application.


*******************************************************************************
*** PLACEMENT SUMMARY
***

"A0":  place at address 0x800'0000 { ro section .intvec };
"P1":  place in [from 0x800'0000 to 0x807'ffff] { ro };
define block CSTACK with size = 8K, alignment = 8 { };
define block HEAP with size = 8K, alignment = 8 { };
"P4":  place in [from 0x2000'0000 to 0x2001'bfff] |
                [from 0x2001'c000 to 0x2001'ffff] {
          rw, block CSTACK, block HEAP };
initialize by copy { rw };

No sections matched the following patterns:

  ro section application_specific_ro  in "P2"
  section .backup_sram                in "P5"
  section .ccram                      in "P3"


  Section            Kind         Address    Size  Object
  -------            ----         -------    ----  ------
"A0":                                       0x188
  .intvec            ro code   0x800'0000   0x188  startup_stm32f4xx.o [1]
                             - 0x800'0188   0x188

"P1":                                       0xa38
  .text              ro code   0x800'0188   0x1e2  stm32f4xx_usart.o [1]
  .text              ro code   0x800'036a    0x2e  copy_init3.o [4]
  .text              ro code   0x800'0398   0x10c  stm32f4xx_rcc.o [1]
  .text              ro code   0x800'04a4   0x178  main.o [1]
  .text              ro code   0x800'061c   0x124  system_stm32f4xx.o [1]
  .text              ro code   0x800'0740   0x10a  stm32f4xx_gpio.o [1]
  .text              ro code   0x800'084c    0xa4  Delay.o [1]
  .text              ro code   0x800'08f0    0x80  misc.o [1]
  .text              ro code   0x800'0970    0x28  data_init.o [4]
  .text              ro code   0x800'0998    0x22  fpinit_M.o [3]
  .iar.init_table    const     0x800'09bc    0x14  - Linker created -
  .text              ro code   0x800'09d0    0x1e  cmain.o [4]
  .text              ro code   0x800'09ee     0x4  low_level_init.o [2]
  .text              ro code   0x800'09f2     0x4  exit.o [2]
  .text              ro code   0x800'09f8     0xa  cexit.o [4]
  .text              ro code   0x800'0a04    0x14  exit.o [5]
  .rodata            const     0x800'0a18    0x10  main.o [1]
  .text              ro code   0x800'0a28    0x10  startup_stm32f4xx.o [1]
  .text              ro code   0x800'0a38     0xc  cstartup_M.o [4]
  .text              ro code   0x800'0a44     0x4  startup_stm32f4xx.o [1]
  .text              ro code   0x800'0a48     0x4  startup_stm32f4xx.o [1]
  .text              ro code   0x800'0a4c     0x4  startup_stm32f4xx.o [1]
  .text              ro code   0x800'0a50     0x4  startup_stm32f4xx.o [1]
  .text              ro code   0x800'0a54     0x4  startup_stm32f4xx.o [1]
  .text              ro code   0x800'0a58     0x4  startup_stm32f4xx.o [1]
  .text              ro code   0x800'0a5c     0x4  startup_stm32f4xx.o [1]
  .text              ro code   0x800'0a60     0x4  startup_stm32f4xx.o [1]
  .text              ro code   0x800'0a64     0x4  startup_stm32f4xx.o [1]
  .text              ro code   0x800'0a68     0x4  startup_stm32f4xx.o [1]
  .text              ro code   0x800'0a6c     0x4  startup_stm32f4xx.o [1]
  .text              ro code   0x800'0a70     0x4  startup_stm32f4xx.o [1]
  .text              ro code   0x800'0a74     0x4  startup_stm32f4xx.o [1]
  .text              ro code   0x800'0a78     0x4  startup_stm32f4xx.o [1]
  .text              ro code   0x800'0a7c     0x4  startup_stm32f4xx.o [1]
  .text              ro code   0x800'0a80     0x4  startup_stm32f4xx.o [1]
  .text              ro code   0x800'0a84     0x4  startup_stm32f4xx.o [1]
  .text              ro code   0x800'0a88     0x4  startup_stm32f4xx.o [1]
  .text              ro code   0x800'0a8c     0x4  startup_stm32f4xx.o [1]
  .text              ro code   0x800'0a90     0x4  startup_stm32f4xx.o [1]
  .text              ro code   0x800'0a94     0x4  startup_stm32f4xx.o [1]
  .text              ro code   0x800'0a98     0x4  startup_stm32f4xx.o [1]
  .text              ro code   0x800'0a9c     0x4  startup_stm32f4xx.o [1]
  .text              ro code   0x800'0aa0     0x4  startup_stm32f4xx.o [1]
  .text              ro code   0x800'0aa4     0x4  startup_stm32f4xx.o [1]
  .text              ro code   0x800'0aa8     0x4  startup_stm32f4xx.o [1]
  .text              ro code   0x800'0aac     0x4  startup_stm32f4xx.o [1]
  .text              ro code   0x800'0ab0     0x4  startup_stm32f4xx.o [1]
  .text              ro code   0x800'0ab4     0x4  startup_stm32f4xx.o [1]
  .text              ro code   0x800'0ab8     0x4  startup_stm32f4xx.o [1]
  .text              ro code   0x800'0abc     0x4  startup_stm32f4xx.o [1]
  .text              ro code   0x800'0ac0     0x4  startup_stm32f4xx.o [1]
  .text              ro code   0x800'0ac4     0x4  startup_stm32f4xx.o [1]
  .text              ro code   0x800'0ac8     0x4  startup_stm32f4xx.o [1]
  .text              ro code   0x800'0acc     0x4  startup_stm32f4xx.o [1]
  .text              ro code   0x800'0ad0     0x4  startup_stm32f4xx.o [1]
  .text              ro code   0x800'0ad4     0x4  startup_stm32f4xx.o [1]
  .text              ro code   0x800'0ad8     0x4  startup_stm32f4xx.o [1]
  .text              ro code   0x800'0adc     0x4  startup_stm32f4xx.o [1]
  .text              ro code   0x800'0ae0     0x4  startup_stm32f4xx.o [1]
  .text              ro code   0x800'0ae4     0x4  startup_stm32f4xx.o [1]
  .text              ro code   0x800'0ae8     0x4  startup_stm32f4xx.o [1]
  .text              ro code   0x800'0aec     0x4  startup_stm32f4xx.o [1]
  .text              ro code   0x800'0af0     0x4  startup_stm32f4xx.o [1]
  .text              ro code   0x800'0af4     0x4  startup_stm32f4xx.o [1]
  .text              ro code   0x800'0af8     0x4  startup_stm32f4xx.o [1]
  .text              ro code   0x800'0afc     0x4  startup_stm32f4xx.o [1]
  .text              ro code   0x800'0b00     0x4  startup_stm32f4xx.o [1]
  .text              ro code   0x800'0b04     0x4  startup_stm32f4xx.o [1]
  .text              ro code   0x800'0b08     0x4  startup_stm32f4xx.o [1]
  .text              ro code   0x800'0b0c     0x4  startup_stm32f4xx.o [1]
  .text              ro code   0x800'0b10     0x4  startup_stm32f4xx.o [1]
  .text              ro code   0x800'0b14     0x4  startup_stm32f4xx.o [1]
  .text              ro code   0x800'0b18     0x4  startup_stm32f4xx.o [1]
  .text              ro code   0x800'0b1c     0x4  startup_stm32f4xx.o [1]
  .text              ro code   0x800'0b20     0x4  startup_stm32f4xx.o [1]
  .text              ro code   0x800'0b24     0x4  startup_stm32f4xx.o [1]
  .text              ro code   0x800'0b28     0x4  startup_stm32f4xx.o [1]
  .text              ro code   0x800'0b2c     0x4  startup_stm32f4xx.o [1]
  .text              ro code   0x800'0b30     0x4  startup_stm32f4xx.o [1]
  .text              ro code   0x800'0b34     0x4  startup_stm32f4xx.o [1]
  .text              ro code   0x800'0b38     0x4  startup_stm32f4xx.o [1]
  .text              ro code   0x800'0b3c     0x4  startup_stm32f4xx.o [1]
  .text              ro code   0x800'0b40     0x4  startup_stm32f4xx.o [1]
  .text              ro code   0x800'0b44     0x4  startup_stm32f4xx.o [1]
  .text              ro code   0x800'0b48     0x4  startup_stm32f4xx.o [1]
  .text              ro code   0x800'0b4c     0x4  startup_stm32f4xx.o [1]
  .text              ro code   0x800'0b50     0x4  startup_stm32f4xx.o [1]
  .text              ro code   0x800'0b54     0x4  startup_stm32f4xx.o [1]
  .text              ro code   0x800'0b58     0x4  startup_stm32f4xx.o [1]
  .text              ro code   0x800'0b5c     0x4  startup_stm32f4xx.o [1]
  .text              ro code   0x800'0b60     0x4  startup_stm32f4xx.o [1]
  .text              ro code   0x800'0b64     0x4  startup_stm32f4xx.o [1]
  .text              ro code   0x800'0b68     0x4  startup_stm32f4xx.o [1]
  .text              ro code   0x800'0b6c     0x4  startup_stm32f4xx.o [1]
  .text              ro code   0x800'0b70     0x4  startup_stm32f4xx.o [1]
  .text              ro code   0x800'0b74     0x4  startup_stm32f4xx.o [1]
  .text              ro code   0x800'0b78     0x4  startup_stm32f4xx.o [1]
  .text              ro code   0x800'0b7c     0x4  startup_stm32f4xx.o [1]
  .text              ro code   0x800'0b80     0x4  startup_stm32f4xx.o [1]
  .text              ro code   0x800'0b84     0x4  startup_stm32f4xx.o [1]
  .text              ro code   0x800'0b88     0x4  startup_stm32f4xx.o [1]
  .text              ro code   0x800'0b8c     0x4  startup_stm32f4xx.o [1]
  .text              ro code   0x800'0b90     0x4  startup_stm32f4xx.o [1]
  .text              ro code   0x800'0b94     0x4  startup_stm32f4xx.o [1]
  .text              ro code   0x800'0b98     0x4  startup_stm32f4xx.o [1]
  .text              ro code   0x800'0b9c     0x4  startup_stm32f4xx.o [1]
  .text              ro code   0x800'0ba0     0x4  startup_stm32f4xx.o [1]
  .text              ro code   0x800'0ba4     0x4  startup_stm32f4xx.o [1]
  .rodata            const     0x800'0ba8     0x0  copy_init3.o [4]
  Initializer bytes  const     0x800'0ba8    0x18  <for P4 s0>
                             - 0x800'0bc0   0xa38

"P4", part 1 of 2:                           0x18
  P4 s0                       0x2000'0000    0x18  <Init block>
    .data            inited   0x2000'0000    0x10  stm32f4xx_rcc.o [1]
    .data            inited   0x2000'0010     0x4  system_stm32f4xx.o [1]
    .bss             inited   0x2000'0014     0x4  Delay.o [1]
                            - 0x2000'0018    0x18

"P4", part 2 of 2:                         0x2000
  CSTACK                      0x2000'0018  0x2000  <Block>
    CSTACK           uninit   0x2000'0018  0x2000  <Block tail>
                            - 0x2000'2018  0x2000

Unused ranges:

         From           To      Size
         ----           --      ----
   0x800'0bc0   0x807'ffff  0x7'f440
  0x2000'2018  0x2001'bfff  0x1'9fe8
  0x2001'c000  0x2001'ffff    0x4000


*******************************************************************************
*** INIT TABLE
***

          Address      Size
          -------      ----
Copy (__iar_copy_init3)
    1 source range, total size 0x18:
           0x800'0ba8  0x18
    1 destination range, total size 0x18:
          0x2000'0000  0x18



*******************************************************************************
*** MODULE SUMMARY
***

    Module               ro code  ro data  rw data
    ------               -------  -------  -------
command line/config:
    ----------------------------------------------
    Total:

B:\ducda\Documents\IAR\F407\UART\Debug\Obj: [1]
    Delay.o                  164        4        4
    main.o                   376       16
    misc.o                   128
    startup_stm32f4xx.o      764
    stm32f4xx_gpio.o         266
    stm32f4xx_rcc.o          268       16       16
    stm32f4xx_usart.o        482
    system_stm32f4xx.o       292        4        4
    ----------------------------------------------
    Total:                 2'740       40       24

dl7M_tln.a: [2]
    exit.o                     4
    low_level_init.o           4
    ----------------------------------------------
    Total:                     8

m7M_tls.a: [3]
    fpinit_M.o                34
    ----------------------------------------------
    Total:                    34

rt7M_tl.a: [4]
    cexit.o                   10
    cmain.o                   30
    copy_init3.o              46
    cstartup_M.o              12
    data_init.o               40
    ----------------------------------------------
    Total:                   138

shb_l.a: [5]
    exit.o                    20
    ----------------------------------------------
    Total:                    20

    Gaps                       6        2
    Linker created                     20    8'192
--------------------------------------------------
    Grand Total:           2'946       62    8'216


*******************************************************************************
*** ENTRY LIST
***

Entry                       Address  Size  Type      Object
-----                       -------  ----  ----      ------
.iar.init_table$$Base    0x800'09bc         --   Gb  - Linker created -
.iar.init_table$$Limit   0x800'09d0         --   Gb  - Linker created -
?main                    0x800'09d1        Code  Gb  cmain.o [4]
APBAHBPrescTable        0x2000'0000  0x10  Data  Lc  stm32f4xx_rcc.o [1]
CSTACK$$Base            0x2000'0018         --   Gb  - Linker created -
CSTACK$$Limit           0x2000'2018         --   Gb  - Linker created -
Delay                    0x800'089f  0x26  Code  Gb  Delay.o [1]
GPIO_Config              0x800'04cf  0x30  Code  Gb  main.o [1]
GPIO_Init                0x800'0741  0xa8  Code  Gb  stm32f4xx_gpio.o [1]
GPIO_PinAFConfig         0x800'07f7  0x54  Code  Gb  stm32f4xx_gpio.o [1]
GPIO_ResetBits           0x800'07e9   0x4  Code  Gb  stm32f4xx_gpio.o [1]
GPIO_ToggleBits          0x800'07ed   0xa  Code  Gb  stm32f4xx_gpio.o [1]
NVIC_Config              0x800'058d  0x2a  Code  Gb  main.o [1]
NVIC_Init                0x800'08fb  0x62  Code  Gb  misc.o [1]
NVIC_PriorityGroupConfig
                         0x800'08f1   0xa  Code  Gb  misc.o [1]
RCC_AHB1PeriphClockCmd   0x800'0451  0x1c  Code  Gb  stm32f4xx_rcc.o [1]
RCC_APB2PeriphClockCmd   0x800'046d  0x1c  Code  Gb  stm32f4xx_rcc.o [1]
RCC_GetClocksFreq        0x800'0399  0xb8  Code  Gb  stm32f4xx_rcc.o [1]
Region$$Table$$Base      0x800'09bc         --   Gb  - Linker created -
Region$$Table$$Limit     0x800'09d0         --   Gb  - Linker created -
SetSysClock              0x800'0663  0xaa  Code  Lc  system_stm32f4xx.o [1]
SysTick_Config           0x800'0871  0x2e  Code  Lc  Delay.o [1]
SysTick_Handler          0x800'08c5  0x10  Code  Gb  Delay.o [1]
SystemCoreClock         0x2000'0010   0x4  Data  Gb  system_stm32f4xx.o [1]
SystemInit               0x800'061d  0x46  Code  Gb  system_stm32f4xx.o [1]
TimingDelay             0x2000'0014   0x4  Data  Lc  Delay.o [1]
USART6_IRQHandler        0x800'05df  0x2c  Code  Gb  main.o [1]
USART6_Puts              0x800'05b7  0x28  Code  Gb  main.o [1]
USART_Cmd                0x800'026d  0x1c  Code  Gb  stm32f4xx_usart.o [1]
USART_Config             0x800'04ff  0x8e  Code  Gb  main.o [1]
USART_GetFlagStatus      0x800'02ed  0x1a  Code  Gb  stm32f4xx_usart.o [1]
USART_GetITStatus        0x800'0307  0x64  Code  Gb  stm32f4xx_usart.o [1]
USART_ITConfig           0x800'0299  0x54  Code  Gb  stm32f4xx_usart.o [1]
USART_Init               0x800'0189  0xb8  Code  Gb  stm32f4xx_usart.o [1]
USART_ReceiveData        0x800'0291   0x8  Code  Gb  stm32f4xx_usart.o [1]
USART_SendData           0x800'0289   0x8  Code  Gb  stm32f4xx_usart.o [1]
USART_StructInit         0x800'0251  0x1c  Code  Gb  stm32f4xx_usart.o [1]
__NVIC_SetPriority       0x800'084d  0x24  Code  Lc  Delay.o [1]
__cmain                  0x800'09d1        Code  Gb  cmain.o [4]
__exit                   0x800'0a05  0x14  Code  Gb  exit.o [5]
__iar_copy_init3         0x800'036b  0x2e  Code  Gb  copy_init3.o [4]
__iar_data_init3         0x800'0971  0x28  Code  Gb  data_init.o [4]
__iar_init_vfp           0x800'0999        Code  Gb  fpinit_M.o [3]
__iar_program_start      0x800'0a39        Code  Gb  cstartup_M.o [4]
__low_level_init         0x800'09ef   0x4  Code  Gb  low_level_init.o [2]
__vector_table           0x800'0000        Data  Gb  startup_stm32f4xx.o [1]
_call_main               0x800'09dd        Code  Gb  cmain.o [4]
_exit                    0x800'09f9        Code  Gb  cexit.o [4]
_main                    0x800'09eb        Code  Gb  cmain.o [4]
exit                     0x800'09f3   0x4  Code  Gb  exit.o [2]
main                     0x800'04a5  0x2a  Code  Gb  main.o [1]


[1] = B:\ducda\Documents\IAR\F407\UART\Debug\Obj
[2] = dl7M_tln.a
[3] = m7M_tls.a
[4] = rt7M_tl.a
[5] = shb_l.a

  2'946 bytes of readonly  code memory
     62 bytes of readonly  data memory
  8'216 bytes of readwrite data memory

Errors: none
Warnings: none
