###############################################################################
#
# IAR ELF Linker V8.40.1.212/W32 for ARM                  18/Mar/2021  04:46:39
# Copyright 2007-2019 IAR Systems AB.
#
#    Output file  =
#        B:\ducda\Documents\IAR\F407\EXTI_register\Debug\Exe\project0.out
#    Map file     =
#        B:\ducda\Documents\IAR\F407\EXTI_register\Debug\List\project0.map
#    Command line =
#        -f C:\Users\ducda\AppData\Local\Temp\EWEC1.tmp
#        (B:\ducda\Documents\IAR\F407\EXTI_register\Debug\Obj\Delay.o
#        B:\ducda\Documents\IAR\F407\EXTI_register\Debug\Obj\main.o
#        B:\ducda\Documents\IAR\F407\EXTI_register\Debug\Obj\misc.o
#        B:\ducda\Documents\IAR\F407\EXTI_register\Debug\Obj\startup_stm32f4xx.o
#        B:\ducda\Documents\IAR\F407\EXTI_register\Debug\Obj\stm32f4xx_adc.o
#        B:\ducda\Documents\IAR\F407\EXTI_register\Debug\Obj\stm32f4xx_can.o
#        B:\ducda\Documents\IAR\F407\EXTI_register\Debug\Obj\stm32f4xx_crc.o
#        B:\ducda\Documents\IAR\F407\EXTI_register\Debug\Obj\stm32f4xx_cryp.o
#        B:\ducda\Documents\IAR\F407\EXTI_register\Debug\Obj\stm32f4xx_cryp_aes.o
#        B:\ducda\Documents\IAR\F407\EXTI_register\Debug\Obj\stm32f4xx_cryp_des.o
#        B:\ducda\Documents\IAR\F407\EXTI_register\Debug\Obj\stm32f4xx_cryp_tdes.o
#        B:\ducda\Documents\IAR\F407\EXTI_register\Debug\Obj\stm32f4xx_dac.o
#        B:\ducda\Documents\IAR\F407\EXTI_register\Debug\Obj\stm32f4xx_dbgmcu.o
#        B:\ducda\Documents\IAR\F407\EXTI_register\Debug\Obj\stm32f4xx_dcmi.o
#        B:\ducda\Documents\IAR\F407\EXTI_register\Debug\Obj\stm32f4xx_dma.o
#        B:\ducda\Documents\IAR\F407\EXTI_register\Debug\Obj\stm32f4xx_exti.o
#        B:\ducda\Documents\IAR\F407\EXTI_register\Debug\Obj\stm32f4xx_flash.o
#        B:\ducda\Documents\IAR\F407\EXTI_register\Debug\Obj\stm32f4xx_fsmc.o
#        B:\ducda\Documents\IAR\F407\EXTI_register\Debug\Obj\stm32f4xx_gpio.o
#        B:\ducda\Documents\IAR\F407\EXTI_register\Debug\Obj\stm32f4xx_hash.o
#        B:\ducda\Documents\IAR\F407\EXTI_register\Debug\Obj\stm32f4xx_hash_md5.o
#        B:\ducda\Documents\IAR\F407\EXTI_register\Debug\Obj\stm32f4xx_hash_sha1.o
#        B:\ducda\Documents\IAR\F407\EXTI_register\Debug\Obj\stm32f4xx_i2c.o
#        B:\ducda\Documents\IAR\F407\EXTI_register\Debug\Obj\stm32f4xx_iwdg.o
#        B:\ducda\Documents\IAR\F407\EXTI_register\Debug\Obj\stm32f4xx_pwr.o
#        B:\ducda\Documents\IAR\F407\EXTI_register\Debug\Obj\stm32f4xx_rcc.o
#        B:\ducda\Documents\IAR\F407\EXTI_register\Debug\Obj\stm32f4xx_rng.o
#        B:\ducda\Documents\IAR\F407\EXTI_register\Debug\Obj\stm32f4xx_rtc.o
#        B:\ducda\Documents\IAR\F407\EXTI_register\Debug\Obj\stm32f4xx_sdio.o
#        B:\ducda\Documents\IAR\F407\EXTI_register\Debug\Obj\stm32f4xx_spi.o
#        B:\ducda\Documents\IAR\F407\EXTI_register\Debug\Obj\stm32f4xx_syscfg.o
#        B:\ducda\Documents\IAR\F407\EXTI_register\Debug\Obj\stm32f4xx_tim.o
#        B:\ducda\Documents\IAR\F407\EXTI_register\Debug\Obj\stm32f4xx_usart.o
#        B:\ducda\Documents\IAR\F407\EXTI_register\Debug\Obj\stm32f4xx_wwdg.o
#        B:\ducda\Documents\IAR\F407\EXTI_register\Debug\Obj\system_stm32f4xx.o
#        --no_out_extension -o
#        B:\ducda\Documents\IAR\F407\EXTI_register\Debug\Exe\project0.out --map
#        B:\ducda\Documents\IAR\F407\EXTI_register\Debug\List\project0.map
#        --config "B:\Program Files (x86)\IAR Systems\Embedded Workbench
#        8.3\arm\config\linker\ST\stm32f407xE.icf" --semihosting --entry
#        __iar_program_start --vfe --text_out locale)
#
###############################################################################

*******************************************************************************
*** RUNTIME MODEL ATTRIBUTES
***

CppFlavor       = *
__SystemLibrary = DLib
__dlib_version  = 6


*******************************************************************************
*** HEAP SELECTION
***

The basic heap was selected because no calls to memory allocation
functions were found in the application outside of system library
functions, and there are calls to deallocation functions in the
application.


*******************************************************************************
*** PLACEMENT SUMMARY
***

"A0":  place at address 0x800'0000 { ro section .intvec };
"P1":  place in [from 0x800'0000 to 0x807'ffff] { ro };
define block CSTACK with size = 8K, alignment = 8 { };
define block HEAP with size = 8K, alignment = 8 { };
"P4":  place in [from 0x2000'0000 to 0x2001'bfff] |
                [from 0x2001'c000 to 0x2001'ffff] {
          rw, block CSTACK, block HEAP };
initialize by copy { rw };

No sections matched the following patterns:

  ro section application_specific_ro  in "P2"
  section .backup_sram                in "P5"
  section .ccram                      in "P3"


  Section            Kind         Address    Size  Object
  -------            ----         -------    ----  ------
"A0":                                       0x188
  .intvec            ro code   0x800'0000   0x188  startup_stm32f4xx.o [1]
                             - 0x800'0188   0x188

"P1":                                       0x538
  .text              ro code   0x800'0188   0x18c  main.o [1]
  .text              ro code   0x800'0314    0x28  stm32f4xx_exti.o [1]
  .text              ro code   0x800'033c   0x124  system_stm32f4xx.o [1]
  .text              ro code   0x800'0460    0x2e  copy_init3.o [4]
  .text              ro code   0x800'0490    0x28  data_init.o [4]
  .text              ro code   0x800'04b8    0x22  fpinit_M.o [3]
  .iar.init_table    const     0x800'04dc    0x14  - Linker created -
  .text              ro code   0x800'04f0    0x1e  cmain.o [4]
  .text              ro code   0x800'050e     0x4  low_level_init.o [2]
  .text              ro code   0x800'0512     0x4  exit.o [2]
  .text              ro code   0x800'0518     0xa  cexit.o [4]
  .text              ro code   0x800'0524    0x14  exit.o [5]
  .text              ro code   0x800'0538    0x10  startup_stm32f4xx.o [1]
  .text              ro code   0x800'0548     0xc  cstartup_M.o [4]
  .text              ro code   0x800'0554     0x4  startup_stm32f4xx.o [1]
  .text              ro code   0x800'0558     0x4  startup_stm32f4xx.o [1]
  .text              ro code   0x800'055c     0x4  startup_stm32f4xx.o [1]
  .text              ro code   0x800'0560     0x4  startup_stm32f4xx.o [1]
  .text              ro code   0x800'0564     0x4  startup_stm32f4xx.o [1]
  .text              ro code   0x800'0568     0x4  startup_stm32f4xx.o [1]
  .text              ro code   0x800'056c     0x4  startup_stm32f4xx.o [1]
  .text              ro code   0x800'0570     0x4  startup_stm32f4xx.o [1]
  .text              ro code   0x800'0574     0x4  startup_stm32f4xx.o [1]
  .text              ro code   0x800'0578     0x4  startup_stm32f4xx.o [1]
  .text              ro code   0x800'057c     0x4  startup_stm32f4xx.o [1]
  .text              ro code   0x800'0580     0x4  startup_stm32f4xx.o [1]
  .text              ro code   0x800'0584     0x4  startup_stm32f4xx.o [1]
  .text              ro code   0x800'0588     0x4  startup_stm32f4xx.o [1]
  .text              ro code   0x800'058c     0x4  startup_stm32f4xx.o [1]
  .text              ro code   0x800'0590     0x4  startup_stm32f4xx.o [1]
  .text              ro code   0x800'0594     0x4  startup_stm32f4xx.o [1]
  .text              ro code   0x800'0598     0x4  startup_stm32f4xx.o [1]
  .text              ro code   0x800'059c     0x4  startup_stm32f4xx.o [1]
  .text              ro code   0x800'05a0     0x4  startup_stm32f4xx.o [1]
  .text              ro code   0x800'05a4     0x4  startup_stm32f4xx.o [1]
  .text              ro code   0x800'05a8     0x4  startup_stm32f4xx.o [1]
  .text              ro code   0x800'05ac     0x4  startup_stm32f4xx.o [1]
  .text              ro code   0x800'05b0     0x4  startup_stm32f4xx.o [1]
  .text              ro code   0x800'05b4     0x4  startup_stm32f4xx.o [1]
  .text              ro code   0x800'05b8     0x4  startup_stm32f4xx.o [1]
  .text              ro code   0x800'05bc     0x4  startup_stm32f4xx.o [1]
  .text              ro code   0x800'05c0     0x4  startup_stm32f4xx.o [1]
  .text              ro code   0x800'05c4     0x4  startup_stm32f4xx.o [1]
  .text              ro code   0x800'05c8     0x4  startup_stm32f4xx.o [1]
  .text              ro code   0x800'05cc     0x4  startup_stm32f4xx.o [1]
  .text              ro code   0x800'05d0     0x4  startup_stm32f4xx.o [1]
  .text              ro code   0x800'05d4     0x4  startup_stm32f4xx.o [1]
  .text              ro code   0x800'05d8     0x4  startup_stm32f4xx.o [1]
  .text              ro code   0x800'05dc     0x4  startup_stm32f4xx.o [1]
  .text              ro code   0x800'05e0     0x4  startup_stm32f4xx.o [1]
  .text              ro code   0x800'05e4     0x4  startup_stm32f4xx.o [1]
  .text              ro code   0x800'05e8     0x4  startup_stm32f4xx.o [1]
  .text              ro code   0x800'05ec     0x4  startup_stm32f4xx.o [1]
  .text              ro code   0x800'05f0     0x4  startup_stm32f4xx.o [1]
  .text              ro code   0x800'05f4     0x4  startup_stm32f4xx.o [1]
  .text              ro code   0x800'05f8     0x4  startup_stm32f4xx.o [1]
  .text              ro code   0x800'05fc     0x4  startup_stm32f4xx.o [1]
  .text              ro code   0x800'0600     0x4  startup_stm32f4xx.o [1]
  .text              ro code   0x800'0604     0x4  startup_stm32f4xx.o [1]
  .text              ro code   0x800'0608     0x4  startup_stm32f4xx.o [1]
  .text              ro code   0x800'060c     0x4  startup_stm32f4xx.o [1]
  .text              ro code   0x800'0610     0x4  startup_stm32f4xx.o [1]
  .text              ro code   0x800'0614     0x4  startup_stm32f4xx.o [1]
  .text              ro code   0x800'0618     0x4  startup_stm32f4xx.o [1]
  .text              ro code   0x800'061c     0x4  startup_stm32f4xx.o [1]
  .text              ro code   0x800'0620     0x4  startup_stm32f4xx.o [1]
  .text              ro code   0x800'0624     0x4  startup_stm32f4xx.o [1]
  .text              ro code   0x800'0628     0x4  startup_stm32f4xx.o [1]
  .text              ro code   0x800'062c     0x4  startup_stm32f4xx.o [1]
  .text              ro code   0x800'0630     0x4  startup_stm32f4xx.o [1]
  .text              ro code   0x800'0634     0x4  startup_stm32f4xx.o [1]
  .text              ro code   0x800'0638     0x4  startup_stm32f4xx.o [1]
  .text              ro code   0x800'063c     0x4  startup_stm32f4xx.o [1]
  .text              ro code   0x800'0640     0x4  startup_stm32f4xx.o [1]
  .text              ro code   0x800'0644     0x4  startup_stm32f4xx.o [1]
  .text              ro code   0x800'0648     0x4  startup_stm32f4xx.o [1]
  .text              ro code   0x800'064c     0x4  startup_stm32f4xx.o [1]
  .text              ro code   0x800'0650     0x4  startup_stm32f4xx.o [1]
  .text              ro code   0x800'0654     0x4  startup_stm32f4xx.o [1]
  .text              ro code   0x800'0658     0x4  startup_stm32f4xx.o [1]
  .text              ro code   0x800'065c     0x4  startup_stm32f4xx.o [1]
  .text              ro code   0x800'0660     0x4  startup_stm32f4xx.o [1]
  .text              ro code   0x800'0664     0x4  startup_stm32f4xx.o [1]
  .text              ro code   0x800'0668     0x4  startup_stm32f4xx.o [1]
  .text              ro code   0x800'066c     0x4  startup_stm32f4xx.o [1]
  .text              ro code   0x800'0670     0x4  startup_stm32f4xx.o [1]
  .text              ro code   0x800'0674     0x4  startup_stm32f4xx.o [1]
  .text              ro code   0x800'0678     0x4  startup_stm32f4xx.o [1]
  .text              ro code   0x800'067c     0x4  startup_stm32f4xx.o [1]
  .text              ro code   0x800'0680     0x4  startup_stm32f4xx.o [1]
  .text              ro code   0x800'0684     0x4  startup_stm32f4xx.o [1]
  .text              ro code   0x800'0688     0x4  startup_stm32f4xx.o [1]
  .text              ro code   0x800'068c     0x4  startup_stm32f4xx.o [1]
  .text              ro code   0x800'0690     0x4  startup_stm32f4xx.o [1]
  .text              ro code   0x800'0694     0x4  startup_stm32f4xx.o [1]
  .text              ro code   0x800'0698     0x4  startup_stm32f4xx.o [1]
  .text              ro code   0x800'069c     0x4  startup_stm32f4xx.o [1]
  .text              ro code   0x800'06a0     0x4  startup_stm32f4xx.o [1]
  .text              ro code   0x800'06a4     0x4  startup_stm32f4xx.o [1]
  .text              ro code   0x800'06a8     0x4  startup_stm32f4xx.o [1]
  .text              ro code   0x800'06ac     0x4  startup_stm32f4xx.o [1]
  .text              ro code   0x800'06b0     0x4  startup_stm32f4xx.o [1]
  .text              ro code   0x800'06b4     0x4  startup_stm32f4xx.o [1]
  .text              ro code   0x800'06b8     0x4  startup_stm32f4xx.o [1]
  .rodata            const     0x800'06bc     0x0  copy_init3.o [4]
  Initializer bytes  const     0x800'06bc     0x4  <for P4 s0>
                             - 0x800'06c0   0x538

"P4", part 1 of 2:                            0x4
  P4 s0                       0x2000'0000     0x4  <Init block>
    .data            inited   0x2000'0000     0x4  main.o [1]
                            - 0x2000'0004     0x4

"P4", part 2 of 2:                         0x2000
  CSTACK                      0x2000'0008  0x2000  <Block>
    CSTACK           uninit   0x2000'0008  0x2000  <Block tail>
                            - 0x2000'2008  0x2000

Unused ranges:

         From           To      Size
         ----           --      ----
   0x800'06c0   0x807'ffff  0x7'f940
  0x2000'0004  0x2000'0007       0x4
  0x2000'2008  0x2001'bfff  0x1'9ff8
  0x2001'c000  0x2001'ffff    0x4000


*******************************************************************************
*** INIT TABLE
***

          Address      Size
          -------      ----
Copy (__iar_copy_init3)
    1 source range, total size 0x4:
           0x800'06bc   0x4
    1 destination range, total size 0x4:
          0x2000'0000   0x4



*******************************************************************************
*** MODULE SUMMARY
***

    Module               ro code  ro data  rw data
    ------               -------  -------  -------
command line/config:
    ----------------------------------------------
    Total:

B:\ducda\Documents\IAR\F407\EXTI_register\Debug\Obj: [1]
    main.o                   396        4        4
    startup_stm32f4xx.o      768
    stm32f4xx_exti.o          40
    system_stm32f4xx.o       292
    ----------------------------------------------
    Total:                 1'496        4        4

dl7M_tln.a: [2]
    exit.o                     4
    low_level_init.o           4
    ----------------------------------------------
    Total:                     8

m7M_tls.a: [3]
    fpinit_M.o                34
    ----------------------------------------------
    Total:                    34

rt7M_tl.a: [4]
    cexit.o                   10
    cmain.o                   30
    copy_init3.o              46
    cstartup_M.o              12
    data_init.o               40
    ----------------------------------------------
    Total:                   138

shb_l.a: [5]
    exit.o                    20
    ----------------------------------------------
    Total:                    20

    Gaps                       6        2
    Linker created                     20    8'192
--------------------------------------------------
    Grand Total:           1'702       26    8'196


*******************************************************************************
*** ENTRY LIST
***

Entry                       Address  Size  Type      Object
-----                       -------  ----  ----      ------
.iar.init_table$$Base    0x800'04dc         --   Gb  - Linker created -
.iar.init_table$$Limit   0x800'04f0         --   Gb  - Linker created -
?main                    0x800'04f1        Code  Gb  cmain.o [4]
CSTACK$$Base            0x2000'0008         --   Gb  - Linker created -
CSTACK$$Limit           0x2000'2008         --   Gb  - Linker created -
EXTI4_IRQHandler         0x800'0241  0x88  Code  Gb  main.o [1]
EXTILine4_Config         0x800'01cf  0x72  Code  Gb  main.o [1]
EXTI_GetITStatus         0x800'0315  0x20  Code  Gb  stm32f4xx_exti.o [1]
GPIO_Config              0x800'0195  0x3a  Code  Gb  main.o [1]
Region$$Table$$Base      0x800'04dc         --   Gb  - Linker created -
Region$$Table$$Limit     0x800'04f0         --   Gb  - Linker created -
SetSysClock              0x800'0383  0xaa  Code  Lc  system_stm32f4xx.o [1]
SystemInit               0x800'033d  0x46  Code  Gb  system_stm32f4xx.o [1]
__cmain                  0x800'04f1        Code  Gb  cmain.o [4]
__exit                   0x800'0525  0x14  Code  Gb  exit.o [5]
__iar_copy_init3         0x800'0461  0x2e  Code  Gb  copy_init3.o [4]
__iar_data_init3         0x800'0491  0x28  Code  Gb  data_init.o [4]
__iar_init_vfp           0x800'04b9        Code  Gb  fpinit_M.o [3]
__iar_program_start      0x800'0549        Code  Gb  cstartup_M.o [4]
__low_level_init         0x800'050f   0x4  Code  Gb  low_level_init.o [2]
__vector_table           0x800'0000        Data  Gb  startup_stm32f4xx.o [1]
_call_main               0x800'04fd        Code  Gb  cmain.o [4]
_exit                    0x800'0519        Code  Gb  cexit.o [4]
_main                    0x800'050b        Code  Gb  cmain.o [4]
count                   0x2000'0000   0x4  Data  Gb  main.o [1]
exit                     0x800'0513   0x4  Code  Gb  exit.o [2]
main                     0x800'0189   0xc  Code  Gb  main.o [1]


[1] = B:\ducda\Documents\IAR\F407\EXTI_register\Debug\Obj
[2] = dl7M_tln.a
[3] = m7M_tls.a
[4] = rt7M_tl.a
[5] = shb_l.a

  1'702 bytes of readonly  code memory
     26 bytes of readonly  data memory
  8'196 bytes of readwrite data memory

Errors: none
Warnings: none
