###############################################################################
#
# IAR ELF Linker V8.40.1.212/W32 for ARM                  17/Oct/2020  09:54:17
# Copyright 2007-2019 IAR Systems AB.
#
#    Output file  =  B:\ducda\Documents\IAR\F407\ADC\Debug\Exe\project0.out
#    Map file     =  B:\ducda\Documents\IAR\F407\ADC\Debug\List\project0.map
#    Command line =
#        -f C:\Users\ducda\AppData\Local\Temp\EW38CB.tmp
#        (B:\ducda\Documents\IAR\F407\ADC\Debug\Obj\Delay.o
#        B:\ducda\Documents\IAR\F407\ADC\Debug\Obj\main.o
#        B:\ducda\Documents\IAR\F407\ADC\Debug\Obj\misc.o
#        B:\ducda\Documents\IAR\F407\ADC\Debug\Obj\startup_stm32f4xx.o
#        B:\ducda\Documents\IAR\F407\ADC\Debug\Obj\stm32f4xx_adc.o
#        B:\ducda\Documents\IAR\F407\ADC\Debug\Obj\stm32f4xx_can.o
#        B:\ducda\Documents\IAR\F407\ADC\Debug\Obj\stm32f4xx_crc.o
#        B:\ducda\Documents\IAR\F407\ADC\Debug\Obj\stm32f4xx_cryp.o
#        B:\ducda\Documents\IAR\F407\ADC\Debug\Obj\stm32f4xx_cryp_aes.o
#        B:\ducda\Documents\IAR\F407\ADC\Debug\Obj\stm32f4xx_cryp_des.o
#        B:\ducda\Documents\IAR\F407\ADC\Debug\Obj\stm32f4xx_cryp_tdes.o
#        B:\ducda\Documents\IAR\F407\ADC\Debug\Obj\stm32f4xx_dac.o
#        B:\ducda\Documents\IAR\F407\ADC\Debug\Obj\stm32f4xx_dbgmcu.o
#        B:\ducda\Documents\IAR\F407\ADC\Debug\Obj\stm32f4xx_dcmi.o
#        B:\ducda\Documents\IAR\F407\ADC\Debug\Obj\stm32f4xx_dma.o
#        B:\ducda\Documents\IAR\F407\ADC\Debug\Obj\stm32f4xx_exti.o
#        B:\ducda\Documents\IAR\F407\ADC\Debug\Obj\stm32f4xx_flash.o
#        B:\ducda\Documents\IAR\F407\ADC\Debug\Obj\stm32f4xx_fsmc.o
#        B:\ducda\Documents\IAR\F407\ADC\Debug\Obj\stm32f4xx_gpio.o
#        B:\ducda\Documents\IAR\F407\ADC\Debug\Obj\stm32f4xx_hash.o
#        B:\ducda\Documents\IAR\F407\ADC\Debug\Obj\stm32f4xx_hash_md5.o
#        B:\ducda\Documents\IAR\F407\ADC\Debug\Obj\stm32f4xx_hash_sha1.o
#        B:\ducda\Documents\IAR\F407\ADC\Debug\Obj\stm32f4xx_i2c.o
#        B:\ducda\Documents\IAR\F407\ADC\Debug\Obj\stm32f4xx_iwdg.o
#        B:\ducda\Documents\IAR\F407\ADC\Debug\Obj\stm32f4xx_pwr.o
#        B:\ducda\Documents\IAR\F407\ADC\Debug\Obj\stm32f4xx_rcc.o
#        B:\ducda\Documents\IAR\F407\ADC\Debug\Obj\stm32f4xx_rng.o
#        B:\ducda\Documents\IAR\F407\ADC\Debug\Obj\stm32f4xx_rtc.o
#        B:\ducda\Documents\IAR\F407\ADC\Debug\Obj\stm32f4xx_sdio.o
#        B:\ducda\Documents\IAR\F407\ADC\Debug\Obj\stm32f4xx_spi.o
#        B:\ducda\Documents\IAR\F407\ADC\Debug\Obj\stm32f4xx_syscfg.o
#        B:\ducda\Documents\IAR\F407\ADC\Debug\Obj\stm32f4xx_tim.o
#        B:\ducda\Documents\IAR\F407\ADC\Debug\Obj\stm32f4xx_usart.o
#        B:\ducda\Documents\IAR\F407\ADC\Debug\Obj\stm32f4xx_wwdg.o
#        B:\ducda\Documents\IAR\F407\ADC\Debug\Obj\system_stm32f4xx.o
#        --no_out_extension -o
#        B:\ducda\Documents\IAR\F407\ADC\Debug\Exe\project0.out --map
#        B:\ducda\Documents\IAR\F407\ADC\Debug\List\project0.map --config
#        "B:\Program Files (x86)\IAR Systems\Embedded Workbench
#        8.3\arm\config\linker\ST\stm32f407xE.icf" --semihosting --entry
#        __iar_program_start --vfe --text_out locale)
#
###############################################################################

*******************************************************************************
*** RUNTIME MODEL ATTRIBUTES
***

CppFlavor       = *
__SystemLibrary = DLib
__dlib_version  = 6


*******************************************************************************
*** HEAP SELECTION
***

The basic heap was selected because no calls to memory allocation
functions were found in the application outside of system library
functions, and there are calls to deallocation functions in the
application.


*******************************************************************************
*** PLACEMENT SUMMARY
***

"A0":  place at address 0x800'0000 { ro section .intvec };
"P1":  place in [from 0x800'0000 to 0x807'ffff] { ro };
define block CSTACK with size = 8K, alignment = 8 { };
define block HEAP with size = 8K, alignment = 8 { };
"P4":  place in [from 0x2000'0000 to 0x2001'bfff] |
                [from 0x2001'c000 to 0x2001'ffff] {
          rw, block CSTACK, block HEAP };
initialize by copy { rw };

No sections matched the following patterns:

  ro section application_specific_ro  in "P2"
  section .backup_sram                in "P5"
  section .ccram                      in "P3"


  Section            Kind         Address    Size  Object
  -------            ----         -------    ----  ------
"A0":                                       0x188
  .intvec            ro code   0x800'0000   0x188  startup_stm32f4xx.o [1]
                             - 0x800'0188   0x188

"P1":                                      0x220c
  .text              ro code   0x800'0188   0xdaa  xprintflarge_nomb.o [2]
  .text              ro code   0x800'0f32    0x2e  copy_init3.o [4]
  .text              ro code   0x800'0f60    0x16  strchr.o [4]
  .text              ro code   0x800'0f78    0x40  xfail_s.o [2]
  .text              ro code   0x800'0fb8    0x36  strlen.o [4]
  .text              ro code   0x800'0ff0    0x58  memchr.o [4]
  .text              ro code   0x800'1048    0xa6  ABImemcpy.o [4]
  .text              ro code   0x800'10f0    0x70  frexp.o [3]
  .text              ro code   0x800'1160   0x246  DblDiv.o [3]
  .text              ro code   0x800'13a8    0x28  DblToU32.o [3]
  .text              ro code   0x800'13d0    0x1a  U32ToDbl.o [3]
  .text              ro code   0x800'13ec    0xe2  DblSub.o [3]
  .text              ro code   0x800'14d0   0x1a2  DblMul.o [3]
  .text              ro code   0x800'1674   0x230  I64DivMod.o [4]
  .text              ro code   0x800'18a4     0x6  abort.o [2]
  .text              ro code   0x800'18ac   0x16a  DblAdd.o [3]
  .text              ro code   0x800'1a18     0x2  I64DivZer.o [4]
  .text              ro code   0x800'1a1c    0x14  exit.o [5]
  .text              ro code   0x800'1a30    0x7c  iarttio.o [5]
  .text              ro code   0x800'1aac    0x3c  XShttio.o [2]
  .text              ro code   0x800'1ae8   0x1c4  stm32f4xx_adc.o [1]
  .text              ro code   0x800'1cac    0x60  stm32f4xx_rcc.o [1]
  .text              ro code   0x800'1d0c   0x124  system_stm32f4xx.o [1]
  .text              ro code   0x800'1e30    0xf4  main.o [1]
  .text              ro code   0x800'1f24    0xc0  stm32f4xx_gpio.o [1]
  .text              ro code   0x800'1fe4    0x28  printf.o [2]
  .text              ro code   0x800'200c    0xa4  Delay.o [1]
  .text              ro code   0x800'20b0    0x28  data_init.o [4]
  .text              ro code   0x800'20d8    0x22  fpinit_M.o [3]
  .text              ro code   0x800'20fa    0x22  iarwrite.o [5]
  .iar.init_table    const     0x800'211c    0x14  - Linker created -
  .text              ro code   0x800'2130    0x20  putchar.o [2]
  .text              ro code   0x800'2150    0x10  write.o [5]
  .text              ro code   0x800'2160    0x1e  dwrite.o [5]
  .text              ro code   0x800'217e    0x20  iarwstd.o [5]
  .text              ro code   0x800'21a0    0x1e  cmain.o [4]
  .text              ro code   0x800'21be     0x4  low_level_init.o [2]
  .text              ro code   0x800'21c2     0x4  exit.o [2]
  .text              ro code   0x800'21c8     0xa  cexit.o [4]
  .text              ro code   0x800'21d2    0x16  xprout.o [2]
  .rodata            const     0x800'21e8    0x10  main.o [1]
  .text              ro code   0x800'21f8    0x10  startup_stm32f4xx.o [1]
  .text              ro code   0x800'2208     0xc  cstartup_M.o [4]
  .text              ro code   0x800'2214     0x4  startup_stm32f4xx.o [1]
  .text              ro code   0x800'2218     0x4  startup_stm32f4xx.o [1]
  .text              ro code   0x800'221c     0x4  startup_stm32f4xx.o [1]
  .text              ro code   0x800'2220     0x4  startup_stm32f4xx.o [1]
  .text              ro code   0x800'2224     0x4  startup_stm32f4xx.o [1]
  .text              ro code   0x800'2228     0x4  startup_stm32f4xx.o [1]
  .text              ro code   0x800'222c     0x4  startup_stm32f4xx.o [1]
  .text              ro code   0x800'2230     0x4  startup_stm32f4xx.o [1]
  .text              ro code   0x800'2234     0x4  startup_stm32f4xx.o [1]
  .text              ro code   0x800'2238     0x4  startup_stm32f4xx.o [1]
  .text              ro code   0x800'223c     0x4  startup_stm32f4xx.o [1]
  .text              ro code   0x800'2240     0x4  startup_stm32f4xx.o [1]
  .text              ro code   0x800'2244     0x4  startup_stm32f4xx.o [1]
  .text              ro code   0x800'2248     0x4  startup_stm32f4xx.o [1]
  .text              ro code   0x800'224c     0x4  startup_stm32f4xx.o [1]
  .text              ro code   0x800'2250     0x4  startup_stm32f4xx.o [1]
  .text              ro code   0x800'2254     0x4  startup_stm32f4xx.o [1]
  .text              ro code   0x800'2258     0x4  startup_stm32f4xx.o [1]
  .text              ro code   0x800'225c     0x4  startup_stm32f4xx.o [1]
  .text              ro code   0x800'2260     0x4  startup_stm32f4xx.o [1]
  .text              ro code   0x800'2264     0x4  startup_stm32f4xx.o [1]
  .text              ro code   0x800'2268     0x4  startup_stm32f4xx.o [1]
  .text              ro code   0x800'226c     0x4  startup_stm32f4xx.o [1]
  .text              ro code   0x800'2270     0x4  startup_stm32f4xx.o [1]
  .text              ro code   0x800'2274     0x4  startup_stm32f4xx.o [1]
  .text              ro code   0x800'2278     0x4  startup_stm32f4xx.o [1]
  .text              ro code   0x800'227c     0x4  startup_stm32f4xx.o [1]
  .text              ro code   0x800'2280     0x4  startup_stm32f4xx.o [1]
  .text              ro code   0x800'2284     0x4  startup_stm32f4xx.o [1]
  .text              ro code   0x800'2288     0x4  startup_stm32f4xx.o [1]
  .text              ro code   0x800'228c     0x4  startup_stm32f4xx.o [1]
  .text              ro code   0x800'2290     0x4  startup_stm32f4xx.o [1]
  .text              ro code   0x800'2294     0x4  startup_stm32f4xx.o [1]
  .text              ro code   0x800'2298     0x4  startup_stm32f4xx.o [1]
  .text              ro code   0x800'229c     0x4  startup_stm32f4xx.o [1]
  .text              ro code   0x800'22a0     0x4  startup_stm32f4xx.o [1]
  .text              ro code   0x800'22a4     0x4  startup_stm32f4xx.o [1]
  .text              ro code   0x800'22a8     0x4  startup_stm32f4xx.o [1]
  .text              ro code   0x800'22ac     0x4  startup_stm32f4xx.o [1]
  .text              ro code   0x800'22b0     0x4  startup_stm32f4xx.o [1]
  .text              ro code   0x800'22b4     0x4  startup_stm32f4xx.o [1]
  .text              ro code   0x800'22b8     0x4  startup_stm32f4xx.o [1]
  .text              ro code   0x800'22bc     0x4  startup_stm32f4xx.o [1]
  .text              ro code   0x800'22c0     0x4  startup_stm32f4xx.o [1]
  .text              ro code   0x800'22c4     0x4  startup_stm32f4xx.o [1]
  .text              ro code   0x800'22c8     0x4  startup_stm32f4xx.o [1]
  .text              ro code   0x800'22cc     0x4  startup_stm32f4xx.o [1]
  .text              ro code   0x800'22d0     0x4  startup_stm32f4xx.o [1]
  .text              ro code   0x800'22d4     0x4  startup_stm32f4xx.o [1]
  .text              ro code   0x800'22d8     0x4  startup_stm32f4xx.o [1]
  .text              ro code   0x800'22dc     0x4  startup_stm32f4xx.o [1]
  .text              ro code   0x800'22e0     0x4  startup_stm32f4xx.o [1]
  .text              ro code   0x800'22e4     0x4  startup_stm32f4xx.o [1]
  .text              ro code   0x800'22e8     0x4  startup_stm32f4xx.o [1]
  .text              ro code   0x800'22ec     0x4  startup_stm32f4xx.o [1]
  .text              ro code   0x800'22f0     0x4  startup_stm32f4xx.o [1]
  .text              ro code   0x800'22f4     0x4  startup_stm32f4xx.o [1]
  .text              ro code   0x800'22f8     0x4  startup_stm32f4xx.o [1]
  .text              ro code   0x800'22fc     0x4  startup_stm32f4xx.o [1]
  .text              ro code   0x800'2300     0x4  startup_stm32f4xx.o [1]
  .text              ro code   0x800'2304     0x4  startup_stm32f4xx.o [1]
  .text              ro code   0x800'2308     0x4  startup_stm32f4xx.o [1]
  .text              ro code   0x800'230c     0x4  startup_stm32f4xx.o [1]
  .text              ro code   0x800'2310     0x4  startup_stm32f4xx.o [1]
  .text              ro code   0x800'2314     0x4  startup_stm32f4xx.o [1]
  .text              ro code   0x800'2318     0x4  startup_stm32f4xx.o [1]
  .text              ro code   0x800'231c     0x4  startup_stm32f4xx.o [1]
  .text              ro code   0x800'2320     0x4  startup_stm32f4xx.o [1]
  .text              ro code   0x800'2324     0x4  startup_stm32f4xx.o [1]
  .text              ro code   0x800'2328     0x4  startup_stm32f4xx.o [1]
  .text              ro code   0x800'232c     0x4  startup_stm32f4xx.o [1]
  .text              ro code   0x800'2330     0x4  startup_stm32f4xx.o [1]
  .text              ro code   0x800'2334     0x4  startup_stm32f4xx.o [1]
  .text              ro code   0x800'2338     0x4  startup_stm32f4xx.o [1]
  .text              ro code   0x800'233c     0x4  startup_stm32f4xx.o [1]
  .text              ro code   0x800'2340     0x4  startup_stm32f4xx.o [1]
  .text              ro code   0x800'2344     0x4  startup_stm32f4xx.o [1]
  .text              ro code   0x800'2348     0x4  startup_stm32f4xx.o [1]
  .text              ro code   0x800'234c     0x4  startup_stm32f4xx.o [1]
  .text              ro code   0x800'2350     0x4  startup_stm32f4xx.o [1]
  .text              ro code   0x800'2354     0x4  startup_stm32f4xx.o [1]
  .text              ro code   0x800'2358     0x4  startup_stm32f4xx.o [1]
  .text              ro code   0x800'235c     0x4  startup_stm32f4xx.o [1]
  .text              ro code   0x800'2360     0x4  startup_stm32f4xx.o [1]
  .text              ro code   0x800'2364     0x4  startup_stm32f4xx.o [1]
  .text              ro code   0x800'2368     0x4  startup_stm32f4xx.o [1]
  .text              ro code   0x800'236c     0x4  startup_stm32f4xx.o [1]
  .text              ro code   0x800'2370     0x4  startup_stm32f4xx.o [1]
  .text              ro code   0x800'2374     0x4  startup_stm32f4xx.o [1]
  .text              ro code   0x800'2378     0x4  startup_stm32f4xx.o [1]
  .rodata            const     0x800'237c     0x0  copy_init3.o [4]
  Initializer bytes  const     0x800'237c    0x18  <for P4 s0>
                             - 0x800'2394  0x220c

"P4", part 1 of 2:                           0x18
  P4 s0                       0x2000'0000    0x18  <Init block>
    .data            inited   0x2000'0000     0x8  XShttio.o [2]
    .data            inited   0x2000'0008     0x4  system_stm32f4xx.o [1]
    .bss             inited   0x2000'000c     0x4  Delay.o [1]
    .bss             inited   0x2000'0010     0x4  xfail_s.o [2]
    .bss             inited   0x2000'0014     0x1  XShttio.o [2]
                            - 0x2000'0018    0x18

"P4", part 2 of 2:                         0x2000
  CSTACK                      0x2000'0018  0x2000  <Block>
    CSTACK           uninit   0x2000'0018  0x2000  <Block tail>
                            - 0x2000'2018  0x2000

Unused ranges:

         From           To      Size
         ----           --      ----
   0x800'2394   0x807'ffff  0x7'dc6c
  0x2000'2018  0x2001'bfff  0x1'9fe8
  0x2001'c000  0x2001'ffff    0x4000


*******************************************************************************
*** INIT TABLE
***

          Address      Size
          -------      ----
Copy (__iar_copy_init3)
    1 source range, total size 0x18 (114% of destination):
           0x800'237c  0x18
    1 destination range, total size 0x15:
          0x2000'0000  0x15



*******************************************************************************
*** MODULE SUMMARY
***

    Module               ro code  ro data  rw data
    ------               -------  -------  -------
command line/config:
    ----------------------------------------------
    Total:

B:\ducda\Documents\IAR\F407\ADC\Debug\Obj: [1]
    Delay.o                  164        4        4
    main.o                   244       16
    startup_stm32f4xx.o      768
    stm32f4xx_adc.o          452
    stm32f4xx_gpio.o         192
    stm32f4xx_rcc.o           96
    system_stm32f4xx.o       292        4        4
    ----------------------------------------------
    Total:                 2'208       24        8

dl7M_tln.a: [2]
    XShttio.o                 60        9        9
    abort.o                    6
    exit.o                     4
    low_level_init.o           4
    printf.o                  40
    putchar.o                 32
    xfail_s.o                 64        4        4
    xprintflarge_nomb.o    3'498
    xprout.o                  22
    ----------------------------------------------
    Total:                 3'730       13       13

m7M_tls.a: [3]
    DblAdd.o                 362
    DblDiv.o                 582
    DblMul.o                 418
    DblSub.o                 226
    DblToU32.o                40
    U32ToDbl.o                26
    fpinit_M.o                34
    frexp.o                  112
    ----------------------------------------------
    Total:                 1'800

rt7M_tl.a: [4]
    ABImemcpy.o              166
    I64DivMod.o              560
    I64DivZer.o                2
    cexit.o                   10
    cmain.o                   30
    copy_init3.o              46
    cstartup_M.o              12
    data_init.o               40
    memchr.o                  88
    strchr.o                  22
    strlen.o                  54
    ----------------------------------------------
    Total:                 1'030

shb_l.a: [5]
    dwrite.o                  30
    exit.o                    20
    iarttio.o                124
    iarwrite.o                34
    iarwstd.o                 32
    write.o                   16
    ----------------------------------------------
    Total:                   256

    Gaps                      24
    Linker created                     23    8'192
--------------------------------------------------
    Grand Total:           9'048       60    8'213


*******************************************************************************
*** ENTRY LIST
***

Entry                       Address   Size  Type      Object
-----                       -------   ----  ----      ------
.iar.init_table$$Base    0x800'211c          --   Gb  - Linker created -
.iar.init_table$$Limit   0x800'2130          --   Gb  - Linker created -
?main                    0x800'21a1         Code  Gb  cmain.o [4]
ADC_Cmd                  0x800'1b8b   0x1a  Code  Gb  stm32f4xx_adc.o [1]
ADC_CommonInit           0x800'1b69   0x22  Code  Gb  stm32f4xx_adc.o [1]
ADC_DeInit               0x800'1ae9   0x18  Code  Gb  stm32f4xx_adc.o [1]
ADC_GetConversionValue   0x800'1c83    0x6  Code  Gb  stm32f4xx_adc.o [1]
ADC_GetFlagStatus        0x800'1c99   0x14  Code  Gb  stm32f4xx_adc.o [1]
ADC_Init                 0x800'1b01   0x4a  Code  Gb  stm32f4xx_adc.o [1]
ADC_RegularChannelConfig
                         0x800'1ba5   0xd4  Code  Gb  stm32f4xx_adc.o [1]
ADC_SoftwareStartConv    0x800'1c79    0xa  Code  Gb  stm32f4xx_adc.o [1]
ADC_StructInit           0x800'1b4b   0x1e  Code  Gb  stm32f4xx_adc.o [1]
CSTACK$$Base            0x2000'0018          --   Gb  - Linker created -
CSTACK$$Limit           0x2000'2018          --   Gb  - Linker created -
Delay                    0x800'205f   0x26  Code  Gb  Delay.o [1]
GPIO_Init                0x800'1f25   0xa8  Code  Gb  stm32f4xx_gpio.o [1]
GPIO_StructInit          0x800'1fcd   0x18  Code  Gb  stm32f4xx_gpio.o [1]
RCC_AHB1PeriphClockCmd   0x800'1cad   0x1c  Code  Gb  stm32f4xx_rcc.o [1]
RCC_APB2PeriphClockCmd   0x800'1cc9   0x1c  Code  Gb  stm32f4xx_rcc.o [1]
RCC_APB2PeriphResetCmd   0x800'1ce5   0x1c  Code  Gb  stm32f4xx_rcc.o [1]
Region$$Table$$Base      0x800'211c          --   Gb  - Linker created -
Region$$Table$$Limit     0x800'2130          --   Gb  - Linker created -
SetSysClock              0x800'1d53   0xaa  Code  Lc  system_stm32f4xx.o [1]
SysTick_Config           0x800'2031   0x2e  Code  Lc  Delay.o [1]
SysTick_Handler          0x800'2085   0x10  Code  Gb  Delay.o [1]
SystemCoreClock         0x2000'0008    0x4  Data  Gb  system_stm32f4xx.o [1]
SystemInit               0x800'1d0d   0x46  Code  Gb  system_stm32f4xx.o [1]
TimingDelay             0x2000'000c    0x4  Data  Lc  Delay.o [1]
_LitobLargeNoMb          0x800'0d07  0x10a  Code  Lc  xprintflarge_nomb.o [2]
_PrintfLargeNoMb         0x800'0189  0xb78  Code  Gb  xprintflarge_nomb.o [2]
_Prout                   0x800'21d3   0x16  Code  Gb  xprout.o [2]
_PutcharLargeNoMb        0x800'0e79   0x20  Code  Lc  xprintflarge_nomb.o [2]
_PutcharsLargeNoMb       0x800'0e99   0x2e  Code  Lc  xprintflarge_nomb.o [2]
__NVIC_SetPriority       0x800'200d   0x24  Code  Lc  Delay.o [1]
__aeabi_d2uiz            0x800'13a9         Code  Gb  DblToU32.o [3]
__aeabi_ddiv             0x800'1161         Code  Gb  DblDiv.o [3]
__aeabi_dmul             0x800'14d1         Code  Gb  DblMul.o [3]
__aeabi_dsub             0x800'13ed         Code  Gb  DblSub.o [3]
__aeabi_ldiv0            0x800'1a19         Code  Gb  I64DivZer.o [4]
__aeabi_memcpy           0x800'1049         Code  Gb  ABImemcpy.o [4]
__aeabi_memcpy4          0x800'1069         Code  Gb  ABImemcpy.o [4]
__aeabi_memcpy8          0x800'1069         Code  Gb  ABImemcpy.o [4]
__aeabi_ui2d             0x800'13d1         Code  Gb  U32ToDbl.o [3]
__aeabi_uldivmod         0x800'1675         Code  Gb  I64DivMod.o [4]
__cmain                  0x800'21a1         Code  Gb  cmain.o [4]
__dwrite                 0x800'2161   0x1e  Code  Gb  dwrite.o [5]
__exit                   0x800'1a1d   0x14  Code  Gb  exit.o [5]
__iar_Fail_s             0x800'0f79   0x1c  Code  Gb  xfail_s.o [2]
__iar_Memchr             0x800'0ff1         Code  Gb  memchr.o [4]
__iar_Strchr             0x800'0f61         Code  Gb  strchr.o [4]
__iar_close_ttio         0x800'1a31   0x2c  Code  Gb  iarttio.o [5]
__iar_copy_init3         0x800'0f33   0x2e  Code  Gb  copy_init3.o [4]
__iar_dadd               0x800'13fd         Code  Gb  DblSub.o [3]
__iar_data_init3         0x800'20b1   0x28  Code  Gb  data_init.o [4]
__iar_dsub               0x800'18ad         Code  Gb  DblAdd.o [3]
__iar_dsubStart          0x800'18bf         Code  Gb  DblAdd.o [3]
__iar_frexp              0x800'10fd         Code  Gb  frexp.o [3]
__iar_frexpl             0x800'10fd         Code  Gb  frexp.o [3]
__iar_get_ttio           0x800'1a5d   0x4c  Code  Gb  iarttio.o [5]
__iar_init_vfp           0x800'20d9         Code  Gb  fpinit_M.o [3]
__iar_lookup_ttioh       0x800'1adb    0x4  Code  Gb  XShttio.o [2]
__iar_program_start      0x800'2209         Code  Gb  cstartup_M.o [4]
__iar_sh_stdout          0x800'217f   0x20  Code  Gb  iarwstd.o [5]
__iar_sh_write           0x800'20fb   0x22  Code  Gb  iarwrite.o [5]
__iar_softfp___iar_frexp64
                         0x800'10f1         Code  Gb  frexp.o [3]
__iar_softfp_frexp       0x800'10f1         Code  Gb  frexp.o [3]
__iar_softfp_frexpl      0x800'10f1         Code  Gb  frexp.o [3]
__iar_ttio_guard_lock    0x800'1aad   0x1e  Code  Gb  XShttio.o [2]
__iar_ttio_guard_unlock
                         0x800'1acb   0x10  Code  Gb  XShttio.o [2]
__iar_ttio_handles      0x2000'0000    0x8  Data  Lc  XShttio.o [2]
__low_level_init         0x800'21bf    0x4  Code  Gb  low_level_init.o [2]
__vector_table           0x800'0000         Data  Gb  startup_stm32f4xx.o [1]
__write                  0x800'2151   0x10  Code  Gb  write.o [5]
_call_main               0x800'21ad         Code  Gb  cmain.o [4]
_exit                    0x800'21c9         Code  Gb  cexit.o [4]
_main                    0x800'21bb         Code  Gb  cmain.o [4]
abort                    0x800'18a5    0x6  Code  Gb  abort.o [2]
adc_init                 0x800'1e55   0x54  Code  Gb  main.o [1]
exit                     0x800'21c3    0x4  Code  Gb  exit.o [2]
leds_init                0x800'1e31   0x24  Code  Gb  main.o [1]
main                     0x800'1ed5   0x3c  Code  Gb  main.o [1]
memchr                   0x800'0ff1         Code  Gb  memchr.o [4]
printf                   0x800'1fe5   0x28  Code  Gb  printf.o [2]
putchar                  0x800'2131   0x20  Code  Gb  putchar.o [2]
readADC1                 0x800'1ea9   0x2c  Code  Gb  main.o [1]
scale                    0x800'0e11   0x46  Code  Lc  xprintflarge_nomb.o [2]
sec_hand                0x2000'0010    0x4  Data  Lc  xfail_s.o [2]
strchr                   0x800'0f61         Code  Gb  strchr.o [4]
strlen                   0x800'0fb9         Code  Gb  strlen.o [4]
ttio_guard              0x2000'0014    0x1  Data  Lc  XShttio.o [2]


[1] = B:\ducda\Documents\IAR\F407\ADC\Debug\Obj
[2] = dl7M_tln.a
[3] = m7M_tls.a
[4] = rt7M_tl.a
[5] = shb_l.a

  9'048 bytes of readonly  code memory
     60 bytes of readonly  data memory
  8'213 bytes of readwrite data memory

Errors: none
Warnings: none
