###############################################################################
#
# IAR ELF Linker V8.40.1.212/W32 for ARM                  14/Oct/2020  13:38:36
# Copyright 2007-2019 IAR Systems AB.
#
#    Output file  =  B:\ducda\Documents\IAR\F407\PWM\Debug\Exe\project0.out
#    Map file     =  B:\ducda\Documents\IAR\F407\PWM\Debug\List\project0.map
#    Command line =
#        -f C:\Users\ducda\AppData\Local\Temp\EW8860.tmp
#        (B:\ducda\Documents\IAR\F407\PWM\Debug\Obj\Delay.o
#        B:\ducda\Documents\IAR\F407\PWM\Debug\Obj\main.o
#        B:\ducda\Documents\IAR\F407\PWM\Debug\Obj\misc.o
#        B:\ducda\Documents\IAR\F407\PWM\Debug\Obj\startup_stm32f4xx.o
#        B:\ducda\Documents\IAR\F407\PWM\Debug\Obj\stm32f4xx_adc.o
#        B:\ducda\Documents\IAR\F407\PWM\Debug\Obj\stm32f4xx_can.o
#        B:\ducda\Documents\IAR\F407\PWM\Debug\Obj\stm32f4xx_crc.o
#        B:\ducda\Documents\IAR\F407\PWM\Debug\Obj\stm32f4xx_cryp.o
#        B:\ducda\Documents\IAR\F407\PWM\Debug\Obj\stm32f4xx_cryp_aes.o
#        B:\ducda\Documents\IAR\F407\PWM\Debug\Obj\stm32f4xx_cryp_des.o
#        B:\ducda\Documents\IAR\F407\PWM\Debug\Obj\stm32f4xx_cryp_tdes.o
#        B:\ducda\Documents\IAR\F407\PWM\Debug\Obj\stm32f4xx_dac.o
#        B:\ducda\Documents\IAR\F407\PWM\Debug\Obj\stm32f4xx_dbgmcu.o
#        B:\ducda\Documents\IAR\F407\PWM\Debug\Obj\stm32f4xx_dcmi.o
#        B:\ducda\Documents\IAR\F407\PWM\Debug\Obj\stm32f4xx_dma.o
#        B:\ducda\Documents\IAR\F407\PWM\Debug\Obj\stm32f4xx_exti.o
#        B:\ducda\Documents\IAR\F407\PWM\Debug\Obj\stm32f4xx_flash.o
#        B:\ducda\Documents\IAR\F407\PWM\Debug\Obj\stm32f4xx_fsmc.o
#        B:\ducda\Documents\IAR\F407\PWM\Debug\Obj\stm32f4xx_gpio.o
#        B:\ducda\Documents\IAR\F407\PWM\Debug\Obj\stm32f4xx_hash.o
#        B:\ducda\Documents\IAR\F407\PWM\Debug\Obj\stm32f4xx_hash_md5.o
#        B:\ducda\Documents\IAR\F407\PWM\Debug\Obj\stm32f4xx_hash_sha1.o
#        B:\ducda\Documents\IAR\F407\PWM\Debug\Obj\stm32f4xx_i2c.o
#        B:\ducda\Documents\IAR\F407\PWM\Debug\Obj\stm32f4xx_iwdg.o
#        B:\ducda\Documents\IAR\F407\PWM\Debug\Obj\stm32f4xx_pwr.o
#        B:\ducda\Documents\IAR\F407\PWM\Debug\Obj\stm32f4xx_rcc.o
#        B:\ducda\Documents\IAR\F407\PWM\Debug\Obj\stm32f4xx_rng.o
#        B:\ducda\Documents\IAR\F407\PWM\Debug\Obj\stm32f4xx_rtc.o
#        B:\ducda\Documents\IAR\F407\PWM\Debug\Obj\stm32f4xx_sdio.o
#        B:\ducda\Documents\IAR\F407\PWM\Debug\Obj\stm32f4xx_spi.o
#        B:\ducda\Documents\IAR\F407\PWM\Debug\Obj\stm32f4xx_syscfg.o
#        B:\ducda\Documents\IAR\F407\PWM\Debug\Obj\stm32f4xx_tim.o
#        B:\ducda\Documents\IAR\F407\PWM\Debug\Obj\stm32f4xx_usart.o
#        B:\ducda\Documents\IAR\F407\PWM\Debug\Obj\stm32f4xx_wwdg.o
#        B:\ducda\Documents\IAR\F407\PWM\Debug\Obj\system_stm32f4xx.o
#        --no_out_extension -o
#        B:\ducda\Documents\IAR\F407\PWM\Debug\Exe\project0.out --map
#        B:\ducda\Documents\IAR\F407\PWM\Debug\List\project0.map --config
#        "B:\Program Files (x86)\IAR Systems\Embedded Workbench
#        8.3\arm\config\linker\ST\stm32f407xE.icf" --semihosting --entry
#        __iar_program_start --vfe --text_out locale)
#
###############################################################################

*******************************************************************************
*** RUNTIME MODEL ATTRIBUTES
***

CppFlavor       = *
__SystemLibrary = DLib
__dlib_version  = 6


*******************************************************************************
*** HEAP SELECTION
***

The basic heap was selected because no calls to memory allocation
functions were found in the application outside of system library
functions, and there are calls to deallocation functions in the
application.


*******************************************************************************
*** PLACEMENT SUMMARY
***

"A0":  place at address 0x800'0000 { ro section .intvec };
"P1":  place in [from 0x800'0000 to 0x807'ffff] { ro };
define block CSTACK with size = 8K, alignment = 8 { };
define block HEAP with size = 8K, alignment = 8 { };
"P4":  place in [from 0x2000'0000 to 0x2001'bfff] |
                [from 0x2001'c000 to 0x2001'ffff] {
          rw, block CSTACK, block HEAP };

No sections matched the following patterns:

  ro section application_specific_ro  in "P2"
  section .backup_sram                in "P5"
  section .ccram                      in "P3"


  Section          Kind         Address    Size  Object
  -------          ----         -------    ----  ------
"A0":                                     0x188
  .intvec          ro code   0x800'0000   0x188  startup_stm32f4xx.o [1]
                           - 0x800'0188   0x188

"P1":                                     0x6c0
  .text            ro code   0x800'0188   0x124  system_stm32f4xx.o [1]
  .text            ro code   0x800'02ac   0x116  stm32f4xx_tim.o [1]
  .text            ro code   0x800'03c2    0x3a  zero_init3.o [4]
  .text            ro code   0x800'03fc    0xfc  stm32f4xx_gpio.o [1]
  .text            ro code   0x800'04f8    0xd2  main.o [1]
  .text            ro code   0x800'05cc    0x40  stm32f4xx_rcc.o [1]
  .text            ro code   0x800'060c    0x28  data_init.o [4]
  .text            ro code   0x800'0634    0x22  fpinit_M.o [3]
  .iar.init_table  const     0x800'0658    0x10  - Linker created -
  .text            ro code   0x800'0668    0x1e  cmain.o [4]
  .text            ro code   0x800'0686     0x4  low_level_init.o [2]
  .text            ro code   0x800'068a     0x4  exit.o [2]
  .text            ro code   0x800'0690     0xa  cexit.o [4]
  .text            ro code   0x800'069c    0x14  exit.o [5]
  .text            ro code   0x800'06b0    0x14  Delay.o [1]
  .text            ro code   0x800'06c4    0x10  startup_stm32f4xx.o [1]
  .text            ro code   0x800'06d4     0xc  cstartup_M.o [4]
  .text            ro code   0x800'06e0     0x4  startup_stm32f4xx.o [1]
  .text            ro code   0x800'06e4     0x4  startup_stm32f4xx.o [1]
  .text            ro code   0x800'06e8     0x4  startup_stm32f4xx.o [1]
  .text            ro code   0x800'06ec     0x4  startup_stm32f4xx.o [1]
  .text            ro code   0x800'06f0     0x4  startup_stm32f4xx.o [1]
  .text            ro code   0x800'06f4     0x4  startup_stm32f4xx.o [1]
  .text            ro code   0x800'06f8     0x4  startup_stm32f4xx.o [1]
  .text            ro code   0x800'06fc     0x4  startup_stm32f4xx.o [1]
  .text            ro code   0x800'0700     0x4  startup_stm32f4xx.o [1]
  .text            ro code   0x800'0704     0x4  startup_stm32f4xx.o [1]
  .text            ro code   0x800'0708     0x4  startup_stm32f4xx.o [1]
  .text            ro code   0x800'070c     0x4  startup_stm32f4xx.o [1]
  .text            ro code   0x800'0710     0x4  startup_stm32f4xx.o [1]
  .text            ro code   0x800'0714     0x4  startup_stm32f4xx.o [1]
  .text            ro code   0x800'0718     0x4  startup_stm32f4xx.o [1]
  .text            ro code   0x800'071c     0x4  startup_stm32f4xx.o [1]
  .text            ro code   0x800'0720     0x4  startup_stm32f4xx.o [1]
  .text            ro code   0x800'0724     0x4  startup_stm32f4xx.o [1]
  .text            ro code   0x800'0728     0x4  startup_stm32f4xx.o [1]
  .text            ro code   0x800'072c     0x4  startup_stm32f4xx.o [1]
  .text            ro code   0x800'0730     0x4  startup_stm32f4xx.o [1]
  .text            ro code   0x800'0734     0x4  startup_stm32f4xx.o [1]
  .text            ro code   0x800'0738     0x4  startup_stm32f4xx.o [1]
  .text            ro code   0x800'073c     0x4  startup_stm32f4xx.o [1]
  .text            ro code   0x800'0740     0x4  startup_stm32f4xx.o [1]
  .text            ro code   0x800'0744     0x4  startup_stm32f4xx.o [1]
  .text            ro code   0x800'0748     0x4  startup_stm32f4xx.o [1]
  .text            ro code   0x800'074c     0x4  startup_stm32f4xx.o [1]
  .text            ro code   0x800'0750     0x4  startup_stm32f4xx.o [1]
  .text            ro code   0x800'0754     0x4  startup_stm32f4xx.o [1]
  .text            ro code   0x800'0758     0x4  startup_stm32f4xx.o [1]
  .text            ro code   0x800'075c     0x4  startup_stm32f4xx.o [1]
  .text            ro code   0x800'0760     0x4  startup_stm32f4xx.o [1]
  .text            ro code   0x800'0764     0x4  startup_stm32f4xx.o [1]
  .text            ro code   0x800'0768     0x4  startup_stm32f4xx.o [1]
  .text            ro code   0x800'076c     0x4  startup_stm32f4xx.o [1]
  .text            ro code   0x800'0770     0x4  startup_stm32f4xx.o [1]
  .text            ro code   0x800'0774     0x4  startup_stm32f4xx.o [1]
  .text            ro code   0x800'0778     0x4  startup_stm32f4xx.o [1]
  .text            ro code   0x800'077c     0x4  startup_stm32f4xx.o [1]
  .text            ro code   0x800'0780     0x4  startup_stm32f4xx.o [1]
  .text            ro code   0x800'0784     0x4  startup_stm32f4xx.o [1]
  .text            ro code   0x800'0788     0x4  startup_stm32f4xx.o [1]
  .text            ro code   0x800'078c     0x4  startup_stm32f4xx.o [1]
  .text            ro code   0x800'0790     0x4  startup_stm32f4xx.o [1]
  .text            ro code   0x800'0794     0x4  startup_stm32f4xx.o [1]
  .text            ro code   0x800'0798     0x4  startup_stm32f4xx.o [1]
  .text            ro code   0x800'079c     0x4  startup_stm32f4xx.o [1]
  .text            ro code   0x800'07a0     0x4  startup_stm32f4xx.o [1]
  .text            ro code   0x800'07a4     0x4  startup_stm32f4xx.o [1]
  .text            ro code   0x800'07a8     0x4  startup_stm32f4xx.o [1]
  .text            ro code   0x800'07ac     0x4  startup_stm32f4xx.o [1]
  .text            ro code   0x800'07b0     0x4  startup_stm32f4xx.o [1]
  .text            ro code   0x800'07b4     0x4  startup_stm32f4xx.o [1]
  .text            ro code   0x800'07b8     0x4  startup_stm32f4xx.o [1]
  .text            ro code   0x800'07bc     0x4  startup_stm32f4xx.o [1]
  .text            ro code   0x800'07c0     0x4  startup_stm32f4xx.o [1]
  .text            ro code   0x800'07c4     0x4  startup_stm32f4xx.o [1]
  .text            ro code   0x800'07c8     0x4  startup_stm32f4xx.o [1]
  .text            ro code   0x800'07cc     0x4  startup_stm32f4xx.o [1]
  .text            ro code   0x800'07d0     0x4  startup_stm32f4xx.o [1]
  .text            ro code   0x800'07d4     0x4  startup_stm32f4xx.o [1]
  .text            ro code   0x800'07d8     0x4  startup_stm32f4xx.o [1]
  .text            ro code   0x800'07dc     0x4  startup_stm32f4xx.o [1]
  .text            ro code   0x800'07e0     0x4  startup_stm32f4xx.o [1]
  .text            ro code   0x800'07e4     0x4  startup_stm32f4xx.o [1]
  .text            ro code   0x800'07e8     0x4  startup_stm32f4xx.o [1]
  .text            ro code   0x800'07ec     0x4  startup_stm32f4xx.o [1]
  .text            ro code   0x800'07f0     0x4  startup_stm32f4xx.o [1]
  .text            ro code   0x800'07f4     0x4  startup_stm32f4xx.o [1]
  .text            ro code   0x800'07f8     0x4  startup_stm32f4xx.o [1]
  .text            ro code   0x800'07fc     0x4  startup_stm32f4xx.o [1]
  .text            ro code   0x800'0800     0x4  startup_stm32f4xx.o [1]
  .text            ro code   0x800'0804     0x4  startup_stm32f4xx.o [1]
  .text            ro code   0x800'0808     0x4  startup_stm32f4xx.o [1]
  .text            ro code   0x800'080c     0x4  startup_stm32f4xx.o [1]
  .text            ro code   0x800'0810     0x4  startup_stm32f4xx.o [1]
  .text            ro code   0x800'0814     0x4  startup_stm32f4xx.o [1]
  .text            ro code   0x800'0818     0x4  startup_stm32f4xx.o [1]
  .text            ro code   0x800'081c     0x4  startup_stm32f4xx.o [1]
  .text            ro code   0x800'0820     0x4  startup_stm32f4xx.o [1]
  .text            ro code   0x800'0824     0x4  startup_stm32f4xx.o [1]
  .text            ro code   0x800'0828     0x4  startup_stm32f4xx.o [1]
  .text            ro code   0x800'082c     0x4  startup_stm32f4xx.o [1]
  .text            ro code   0x800'0830     0x4  startup_stm32f4xx.o [1]
  .text            ro code   0x800'0834     0x4  startup_stm32f4xx.o [1]
  .text            ro code   0x800'0838     0x4  startup_stm32f4xx.o [1]
  .text            ro code   0x800'083c     0x4  startup_stm32f4xx.o [1]
  .text            ro code   0x800'0840     0x4  startup_stm32f4xx.o [1]
  .text            ro code   0x800'0844     0x4  startup_stm32f4xx.o [1]
  .rodata          const     0x800'0848     0x0  zero_init3.o [4]
                           - 0x800'0848   0x6c0

"P4", part 1 of 2:                          0x4
  .bss             zero     0x2000'0000     0x4  Delay.o [1]
                          - 0x2000'0004     0x4

"P4", part 2 of 2:                       0x2000
  CSTACK                    0x2000'0008  0x2000  <Block>
    CSTACK         uninit   0x2000'0008  0x2000  <Block tail>
                          - 0x2000'2008  0x2000

Unused ranges:

         From           To      Size
         ----           --      ----
   0x800'0848   0x807'ffff  0x7'f7b8
  0x2000'0004  0x2000'0007       0x4
  0x2000'2008  0x2001'bfff  0x1'9ff8
  0x2001'c000  0x2001'ffff    0x4000


*******************************************************************************
*** INIT TABLE
***

          Address      Size
          -------      ----
Zero (__iar_zero_init3)
    1 destination range, total size 0x4:
          0x2000'0000   0x4



*******************************************************************************
*** MODULE SUMMARY
***

    Module               ro code  ro data  rw data
    ------               -------  -------  -------
command line/config:
    ----------------------------------------------
    Total:

B:\ducda\Documents\IAR\F407\PWM\Debug\Obj: [1]
    Delay.o                   20                 4
    main.o                   210
    startup_stm32f4xx.o      768
    stm32f4xx_gpio.o         252
    stm32f4xx_rcc.o           64
    stm32f4xx_tim.o          278
    system_stm32f4xx.o       292
    ----------------------------------------------
    Total:                 1'884                 4

dl7M_tln.a: [2]
    exit.o                     4
    low_level_init.o           4
    ----------------------------------------------
    Total:                     8

m7M_tls.a: [3]
    fpinit_M.o                34
    ----------------------------------------------
    Total:                    34

rt7M_tl.a: [4]
    cexit.o                   10
    cmain.o                   30
    cstartup_M.o              12
    data_init.o               40
    zero_init3.o              58
    ----------------------------------------------
    Total:                   150

shb_l.a: [5]
    exit.o                    20
    ----------------------------------------------
    Total:                    20

    Gaps                       6        2
    Linker created                     16    8'192
--------------------------------------------------
    Grand Total:           2'102       18    8'196


*******************************************************************************
*** ENTRY LIST
***

Entry                       Address  Size  Type      Object
-----                       -------  ----  ----      ------
.iar.init_table$$Base    0x800'0658         --   Gb  - Linker created -
.iar.init_table$$Limit   0x800'0668         --   Gb  - Linker created -
?main                    0x800'0669        Code  Gb  cmain.o [4]
CSTACK$$Base            0x2000'0008         --   Gb  - Linker created -
CSTACK$$Limit           0x2000'2008         --   Gb  - Linker created -
GPIO_Init                0x800'03fd  0xa8  Code  Gb  stm32f4xx_gpio.o [1]
GPIO_PinAFConfig         0x800'04a5  0x54  Code  Gb  stm32f4xx_gpio.o [1]
InitializeGPIO           0x800'0549  0x24  Code  Gb  main.o [1]
InitializePWMChannel4    0x800'059d  0x2e  Code  Gb  main.o [1]
InitializeTimer          0x800'056d  0x30  Code  Gb  main.o [1]
RCC_AHB1PeriphClockCmd   0x800'05cd  0x1c  Code  Gb  stm32f4xx_rcc.o [1]
RCC_APB1PeriphClockCmd   0x800'05e9  0x1c  Code  Gb  stm32f4xx_rcc.o [1]
Region$$Table$$Base      0x800'0658         --   Gb  - Linker created -
Region$$Table$$Limit     0x800'0668         --   Gb  - Linker created -
SetSysClock              0x800'01cf  0xaa  Code  Lc  system_stm32f4xx.o [1]
SysTick_Handler          0x800'06b1  0x10  Code  Gb  Delay.o [1]
SystemInit               0x800'0189  0x46  Code  Gb  system_stm32f4xx.o [1]
TIM_Cmd                  0x800'0317  0x1c  Code  Gb  stm32f4xx_tim.o [1]
TIM_OC4Init              0x800'0333  0x62  Code  Gb  stm32f4xx_tim.o [1]
TIM_OC4PreloadConfig     0x800'03b1  0x12  Code  Gb  stm32f4xx_tim.o [1]
TIM_TimeBaseInit         0x800'02ad  0x6a  Code  Gb  stm32f4xx_tim.o [1]
TimingDelay             0x2000'0000   0x4  Data  Lc  Delay.o [1]
__cmain                  0x800'0669        Code  Gb  cmain.o [4]
__exit                   0x800'069d  0x14  Code  Gb  exit.o [5]
__iar_data_init3         0x800'060d  0x28  Code  Gb  data_init.o [4]
__iar_init_vfp           0x800'0635        Code  Gb  fpinit_M.o [3]
__iar_program_start      0x800'06d5        Code  Gb  cstartup_M.o [4]
__iar_zero_init3         0x800'03c3  0x3a  Code  Gb  zero_init3.o [4]
__low_level_init         0x800'0687   0x4  Code  Gb  low_level_init.o [2]
__vector_table           0x800'0000        Data  Gb  startup_stm32f4xx.o [1]
_call_main               0x800'0675        Code  Gb  cmain.o [4]
_exit                    0x800'0691        Code  Gb  cexit.o [4]
_main                    0x800'0683        Code  Gb  cmain.o [4]
exit                     0x800'068b   0x4  Code  Gb  exit.o [2]
main                     0x800'04f9  0x46  Code  Gb  main.o [1]


[1] = B:\ducda\Documents\IAR\F407\PWM\Debug\Obj
[2] = dl7M_tln.a
[3] = m7M_tls.a
[4] = rt7M_tl.a
[5] = shb_l.a

  2'102 bytes of readonly  code memory
     18 bytes of readonly  data memory
  8'196 bytes of readwrite data memory

Errors: none
Warnings: none
