###############################################################################
#
# IAR ELF Linker V8.40.1.212/W32 for ARM                  04/Feb/2021  20:05:56
# Copyright 2007-2019 IAR Systems AB.
#
#    Output file  =
#        B:\ducda\Documents\IAR\F407\1.
#        Project0_register\Debug\Exe\project0.out
#    Map file     =
#        B:\ducda\Documents\IAR\F407\1.
#        Project0_register\Debug\List\project0.map
#    Command line =
#        -f C:\Users\ducda\AppData\Local\Temp\EWFA1D.tmp
#        ("B:\ducda\Documents\IAR\F407\1. Project0_register\Debug\Obj\Delay.o"
#        "B:\ducda\Documents\IAR\F407\1. Project0_register\Debug\Obj\main.o"
#        "B:\ducda\Documents\IAR\F407\1. Project0_register\Debug\Obj\misc.o"
#        "B:\ducda\Documents\IAR\F407\1.
#        Project0_register\Debug\Obj\startup_stm32f4xx.o"
#        "B:\ducda\Documents\IAR\F407\1.
#        Project0_register\Debug\Obj\stm32f4xx_adc.o"
#        "B:\ducda\Documents\IAR\F407\1.
#        Project0_register\Debug\Obj\stm32f4xx_can.o"
#        "B:\ducda\Documents\IAR\F407\1.
#        Project0_register\Debug\Obj\stm32f4xx_crc.o"
#        "B:\ducda\Documents\IAR\F407\1.
#        Project0_register\Debug\Obj\stm32f4xx_cryp.o"
#        "B:\ducda\Documents\IAR\F407\1.
#        Project0_register\Debug\Obj\stm32f4xx_cryp_aes.o"
#        "B:\ducda\Documents\IAR\F407\1.
#        Project0_register\Debug\Obj\stm32f4xx_cryp_des.o"
#        "B:\ducda\Documents\IAR\F407\1.
#        Project0_register\Debug\Obj\stm32f4xx_cryp_tdes.o"
#        "B:\ducda\Documents\IAR\F407\1.
#        Project0_register\Debug\Obj\stm32f4xx_dac.o"
#        "B:\ducda\Documents\IAR\F407\1.
#        Project0_register\Debug\Obj\stm32f4xx_dbgmcu.o"
#        "B:\ducda\Documents\IAR\F407\1.
#        Project0_register\Debug\Obj\stm32f4xx_dcmi.o"
#        "B:\ducda\Documents\IAR\F407\1.
#        Project0_register\Debug\Obj\stm32f4xx_dma.o"
#        "B:\ducda\Documents\IAR\F407\1.
#        Project0_register\Debug\Obj\stm32f4xx_exti.o"
#        "B:\ducda\Documents\IAR\F407\1.
#        Project0_register\Debug\Obj\stm32f4xx_flash.o"
#        "B:\ducda\Documents\IAR\F407\1.
#        Project0_register\Debug\Obj\stm32f4xx_fsmc.o"
#        "B:\ducda\Documents\IAR\F407\1.
#        Project0_register\Debug\Obj\stm32f4xx_gpio.o"
#        "B:\ducda\Documents\IAR\F407\1.
#        Project0_register\Debug\Obj\stm32f4xx_hash.o"
#        "B:\ducda\Documents\IAR\F407\1.
#        Project0_register\Debug\Obj\stm32f4xx_hash_md5.o"
#        "B:\ducda\Documents\IAR\F407\1.
#        Project0_register\Debug\Obj\stm32f4xx_hash_sha1.o"
#        "B:\ducda\Documents\IAR\F407\1.
#        Project0_register\Debug\Obj\stm32f4xx_i2c.o"
#        "B:\ducda\Documents\IAR\F407\1.
#        Project0_register\Debug\Obj\stm32f4xx_iwdg.o"
#        "B:\ducda\Documents\IAR\F407\1.
#        Project0_register\Debug\Obj\stm32f4xx_pwr.o"
#        "B:\ducda\Documents\IAR\F407\1.
#        Project0_register\Debug\Obj\stm32f4xx_rcc.o"
#        "B:\ducda\Documents\IAR\F407\1.
#        Project0_register\Debug\Obj\stm32f4xx_rng.o"
#        "B:\ducda\Documents\IAR\F407\1.
#        Project0_register\Debug\Obj\stm32f4xx_rtc.o"
#        "B:\ducda\Documents\IAR\F407\1.
#        Project0_register\Debug\Obj\stm32f4xx_sdio.o"
#        "B:\ducda\Documents\IAR\F407\1.
#        Project0_register\Debug\Obj\stm32f4xx_spi.o"
#        "B:\ducda\Documents\IAR\F407\1.
#        Project0_register\Debug\Obj\stm32f4xx_syscfg.o"
#        "B:\ducda\Documents\IAR\F407\1.
#        Project0_register\Debug\Obj\stm32f4xx_tim.o"
#        "B:\ducda\Documents\IAR\F407\1.
#        Project0_register\Debug\Obj\stm32f4xx_usart.o"
#        "B:\ducda\Documents\IAR\F407\1.
#        Project0_register\Debug\Obj\stm32f4xx_wwdg.o"
#        "B:\ducda\Documents\IAR\F407\1.
#        Project0_register\Debug\Obj\system_stm32f4xx.o" --no_out_extension -o
#        "B:\ducda\Documents\IAR\F407\1.
#        Project0_register\Debug\Exe\project0.out" --map
#        "B:\ducda\Documents\IAR\F407\1.
#        Project0_register\Debug\List\project0.map" --config "B:\Program Files
#        (x86)\IAR Systems\Embedded Workbench
#        8.3\arm\config\linker\ST\stm32f407xE.icf" --semihosting --entry
#        __iar_program_start --vfe --text_out locale)
#
###############################################################################

*******************************************************************************
*** RUNTIME MODEL ATTRIBUTES
***

CppFlavor       = *
__SystemLibrary = DLib
__dlib_version  = 6


*******************************************************************************
*** HEAP SELECTION
***

The basic heap was selected because no calls to memory allocation
functions were found in the application outside of system library
functions, and there are calls to deallocation functions in the
application.


*******************************************************************************
*** PLACEMENT SUMMARY
***

"A0":  place at address 0x800'0000 { ro section .intvec };
"P1":  place in [from 0x800'0000 to 0x807'ffff] { ro };
define block CSTACK with size = 8K, alignment = 8 { };
define block HEAP with size = 8K, alignment = 8 { };
"P4":  place in [from 0x2000'0000 to 0x2001'bfff] |
                [from 0x2001'c000 to 0x2001'ffff] {
          rw, block CSTACK, block HEAP };

No sections matched the following patterns:

  ro section application_specific_ro  in "P2"
  rw                                  in "P4"
  section .backup_sram                in "P5"
  section .ccram                      in "P3"


  Section   Kind         Address    Size  Object
  -------   ----         -------    ----  ------
"A0":                              0x188
  .intvec   ro code   0x800'0000   0x188  startup_stm32f4xx.o [1]
                    - 0x800'0188   0x188

"P1":                              0x3b4
  .text     ro code   0x800'0188   0x124  system_stm32f4xx.o [1]
  .text     ro code   0x800'02ac    0x68  main.o [1]
  .text     ro code   0x800'0314    0x34  Delay.o [1]
  .text     ro code   0x800'0348    0x22  fpinit_M.o [3]
  .text     ro code   0x800'036c    0x1e  cmain.o [4]
  .text     ro code   0x800'038a     0x4  low_level_init.o [2]
  .text     ro code   0x800'038e     0x4  exit.o [2]
  .text     ro code   0x800'0394     0xa  cexit.o [4]
  .text     ro code   0x800'03a0    0x14  exit.o [5]
  .text     ro code   0x800'03b4    0x10  startup_stm32f4xx.o [1]
  .text     ro code   0x800'03c4     0xc  cstartup_M.o [4]
  .text     ro code   0x800'03d0     0x4  startup_stm32f4xx.o [1]
  .text     ro code   0x800'03d4     0x4  startup_stm32f4xx.o [1]
  .text     ro code   0x800'03d8     0x4  startup_stm32f4xx.o [1]
  .text     ro code   0x800'03dc     0x4  startup_stm32f4xx.o [1]
  .text     ro code   0x800'03e0     0x4  startup_stm32f4xx.o [1]
  .text     ro code   0x800'03e4     0x4  startup_stm32f4xx.o [1]
  .text     ro code   0x800'03e8     0x4  startup_stm32f4xx.o [1]
  .text     ro code   0x800'03ec     0x4  startup_stm32f4xx.o [1]
  .text     ro code   0x800'03f0     0x4  startup_stm32f4xx.o [1]
  .text     ro code   0x800'03f4     0x4  startup_stm32f4xx.o [1]
  .text     ro code   0x800'03f8     0x4  startup_stm32f4xx.o [1]
  .text     ro code   0x800'03fc     0x4  startup_stm32f4xx.o [1]
  .text     ro code   0x800'0400     0x4  startup_stm32f4xx.o [1]
  .text     ro code   0x800'0404     0x4  startup_stm32f4xx.o [1]
  .text     ro code   0x800'0408     0x4  startup_stm32f4xx.o [1]
  .text     ro code   0x800'040c     0x4  startup_stm32f4xx.o [1]
  .text     ro code   0x800'0410     0x4  startup_stm32f4xx.o [1]
  .text     ro code   0x800'0414     0x4  startup_stm32f4xx.o [1]
  .text     ro code   0x800'0418     0x4  startup_stm32f4xx.o [1]
  .text     ro code   0x800'041c     0x4  startup_stm32f4xx.o [1]
  .text     ro code   0x800'0420     0x4  startup_stm32f4xx.o [1]
  .text     ro code   0x800'0424     0x4  startup_stm32f4xx.o [1]
  .text     ro code   0x800'0428     0x4  startup_stm32f4xx.o [1]
  .text     ro code   0x800'042c     0x4  startup_stm32f4xx.o [1]
  .text     ro code   0x800'0430     0x4  startup_stm32f4xx.o [1]
  .text     ro code   0x800'0434     0x4  startup_stm32f4xx.o [1]
  .text     ro code   0x800'0438     0x4  startup_stm32f4xx.o [1]
  .text     ro code   0x800'043c     0x4  startup_stm32f4xx.o [1]
  .text     ro code   0x800'0440     0x4  startup_stm32f4xx.o [1]
  .text     ro code   0x800'0444     0x4  startup_stm32f4xx.o [1]
  .text     ro code   0x800'0448     0x4  startup_stm32f4xx.o [1]
  .text     ro code   0x800'044c     0x4  startup_stm32f4xx.o [1]
  .text     ro code   0x800'0450     0x4  startup_stm32f4xx.o [1]
  .text     ro code   0x800'0454     0x4  startup_stm32f4xx.o [1]
  .text     ro code   0x800'0458     0x4  startup_stm32f4xx.o [1]
  .text     ro code   0x800'045c     0x4  startup_stm32f4xx.o [1]
  .text     ro code   0x800'0460     0x4  startup_stm32f4xx.o [1]
  .text     ro code   0x800'0464     0x4  startup_stm32f4xx.o [1]
  .text     ro code   0x800'0468     0x4  startup_stm32f4xx.o [1]
  .text     ro code   0x800'046c     0x4  startup_stm32f4xx.o [1]
  .text     ro code   0x800'0470     0x4  startup_stm32f4xx.o [1]
  .text     ro code   0x800'0474     0x4  startup_stm32f4xx.o [1]
  .text     ro code   0x800'0478     0x4  startup_stm32f4xx.o [1]
  .text     ro code   0x800'047c     0x4  startup_stm32f4xx.o [1]
  .text     ro code   0x800'0480     0x4  startup_stm32f4xx.o [1]
  .text     ro code   0x800'0484     0x4  startup_stm32f4xx.o [1]
  .text     ro code   0x800'0488     0x4  startup_stm32f4xx.o [1]
  .text     ro code   0x800'048c     0x4  startup_stm32f4xx.o [1]
  .text     ro code   0x800'0490     0x4  startup_stm32f4xx.o [1]
  .text     ro code   0x800'0494     0x4  startup_stm32f4xx.o [1]
  .text     ro code   0x800'0498     0x4  startup_stm32f4xx.o [1]
  .text     ro code   0x800'049c     0x4  startup_stm32f4xx.o [1]
  .text     ro code   0x800'04a0     0x4  startup_stm32f4xx.o [1]
  .text     ro code   0x800'04a4     0x4  startup_stm32f4xx.o [1]
  .text     ro code   0x800'04a8     0x4  startup_stm32f4xx.o [1]
  .text     ro code   0x800'04ac     0x4  startup_stm32f4xx.o [1]
  .text     ro code   0x800'04b0     0x4  startup_stm32f4xx.o [1]
  .text     ro code   0x800'04b4     0x4  startup_stm32f4xx.o [1]
  .text     ro code   0x800'04b8     0x4  startup_stm32f4xx.o [1]
  .text     ro code   0x800'04bc     0x4  startup_stm32f4xx.o [1]
  .text     ro code   0x800'04c0     0x4  startup_stm32f4xx.o [1]
  .text     ro code   0x800'04c4     0x4  startup_stm32f4xx.o [1]
  .text     ro code   0x800'04c8     0x4  startup_stm32f4xx.o [1]
  .text     ro code   0x800'04cc     0x4  startup_stm32f4xx.o [1]
  .text     ro code   0x800'04d0     0x4  startup_stm32f4xx.o [1]
  .text     ro code   0x800'04d4     0x4  startup_stm32f4xx.o [1]
  .text     ro code   0x800'04d8     0x4  startup_stm32f4xx.o [1]
  .text     ro code   0x800'04dc     0x4  startup_stm32f4xx.o [1]
  .text     ro code   0x800'04e0     0x4  startup_stm32f4xx.o [1]
  .text     ro code   0x800'04e4     0x4  startup_stm32f4xx.o [1]
  .text     ro code   0x800'04e8     0x4  startup_stm32f4xx.o [1]
  .text     ro code   0x800'04ec     0x4  startup_stm32f4xx.o [1]
  .text     ro code   0x800'04f0     0x4  startup_stm32f4xx.o [1]
  .text     ro code   0x800'04f4     0x4  startup_stm32f4xx.o [1]
  .text     ro code   0x800'04f8     0x4  startup_stm32f4xx.o [1]
  .text     ro code   0x800'04fc     0x4  startup_stm32f4xx.o [1]
  .text     ro code   0x800'0500     0x4  startup_stm32f4xx.o [1]
  .text     ro code   0x800'0504     0x4  startup_stm32f4xx.o [1]
  .text     ro code   0x800'0508     0x4  startup_stm32f4xx.o [1]
  .text     ro code   0x800'050c     0x4  startup_stm32f4xx.o [1]
  .text     ro code   0x800'0510     0x4  startup_stm32f4xx.o [1]
  .text     ro code   0x800'0514     0x4  startup_stm32f4xx.o [1]
  .text     ro code   0x800'0518     0x4  startup_stm32f4xx.o [1]
  .text     ro code   0x800'051c     0x4  startup_stm32f4xx.o [1]
  .text     ro code   0x800'0520     0x4  startup_stm32f4xx.o [1]
  .text     ro code   0x800'0524     0x4  startup_stm32f4xx.o [1]
  .text     ro code   0x800'0528     0x4  startup_stm32f4xx.o [1]
  .text     ro code   0x800'052c     0x4  startup_stm32f4xx.o [1]
  .text     ro code   0x800'0530     0x4  startup_stm32f4xx.o [1]
  .text     ro code   0x800'0534     0x4  startup_stm32f4xx.o [1]
  .text     ro code   0x800'0538     0x4  startup_stm32f4xx.o [1]
                    - 0x800'053c   0x3b4

"P4":                             0x2000
  CSTACK             0x2000'0000  0x2000  <Block>
    CSTACK  uninit   0x2000'0000  0x2000  <Block tail>
                   - 0x2000'2000  0x2000

Unused ranges:

         From           To      Size
         ----           --      ----
   0x800'053c   0x807'ffff  0x7'fac4
  0x2000'2000  0x2001'bfff  0x1'a000
  0x2001'c000  0x2001'ffff    0x4000



*******************************************************************************
*** MODULE SUMMARY
***

    Module               ro code  rw data
    ------               -------  -------
command line/config:
    -------------------------------------
    Total:

B:\ducda\Documents\IAR\F407\1. Project0_register\Debug\Obj: [1]
    Delay.o                   52
    main.o                   104
    startup_stm32f4xx.o      772
    system_stm32f4xx.o       292
    -------------------------------------
    Total:                 1'220

dl7M_tln.a: [2]
    exit.o                     4
    low_level_init.o           4
    -------------------------------------
    Total:                     8

m7M_tls.a: [3]
    fpinit_M.o                34
    -------------------------------------
    Total:                    34

rt7M_tl.a: [4]
    cexit.o                   10
    cmain.o                   30
    cstartup_M.o              12
    -------------------------------------
    Total:                    52

shb_l.a: [5]
    exit.o                    20
    -------------------------------------
    Total:                    20

    Gaps                       6
    Linker created                  8'192
-----------------------------------------
    Grand Total:           1'340    8'192


*******************************************************************************
*** ENTRY LIST
***

Entry                     Address  Size  Type      Object
-----                     -------  ----  ----      ------
?main                  0x800'036d        Code  Gb  cmain.o [4]
CSTACK$$Base          0x2000'0000         --   Gb  - Linker created -
CSTACK$$Limit         0x2000'2000         --   Gb  - Linker created -
Delay                  0x800'0315  0x22  Code  Gb  Delay.o [1]
GPIO_Config            0x800'02c7  0x34  Code  Gb  main.o [1]
Region$$Table$$Base           0x0         --   Gb  - Linker created -
Region$$Table$$Limit          0x0         --   Gb  - Linker created -
SetSysClock            0x800'01cf  0xaa  Code  Lc  system_stm32f4xx.o [1]
SystemInit             0x800'0189  0x46  Code  Gb  system_stm32f4xx.o [1]
__cmain                0x800'036d        Code  Gb  cmain.o [4]
__exit                 0x800'03a1  0x14  Code  Gb  exit.o [5]
__iar_init_vfp         0x800'0349        Code  Gb  fpinit_M.o [3]
__iar_program_start    0x800'03c5        Code  Gb  cstartup_M.o [4]
__low_level_init       0x800'038b   0x4  Code  Gb  low_level_init.o [2]
__vector_table         0x800'0000        Data  Gb  startup_stm32f4xx.o [1]
_call_main             0x800'0379        Code  Gb  cmain.o [4]
_exit                  0x800'0395        Code  Gb  cexit.o [4]
_main                  0x800'0387        Code  Gb  cmain.o [4]
exit                   0x800'038f   0x4  Code  Gb  exit.o [2]
main                   0x800'02ad  0x1a  Code  Gb  main.o [1]


[1] = B:\ducda\Documents\IAR\F407\1. Project0_register\Debug\Obj
[2] = dl7M_tln.a
[3] = m7M_tls.a
[4] = rt7M_tl.a
[5] = shb_l.a

  1'340 bytes of readonly  code memory
  8'192 bytes of readwrite data memory

Errors: none
Warnings: none
